[1.182s] Invoking command in '/home/swati/Motion_Planning/MP_for_AV/src/MP_for_AV/vd_global_planner': PYTHONPATH=/home/swati/Motion_Planning/MP_for_AV/src/MP_for_AV/build/vd_global_planner/prefix_override:/usr/lib/python3/dist-packages/colcon_core/task/python/colcon_distutils_commands:/home/swati/Motion_Planning/MP_for_AV/src/MP_for_AV/install/vd_global_planner/lib/python3.10/site-packages:${PYTHONPATH} /usr/bin/python3 -W ignore:setup.py install is deprecated setup.py egg_info --egg-base ../build/vd_global_planner build --build-base /home/swati/Motion_Planning/MP_for_AV/src/MP_for_AV/build/vd_global_planner/build install --record /home/swati/Motion_Planning/MP_for_AV/src/MP_for_AV/build/vd_global_planner/install.log --single-version-externally-managed install_data
[1.285s] /home/swati/.local/lib/python3.10/site-packages/setuptools/_distutils/dist.py:261: UserWarning: Unknown distribution option: 'tests_require'
[1.285s]   warnings.warn(msg)
[1.379s] running egg_info
[1.390s] creating ../build/vd_global_planner/vd_global_planner.egg-info
[1.390s] writing ../build/vd_global_planner/vd_global_planner.egg-info/PKG-INFO
[1.391s] writing dependency_links to ../build/vd_global_planner/vd_global_planner.egg-info/dependency_links.txt
[1.391s] writing entry points to ../build/vd_global_planner/vd_global_planner.egg-info/entry_points.txt
[1.391s] writing requirements to ../build/vd_global_planner/vd_global_planner.egg-info/requires.txt
[1.391s] writing top-level names to ../build/vd_global_planner/vd_global_planner.egg-info/top_level.txt
[1.391s] writing manifest file '../build/vd_global_planner/vd_global_planner.egg-info/SOURCES.txt'
[1.422s] reading manifest file '../build/vd_global_planner/vd_global_planner.egg-info/SOURCES.txt'
[1.423s] adding license file 'LICENSE'
[1.423s] writing manifest file '../build/vd_global_planner/vd_global_planner.egg-info/SOURCES.txt'
[1.423s] running build
[1.424s] running build_py
[1.424s] creating /home/swati/Motion_Planning/MP_for_AV/src/MP_for_AV/build/vd_global_planner/build/lib/vd_global_planner
[1.424s] copying vd_global_planner/a_star_node.py -> /home/swati/Motion_Planning/MP_for_AV/src/MP_for_AV/build/vd_global_planner/build/lib/vd_global_planner
[1.424s] copying vd_global_planner/plot_state_lattice_plot.py -> /home/swati/Motion_Planning/MP_for_AV/src/MP_for_AV/build/vd_global_planner/build/lib/vd_global_planner
[1.424s] copying vd_global_planner/a_star.py -> /home/swati/Motion_Planning/MP_for_AV/src/MP_for_AV/build/vd_global_planner/build/lib/vd_global_planner
[1.425s] copying vd_global_planner/traj_opt.py -> /home/swati/Motion_Planning/MP_for_AV/src/MP_for_AV/build/vd_global_planner/build/lib/vd_global_planner
[1.425s] copying vd_global_planner/__init__.py -> /home/swati/Motion_Planning/MP_for_AV/src/MP_for_AV/build/vd_global_planner/build/lib/vd_global_planner
[1.425s] copying vd_global_planner/test_traj_opt.py -> /home/swati/Motion_Planning/MP_for_AV/src/MP_for_AV/build/vd_global_planner/build/lib/vd_global_planner
[1.425s] copying vd_global_planner/carla_utils.py -> /home/swati/Motion_Planning/MP_for_AV/src/MP_for_AV/build/vd_global_planner/build/lib/vd_global_planner
[1.425s] copying vd_global_planner/trajetory_optimization.py -> /home/swati/Motion_Planning/MP_for_AV/src/MP_for_AV/build/vd_global_planner/build/lib/vd_global_planner
[1.425s] running install
[1.428s] running install_lib
[1.438s] creating /home/swati/Motion_Planning/MP_for_AV/src/MP_for_AV/install/vd_global_planner/lib/python3.10/site-packages/vd_global_planner
[1.439s] copying /home/swati/Motion_Planning/MP_for_AV/src/MP_for_AV/build/vd_global_planner/build/lib/vd_global_planner/a_star_node.py -> /home/swati/Motion_Planning/MP_for_AV/src/MP_for_AV/install/vd_global_planner/lib/python3.10/site-packages/vd_global_planner
[1.439s] copying /home/swati/Motion_Planning/MP_for_AV/src/MP_for_AV/build/vd_global_planner/build/lib/vd_global_planner/plot_state_lattice_plot.py -> /home/swati/Motion_Planning/MP_for_AV/src/MP_for_AV/install/vd_global_planner/lib/python3.10/site-packages/vd_global_planner
[1.439s] copying /home/swati/Motion_Planning/MP_for_AV/src/MP_for_AV/build/vd_global_planner/build/lib/vd_global_planner/a_star.py -> /home/swati/Motion_Planning/MP_for_AV/src/MP_for_AV/install/vd_global_planner/lib/python3.10/site-packages/vd_global_planner
[1.439s] copying /home/swati/Motion_Planning/MP_for_AV/src/MP_for_AV/build/vd_global_planner/build/lib/vd_global_planner/traj_opt.py -> /home/swati/Motion_Planning/MP_for_AV/src/MP_for_AV/install/vd_global_planner/lib/python3.10/site-packages/vd_global_planner
[1.440s] copying /home/swati/Motion_Planning/MP_for_AV/src/MP_for_AV/build/vd_global_planner/build/lib/vd_global_planner/__init__.py -> /home/swati/Motion_Planning/MP_for_AV/src/MP_for_AV/install/vd_global_planner/lib/python3.10/site-packages/vd_global_planner
[1.440s] copying /home/swati/Motion_Planning/MP_for_AV/src/MP_for_AV/build/vd_global_planner/build/lib/vd_global_planner/test_traj_opt.py -> /home/swati/Motion_Planning/MP_for_AV/src/MP_for_AV/install/vd_global_planner/lib/python3.10/site-packages/vd_global_planner
[1.440s] copying /home/swati/Motion_Planning/MP_for_AV/src/MP_for_AV/build/vd_global_planner/build/lib/vd_global_planner/carla_utils.py -> /home/swati/Motion_Planning/MP_for_AV/src/MP_for_AV/install/vd_global_planner/lib/python3.10/site-packages/vd_global_planner
[1.440s] copying /home/swati/Motion_Planning/MP_for_AV/src/MP_for_AV/build/vd_global_planner/build/lib/vd_global_planner/trajetory_optimization.py -> /home/swati/Motion_Planning/MP_for_AV/src/MP_for_AV/install/vd_global_planner/lib/python3.10/site-packages/vd_global_planner
[1.440s] byte-compiling /home/swati/Motion_Planning/MP_for_AV/src/MP_for_AV/install/vd_global_planner/lib/python3.10/site-packages/vd_global_planner/a_star_node.py to a_star_node.cpython-310.pyc
[1.442s] byte-compiling /home/swati/Motion_Planning/MP_for_AV/src/MP_for_AV/install/vd_global_planner/lib/python3.10/site-packages/vd_global_planner/plot_state_lattice_plot.py to plot_state_lattice_plot.cpython-310.pyc
[1.442s] byte-compiling /home/swati/Motion_Planning/MP_for_AV/src/MP_for_AV/install/vd_global_planner/lib/python3.10/site-packages/vd_global_planner/a_star.py to a_star.cpython-310.pyc
[1.444s] byte-compiling /home/swati/Motion_Planning/MP_for_AV/src/MP_for_AV/install/vd_global_planner/lib/python3.10/site-packages/vd_global_planner/traj_opt.py to traj_opt.cpython-310.pyc
[1.445s] byte-compiling /home/swati/Motion_Planning/MP_for_AV/src/MP_for_AV/install/vd_global_planner/lib/python3.10/site-packages/vd_global_planner/__init__.py to __init__.cpython-310.pyc
[1.445s] byte-compiling /home/swati/Motion_Planning/MP_for_AV/src/MP_for_AV/install/vd_global_planner/lib/python3.10/site-packages/vd_global_planner/test_traj_opt.py to test_traj_opt.cpython-310.pyc
[1.445s] byte-compiling /home/swati/Motion_Planning/MP_for_AV/src/MP_for_AV/install/vd_global_planner/lib/python3.10/site-packages/vd_global_planner/carla_utils.py to carla_utils.cpython-310.pyc
[1.445s] byte-compiling /home/swati/Motion_Planning/MP_for_AV/src/MP_for_AV/install/vd_global_planner/lib/python3.10/site-packages/vd_global_planner/trajetory_optimization.py to trajetory_optimization.cpython-310.pyc
[1.446s] running install_data
[1.446s] creating /home/swati/Motion_Planning/MP_for_AV/src/MP_for_AV/install/vd_global_planner/share/ament_index/resource_index/packages
[1.446s] copying resource/vd_global_planner -> /home/swati/Motion_Planning/MP_for_AV/src/MP_for_AV/install/vd_global_planner/share/ament_index/resource_index/packages
[1.446s] copying package.xml -> /home/swati/Motion_Planning/MP_for_AV/src/MP_for_AV/install/vd_global_planner/share/vd_global_planner
[1.446s] creating /home/swati/Motion_Planning/MP_for_AV/src/MP_for_AV/install/vd_global_planner/share/vd_global_planner/launch
[1.446s] copying launch/sim_launch.py -> /home/swati/Motion_Planning/MP_for_AV/src/MP_for_AV/install/vd_global_planner/share/vd_global_planner/launch
[1.446s] running install_egg_info
[1.458s] Copying ../build/vd_global_planner/vd_global_planner.egg-info to /home/swati/Motion_Planning/MP_for_AV/src/MP_for_AV/install/vd_global_planner/lib/python3.10/site-packages/vd_global_planner-0.0.0-py3.10.egg-info
[1.458s] running install_scripts
[1.545s] Installing vd_golbal_planner script to /home/swati/Motion_Planning/MP_for_AV/src/MP_for_AV/install/vd_global_planner/lib/vd_global_planner
[1.546s] writing list of installed files to '/home/swati/Motion_Planning/MP_for_AV/src/MP_for_AV/build/vd_global_planner/install.log'
[1.571s] Invoked command in '/home/swati/Motion_Planning/MP_for_AV/src/MP_for_AV/vd_global_planner' returned '0': PYTHONPATH=/home/swati/Motion_Planning/MP_for_AV/src/MP_for_AV/build/vd_global_planner/prefix_override:/usr/lib/python3/dist-packages/colcon_core/task/python/colcon_distutils_commands:/home/swati/Motion_Planning/MP_for_AV/src/MP_for_AV/install/vd_global_planner/lib/python3.10/site-packages:${PYTHONPATH} /usr/bin/python3 -W ignore:setup.py install is deprecated setup.py egg_info --egg-base ../build/vd_global_planner build --build-base /home/swati/Motion_Planning/MP_for_AV/src/MP_for_AV/build/vd_global_planner/build install --record /home/swati/Motion_Planning/MP_for_AV/src/MP_for_AV/build/vd_global_planner/install.log --single-version-externally-managed install_data
