[1.159s] Invoking command in '/home/swati/Motion_Planning/MP_for_AV/src/MP_for_AV/vd_data_saver': PYTHONPATH=/home/swati/Motion_Planning/MP_for_AV/src/MP_for_AV/build/vd_data_saver/prefix_override:/usr/lib/python3/dist-packages/colcon_core/task/python/colcon_distutils_commands:/home/swati/Motion_Planning/MP_for_AV/src/MP_for_AV/install/vd_data_saver/lib/python3.10/site-packages:${PYTHONPATH} /usr/bin/python3 -W ignore:setup.py install is deprecated setup.py egg_info --egg-base ../build/vd_data_saver build --build-base /home/swati/Motion_Planning/MP_for_AV/src/MP_for_AV/build/vd_data_saver/build install --record /home/swati/Motion_Planning/MP_for_AV/src/MP_for_AV/build/vd_data_saver/install.log --single-version-externally-managed install_data
[1.266s] /home/swati/.local/lib/python3.10/site-packages/setuptools/_distutils/dist.py:261: UserWarning: Unknown distribution option: 'tests_require'
[1.266s]   warnings.warn(msg)
[1.348s] running egg_info
[1.358s] creating ../build/vd_data_saver/vd_data_saver.egg-info
[1.358s] writing ../build/vd_data_saver/vd_data_saver.egg-info/PKG-INFO
[1.359s] writing dependency_links to ../build/vd_data_saver/vd_data_saver.egg-info/dependency_links.txt
[1.359s] writing entry points to ../build/vd_data_saver/vd_data_saver.egg-info/entry_points.txt
[1.359s] writing requirements to ../build/vd_data_saver/vd_data_saver.egg-info/requires.txt
[1.359s] writing top-level names to ../build/vd_data_saver/vd_data_saver.egg-info/top_level.txt
[1.359s] writing manifest file '../build/vd_data_saver/vd_data_saver.egg-info/SOURCES.txt'
[1.391s] reading manifest file '../build/vd_data_saver/vd_data_saver.egg-info/SOURCES.txt'
[1.392s] adding license file 'LICENSE'
[1.392s] writing manifest file '../build/vd_data_saver/vd_data_saver.egg-info/SOURCES.txt'
[1.393s] running build
[1.393s] running build_py
[1.393s] creating /home/swati/Motion_Planning/MP_for_AV/src/MP_for_AV/build/vd_data_saver/build/lib/vd_data_saver
[1.393s] copying vd_data_saver/plot_graphs.py -> /home/swati/Motion_Planning/MP_for_AV/src/MP_for_AV/build/vd_data_saver/build/lib/vd_data_saver
[1.393s] copying vd_data_saver/data_saver_node.py -> /home/swati/Motion_Planning/MP_for_AV/src/MP_for_AV/build/vd_data_saver/build/lib/vd_data_saver
[1.393s] copying vd_data_saver/__init__.py -> /home/swati/Motion_Planning/MP_for_AV/src/MP_for_AV/build/vd_data_saver/build/lib/vd_data_saver
[1.394s] running install
[1.396s] running install_lib
[1.407s] creating /home/swati/Motion_Planning/MP_for_AV/src/MP_for_AV/install/vd_data_saver/lib/python3.10/site-packages/vd_data_saver
[1.407s] copying /home/swati/Motion_Planning/MP_for_AV/src/MP_for_AV/build/vd_data_saver/build/lib/vd_data_saver/plot_graphs.py -> /home/swati/Motion_Planning/MP_for_AV/src/MP_for_AV/install/vd_data_saver/lib/python3.10/site-packages/vd_data_saver
[1.407s] copying /home/swati/Motion_Planning/MP_for_AV/src/MP_for_AV/build/vd_data_saver/build/lib/vd_data_saver/data_saver_node.py -> /home/swati/Motion_Planning/MP_for_AV/src/MP_for_AV/install/vd_data_saver/lib/python3.10/site-packages/vd_data_saver
[1.407s] copying /home/swati/Motion_Planning/MP_for_AV/src/MP_for_AV/build/vd_data_saver/build/lib/vd_data_saver/__init__.py -> /home/swati/Motion_Planning/MP_for_AV/src/MP_for_AV/install/vd_data_saver/lib/python3.10/site-packages/vd_data_saver
[1.407s] byte-compiling /home/swati/Motion_Planning/MP_for_AV/src/MP_for_AV/install/vd_data_saver/lib/python3.10/site-packages/vd_data_saver/plot_graphs.py to plot_graphs.cpython-310.pyc
[1.409s] byte-compiling /home/swati/Motion_Planning/MP_for_AV/src/MP_for_AV/install/vd_data_saver/lib/python3.10/site-packages/vd_data_saver/data_saver_node.py to data_saver_node.cpython-310.pyc
[1.409s] byte-compiling /home/swati/Motion_Planning/MP_for_AV/src/MP_for_AV/install/vd_data_saver/lib/python3.10/site-packages/vd_data_saver/__init__.py to __init__.cpython-310.pyc
[1.409s] running install_data
[1.410s] creating /home/swati/Motion_Planning/MP_for_AV/src/MP_for_AV/install/vd_data_saver/share/ament_index/resource_index/packages
[1.410s] copying resource/vd_data_saver -> /home/swati/Motion_Planning/MP_for_AV/src/MP_for_AV/install/vd_data_saver/share/ament_index/resource_index/packages
[1.410s] copying package.xml -> /home/swati/Motion_Planning/MP_for_AV/src/MP_for_AV/install/vd_data_saver/share/vd_data_saver
[1.410s] running install_egg_info
[1.422s] Copying ../build/vd_data_saver/vd_data_saver.egg-info to /home/swati/Motion_Planning/MP_for_AV/src/MP_for_AV/install/vd_data_saver/lib/python3.10/site-packages/vd_data_saver-0.0.0-py3.10.egg-info
[1.422s] running install_scripts
[1.509s] Installing data_saver_node script to /home/swati/Motion_Planning/MP_for_AV/src/MP_for_AV/install/vd_data_saver/lib/vd_data_saver
[1.509s] writing list of installed files to '/home/swati/Motion_Planning/MP_for_AV/src/MP_for_AV/build/vd_data_saver/install.log'
[1.530s] Invoked command in '/home/swati/Motion_Planning/MP_for_AV/src/MP_for_AV/vd_data_saver' returned '0': PYTHONPATH=/home/swati/Motion_Planning/MP_for_AV/src/MP_for_AV/build/vd_data_saver/prefix_override:/usr/lib/python3/dist-packages/colcon_core/task/python/colcon_distutils_commands:/home/swati/Motion_Planning/MP_for_AV/src/MP_for_AV/install/vd_data_saver/lib/python3.10/site-packages:${PYTHONPATH} /usr/bin/python3 -W ignore:setup.py install is deprecated setup.py egg_info --egg-base ../build/vd_data_saver build --build-base /home/swati/Motion_Planning/MP_for_AV/src/MP_for_AV/build/vd_data_saver/build install --record /home/swati/Motion_Planning/MP_for_AV/src/MP_for_AV/build/vd_data_saver/install.log --single-version-externally-managed install_data
