[1.183s] Invoking command in '/home/swati/Motion_Planning/MP_for_AV/src/MP_for_AV/vd_cmd_sender': PYTHONPATH=/home/swati/Motion_Planning/MP_for_AV/src/MP_for_AV/build/vd_cmd_sender/prefix_override:/usr/lib/python3/dist-packages/colcon_core/task/python/colcon_distutils_commands:/home/swati/Motion_Planning/MP_for_AV/src/MP_for_AV/install/vd_cmd_sender/lib/python3.10/site-packages:${PYTHONPATH} /usr/bin/python3 -W ignore:setup.py install is deprecated setup.py egg_info --egg-base ../build/vd_cmd_sender build --build-base /home/swati/Motion_Planning/MP_for_AV/src/MP_for_AV/build/vd_cmd_sender/build install --record /home/swati/Motion_Planning/MP_for_AV/src/MP_for_AV/build/vd_cmd_sender/install.log --single-version-externally-managed install_data
[1.302s] /home/swati/.local/lib/python3.10/site-packages/setuptools/_distutils/dist.py:261: UserWarning: Unknown distribution option: 'tests_require'
[1.302s]   warnings.warn(msg)
[1.384s] running egg_info
[1.395s] creating ../build/vd_cmd_sender/vd_cmd_sender.egg-info
[1.396s] writing ../build/vd_cmd_sender/vd_cmd_sender.egg-info/PKG-INFO
[1.396s] writing dependency_links to ../build/vd_cmd_sender/vd_cmd_sender.egg-info/dependency_links.txt
[1.396s] writing requirements to ../build/vd_cmd_sender/vd_cmd_sender.egg-info/requires.txt
[1.396s] writing top-level names to ../build/vd_cmd_sender/vd_cmd_sender.egg-info/top_level.txt
[1.396s] writing manifest file '../build/vd_cmd_sender/vd_cmd_sender.egg-info/SOURCES.txt'
[1.428s] reading manifest file '../build/vd_cmd_sender/vd_cmd_sender.egg-info/SOURCES.txt'
[1.428s] adding license file 'LICENSE'
[1.429s] writing manifest file '../build/vd_cmd_sender/vd_cmd_sender.egg-info/SOURCES.txt'
[1.429s] running build
[1.429s] running build_py
[1.429s] creating /home/swati/Motion_Planning/MP_for_AV/src/MP_for_AV/build/vd_cmd_sender/build/lib/vd_cmd_sender
[1.429s] copying vd_cmd_sender/__init__.py -> /home/swati/Motion_Planning/MP_for_AV/src/MP_for_AV/build/vd_cmd_sender/build/lib/vd_cmd_sender
[1.429s] running install
[1.432s] running install_lib
[1.443s] creating /home/swati/Motion_Planning/MP_for_AV/src/MP_for_AV/install/vd_cmd_sender/lib/python3.10/site-packages/vd_cmd_sender
[1.443s] copying /home/swati/Motion_Planning/MP_for_AV/src/MP_for_AV/build/vd_cmd_sender/build/lib/vd_cmd_sender/__init__.py -> /home/swati/Motion_Planning/MP_for_AV/src/MP_for_AV/install/vd_cmd_sender/lib/python3.10/site-packages/vd_cmd_sender
[1.443s] byte-compiling /home/swati/Motion_Planning/MP_for_AV/src/MP_for_AV/install/vd_cmd_sender/lib/python3.10/site-packages/vd_cmd_sender/__init__.py to __init__.cpython-310.pyc
[1.444s] running install_data
[1.444s] creating /home/swati/Motion_Planning/MP_for_AV/src/MP_for_AV/install/vd_cmd_sender/share/ament_index/resource_index/packages
[1.444s] copying resource/vd_cmd_sender -> /home/swati/Motion_Planning/MP_for_AV/src/MP_for_AV/install/vd_cmd_sender/share/ament_index/resource_index/packages
[1.444s] copying package.xml -> /home/swati/Motion_Planning/MP_for_AV/src/MP_for_AV/install/vd_cmd_sender/share/vd_cmd_sender
[1.444s] running install_egg_info
[1.456s] Copying ../build/vd_cmd_sender/vd_cmd_sender.egg-info to /home/swati/Motion_Planning/MP_for_AV/src/MP_for_AV/install/vd_cmd_sender/lib/python3.10/site-packages/vd_cmd_sender-0.0.0-py3.10.egg-info
[1.456s] running install_scripts
[1.543s] writing list of installed files to '/home/swati/Motion_Planning/MP_for_AV/src/MP_for_AV/build/vd_cmd_sender/install.log'
[1.572s] Invoked command in '/home/swati/Motion_Planning/MP_for_AV/src/MP_for_AV/vd_cmd_sender' returned '0': PYTHONPATH=/home/swati/Motion_Planning/MP_for_AV/src/MP_for_AV/build/vd_cmd_sender/prefix_override:/usr/lib/python3/dist-packages/colcon_core/task/python/colcon_distutils_commands:/home/swati/Motion_Planning/MP_for_AV/src/MP_for_AV/install/vd_cmd_sender/lib/python3.10/site-packages:${PYTHONPATH} /usr/bin/python3 -W ignore:setup.py install is deprecated setup.py egg_info --egg-base ../build/vd_cmd_sender build --build-base /home/swati/Motion_Planning/MP_for_AV/src/MP_for_AV/build/vd_cmd_sender/build install --record /home/swati/Motion_Planning/MP_for_AV/src/MP_for_AV/build/vd_cmd_sender/install.log --single-version-externally-managed install_data
