running egg_info
creating ../build/vd_state_estimator/vd_state_estimator.egg-info
writing ../build/vd_state_estimator/vd_state_estimator.egg-info/PKG-INFO
writing dependency_links to ../build/vd_state_estimator/vd_state_estimator.egg-info/dependency_links.txt
writing entry points to ../build/vd_state_estimator/vd_state_estimator.egg-info/entry_points.txt
writing requirements to ../build/vd_state_estimator/vd_state_estimator.egg-info/requires.txt
writing top-level names to ../build/vd_state_estimator/vd_state_estimator.egg-info/top_level.txt
writing manifest file '../build/vd_state_estimator/vd_state_estimator.egg-info/SOURCES.txt'
reading manifest file '../build/vd_state_estimator/vd_state_estimator.egg-info/SOURCES.txt'
adding license file 'LICENSE'
writing manifest file '../build/vd_state_estimator/vd_state_estimator.egg-info/SOURCES.txt'
running build
running build_py
creating /home/swati/Motion_Planning/MP_for_AV/src/MP_for_AV/build/vd_state_estimator/build/lib/vd_state_estimator
copying vd_state_estimator/state_estimator_node.py -> /home/swati/Motion_Planning/MP_for_AV/src/MP_for_AV/build/vd_state_estimator/build/lib/vd_state_estimator
copying vd_state_estimator/__init__.py -> /home/swati/Motion_Planning/MP_for_AV/src/MP_for_AV/build/vd_state_estimator/build/lib/vd_state_estimator
running install
running install_lib
creating /home/swati/Motion_Planning/MP_for_AV/src/MP_for_AV/install/vd_state_estimator/lib/python3.10/site-packages/vd_state_estimator
copying /home/swati/Motion_Planning/MP_for_AV/src/MP_for_AV/build/vd_state_estimator/build/lib/vd_state_estimator/state_estimator_node.py -> /home/swati/Motion_Planning/MP_for_AV/src/MP_for_AV/install/vd_state_estimator/lib/python3.10/site-packages/vd_state_estimator
copying /home/swati/Motion_Planning/MP_for_AV/src/MP_for_AV/build/vd_state_estimator/build/lib/vd_state_estimator/__init__.py -> /home/swati/Motion_Planning/MP_for_AV/src/MP_for_AV/install/vd_state_estimator/lib/python3.10/site-packages/vd_state_estimator
byte-compiling /home/swati/Motion_Planning/MP_for_AV/src/MP_for_AV/install/vd_state_estimator/lib/python3.10/site-packages/vd_state_estimator/state_estimator_node.py to state_estimator_node.cpython-310.pyc
byte-compiling /home/swati/Motion_Planning/MP_for_AV/src/MP_for_AV/install/vd_state_estimator/lib/python3.10/site-packages/vd_state_estimator/__init__.py to __init__.cpython-310.pyc
running install_data
creating /home/swati/Motion_Planning/MP_for_AV/src/MP_for_AV/install/vd_state_estimator/share/ament_index/resource_index/packages
copying resource/vd_state_estimator -> /home/swati/Motion_Planning/MP_for_AV/src/MP_for_AV/install/vd_state_estimator/share/ament_index/resource_index/packages
copying package.xml -> /home/swati/Motion_Planning/MP_for_AV/src/MP_for_AV/install/vd_state_estimator/share/vd_state_estimator
running install_egg_info
Copying ../build/vd_state_estimator/vd_state_estimator.egg-info to /home/swati/Motion_Planning/MP_for_AV/src/MP_for_AV/install/vd_state_estimator/lib/python3.10/site-packages/vd_state_estimator-0.0.0-py3.10.egg-info
running install_scripts
Installing state_estimator_node script to /home/swati/Motion_Planning/MP_for_AV/src/MP_for_AV/install/vd_state_estimator/lib/vd_state_estimator
writing list of installed files to '/home/swati/Motion_Planning/MP_for_AV/src/MP_for_AV/build/vd_state_estimator/install.log'
