[1.189s] Invoking command in '/home/swati/Motion_Planning/MP_for_AV/src/MP_for_AV/vd_state_estimator': PYTHONPATH=/home/swati/Motion_Planning/MP_for_AV/src/MP_for_AV/build/vd_state_estimator/prefix_override:/usr/lib/python3/dist-packages/colcon_core/task/python/colcon_distutils_commands:/home/swati/Motion_Planning/MP_for_AV/src/MP_for_AV/install/vd_state_estimator/lib/python3.10/site-packages:${PYTHONPATH} /usr/bin/python3 -W ignore:setup.py install is deprecated setup.py egg_info --egg-base ../build/vd_state_estimator build --build-base /home/swati/Motion_Planning/MP_for_AV/src/MP_for_AV/build/vd_state_estimator/build install --record /home/swati/Motion_Planning/MP_for_AV/src/MP_for_AV/build/vd_state_estimator/install.log --single-version-externally-managed install_data
[1.294s] /home/swati/.local/lib/python3.10/site-packages/setuptools/_distutils/dist.py:261: UserWarning: Unknown distribution option: 'tests_require'
[1.294s]   warnings.warn(msg)
[1.375s] running egg_info
[1.386s] creating ../build/vd_state_estimator/vd_state_estimator.egg-info
[1.386s] writing ../build/vd_state_estimator/vd_state_estimator.egg-info/PKG-INFO
[1.386s] writing dependency_links to ../build/vd_state_estimator/vd_state_estimator.egg-info/dependency_links.txt
[1.386s] writing entry points to ../build/vd_state_estimator/vd_state_estimator.egg-info/entry_points.txt
[1.387s] writing requirements to ../build/vd_state_estimator/vd_state_estimator.egg-info/requires.txt
[1.387s] writing top-level names to ../build/vd_state_estimator/vd_state_estimator.egg-info/top_level.txt
[1.387s] writing manifest file '../build/vd_state_estimator/vd_state_estimator.egg-info/SOURCES.txt'
[1.419s] reading manifest file '../build/vd_state_estimator/vd_state_estimator.egg-info/SOURCES.txt'
[1.419s] adding license file 'LICENSE'
[1.419s] writing manifest file '../build/vd_state_estimator/vd_state_estimator.egg-info/SOURCES.txt'
[1.419s] running build
[1.419s] running build_py
[1.420s] creating /home/swati/Motion_Planning/MP_for_AV/src/MP_for_AV/build/vd_state_estimator/build/lib/vd_state_estimator
[1.420s] copying vd_state_estimator/state_estimator_node.py -> /home/swati/Motion_Planning/MP_for_AV/src/MP_for_AV/build/vd_state_estimator/build/lib/vd_state_estimator
[1.420s] copying vd_state_estimator/__init__.py -> /home/swati/Motion_Planning/MP_for_AV/src/MP_for_AV/build/vd_state_estimator/build/lib/vd_state_estimator
[1.420s] running install
[1.423s] running install_lib
[1.434s] creating /home/swati/Motion_Planning/MP_for_AV/src/MP_for_AV/install/vd_state_estimator/lib/python3.10/site-packages/vd_state_estimator
[1.434s] copying /home/swati/Motion_Planning/MP_for_AV/src/MP_for_AV/build/vd_state_estimator/build/lib/vd_state_estimator/state_estimator_node.py -> /home/swati/Motion_Planning/MP_for_AV/src/MP_for_AV/install/vd_state_estimator/lib/python3.10/site-packages/vd_state_estimator
[1.434s] copying /home/swati/Motion_Planning/MP_for_AV/src/MP_for_AV/build/vd_state_estimator/build/lib/vd_state_estimator/__init__.py -> /home/swati/Motion_Planning/MP_for_AV/src/MP_for_AV/install/vd_state_estimator/lib/python3.10/site-packages/vd_state_estimator
[1.434s] byte-compiling /home/swati/Motion_Planning/MP_for_AV/src/MP_for_AV/install/vd_state_estimator/lib/python3.10/site-packages/vd_state_estimator/state_estimator_node.py to state_estimator_node.cpython-310.pyc
[1.435s] byte-compiling /home/swati/Motion_Planning/MP_for_AV/src/MP_for_AV/install/vd_state_estimator/lib/python3.10/site-packages/vd_state_estimator/__init__.py to __init__.cpython-310.pyc
[1.435s] running install_data
[1.435s] creating /home/swati/Motion_Planning/MP_for_AV/src/MP_for_AV/install/vd_state_estimator/share/ament_index/resource_index/packages
[1.435s] copying resource/vd_state_estimator -> /home/swati/Motion_Planning/MP_for_AV/src/MP_for_AV/install/vd_state_estimator/share/ament_index/resource_index/packages
[1.436s] copying package.xml -> /home/swati/Motion_Planning/MP_for_AV/src/MP_for_AV/install/vd_state_estimator/share/vd_state_estimator
[1.436s] running install_egg_info
[1.447s] Copying ../build/vd_state_estimator/vd_state_estimator.egg-info to /home/swati/Motion_Planning/MP_for_AV/src/MP_for_AV/install/vd_state_estimator/lib/python3.10/site-packages/vd_state_estimator-0.0.0-py3.10.egg-info
[1.448s] running install_scripts
[1.535s] Installing state_estimator_node script to /home/swati/Motion_Planning/MP_for_AV/src/MP_for_AV/install/vd_state_estimator/lib/vd_state_estimator
[1.536s] writing list of installed files to '/home/swati/Motion_Planning/MP_for_AV/src/MP_for_AV/build/vd_state_estimator/install.log'
[1.559s] Invoked command in '/home/swati/Motion_Planning/MP_for_AV/src/MP_for_AV/vd_state_estimator' returned '0': PYTHONPATH=/home/swati/Motion_Planning/MP_for_AV/src/MP_for_AV/build/vd_state_estimator/prefix_override:/usr/lib/python3/dist-packages/colcon_core/task/python/colcon_distutils_commands:/home/swati/Motion_Planning/MP_for_AV/src/MP_for_AV/install/vd_state_estimator/lib/python3.10/site-packages:${PYTHONPATH} /usr/bin/python3 -W ignore:setup.py install is deprecated setup.py egg_info --egg-base ../build/vd_state_estimator build --build-base /home/swati/Motion_Planning/MP_for_AV/src/MP_for_AV/build/vd_state_estimator/build install --record /home/swati/Motion_Planning/MP_for_AV/src/MP_for_AV/build/vd_state_estimator/install.log --single-version-externally-managed install_data
