-- The C compiler identification is GNU 11.4.0
-- The CXX compiler identification is GNU 11.4.0
-- Detecting C compiler ABI info
-- Detecting C compiler ABI info - done
-- Check for working C compiler: /usr/bin/cc - skipped
-- Detecting C compile features
-- Detecting C compile features - done
-- Detecting CXX compiler ABI info
-- Detecting CXX compiler ABI info - done
-- Check for working CXX compiler: /usr/bin/c++ - skipped
-- Detecting CXX compile features
-- Detecting CXX compile features - done
-- Found ament_cmake: 1.3.10 (/opt/ros/humble/share/ament_cmake/cmake)
-- Found Python3: /usr/bin/python3 (found version "3.10.12") found components: Interpreter 
-- Found std_msgs: 4.2.4 (/opt/ros/humble/share/std_msgs/cmake)
-- Found rosidl_generator_c: 3.1.5 (/opt/ros/humble/share/rosidl_generator_c/cmake)
-- Found rosidl_adapter: 3.1.5 (/opt/ros/humble/share/rosidl_adapter/cmake)
-- Found rosidl_generator_cpp: 3.1.5 (/opt/ros/humble/share/rosidl_generator_cpp/cmake)
-- Using all available rosidl_typesupport_c: rosidl_typesupport_fastrtps_c;rosidl_typesupport_introspection_c
-- Using all available rosidl_typesupport_cpp: rosidl_typesupport_fastrtps_cpp;rosidl_typesupport_introspection_cpp
-- Found rosidl_default_generators: 1.2.0 (/opt/ros/humble/share/rosidl_default_generators/cmake)
-- Found ament_cmake_ros: 0.10.0 (/opt/ros/humble/share/ament_cmake_ros/cmake)
-- Using all available rosidl_typesupport_c: rosidl_typesupport_fastrtps_c;rosidl_typesupport_introspection_c
-- Using all available rosidl_typesupport_cpp: rosidl_typesupport_fastrtps_cpp;rosidl_typesupport_introspection_cpp
[33mCMake Warning (dev) at /opt/ros/humble/share/rosidl_generator_py/cmake/rosidl_generator_py_generate_interfaces.cmake:20 (find_package):
  Policy CMP0148 is not set: The FindPythonInterp and FindPythonLibs modules
  are removed.  Run "cmake --help-policy CMP0148" for policy details.  Use
  the cmake_policy command to set the policy and suppress this warning.

Call Stack (most recent call first):
  /opt/ros/humble/share/ament_cmake_core/cmake/core/ament_execute_extensions.cmake:48 (include)
  /opt/ros/humble/share/rosidl_cmake/cmake/rosidl_generate_interfaces.cmake:286 (ament_execute_extensions)
  CMakeLists.txt:17 (rosidl_generate_interfaces)
This warning is for project developers.  Use -Wno-dev to suppress it.
[0m
-- Found PythonInterp: /usr/bin/python3 (found suitable version "3.10.12", minimum required is "3.6") 
-- Found python_cmake_module: 0.10.0 (/opt/ros/humble/share/python_cmake_module/cmake)
[33mCMake Warning (dev) at /opt/ros/humble/share/python_cmake_module/cmake/Modules/FindPythonExtra.cmake:52 (find_package):
  Policy CMP0148 is not set: The FindPythonInterp and FindPythonLibs modules
  are removed.  Run "cmake --help-policy CMP0148" for policy details.  Use
  the cmake_policy command to set the policy and suppress this warning.

Call Stack (most recent call first):
  /opt/ros/humble/share/rosidl_generator_py/cmake/rosidl_generator_py_generate_interfaces.cmake:23 (find_package)
  /opt/ros/humble/share/ament_cmake_core/cmake/core/ament_execute_extensions.cmake:48 (include)
  /opt/ros/humble/share/rosidl_cmake/cmake/rosidl_generate_interfaces.cmake:286 (ament_execute_extensions)
  CMakeLists.txt:17 (rosidl_generate_interfaces)
This warning is for project developers.  Use -Wno-dev to suppress it.
[0m
[33mCMake Warning (dev) at /opt/ros/humble/share/python_cmake_module/cmake/Modules/FindPythonExtra.cmake:140 (find_package):
  Policy CMP0148 is not set: The FindPythonInterp and FindPythonLibs modules
  are removed.  Run "cmake --help-policy CMP0148" for policy details.  Use
  the cmake_policy command to set the policy and suppress this warning.

Call Stack (most recent call first):
  /opt/ros/humble/share/rosidl_generator_py/cmake/rosidl_generator_py_generate_interfaces.cmake:23 (find_package)
  /opt/ros/humble/share/ament_cmake_core/cmake/core/ament_execute_extensions.cmake:48 (include)
  /opt/ros/humble/share/rosidl_cmake/cmake/rosidl_generate_interfaces.cmake:286 (ament_execute_extensions)
  CMakeLists.txt:17 (rosidl_generate_interfaces)
This warning is for project developers.  Use -Wno-dev to suppress it.
[0m
-- Found PythonLibs: /usr/lib/x86_64-linux-gnu/libpython3.10.so (found suitable version "3.10.12", minimum required is "3.5") 
-- Using PYTHON_EXECUTABLE: /usr/bin/python3
-- Using PYTHON_INCLUDE_DIRS: /usr/include/python3.10
-- Using PYTHON_LIBRARIES: /usr/lib/x86_64-linux-gnu/libpython3.10.so
-- Found PythonExtra: .so  
-- Found ament_lint_auto: 0.12.11 (/opt/ros/humble/share/ament_lint_auto/cmake)
-- Added test 'lint_cmake' to check CMake code style
-- Added test 'xmllint' to check XML markup files
-- Configuring done (2.2s)
-- Generating done (0.0s)
-- Build files have been written to: /home/swati/Motion_Planning/MP_for_AV/src/MP_for_AV/build/vd_carla_msgs
Change Dir: '/home/swati/Motion_Planning/MP_for_AV/src/MP_for_AV/build/vd_carla_msgs'

Run Build Command(s): /opt/cmake-3.28.3-linux-x86_64/bin/cmake -E env VERBOSE=1 /usr/bin/gmake -f Makefile -j20 -l20
/opt/cmake-3.28.3-linux-x86_64/bin/cmake -S/home/swati/Motion_Planning/MP_for_AV/src/MP_for_AV/vd_carla_msgs -B/home/swati/Motion_Planning/MP_for_AV/src/MP_for_AV/build/vd_carla_msgs --check-build-system CMakeFiles/Makefile.cmake 0
/opt/cmake-3.28.3-linux-x86_64/bin/cmake -E cmake_progress_start /home/swati/Motion_Planning/MP_for_AV/src/MP_for_AV/build/vd_carla_msgs/CMakeFiles /home/swati/Motion_Planning/MP_for_AV/src/MP_for_AV/build/vd_carla_msgs//CMakeFiles/progress.marks
/usr/bin/gmake  -f CMakeFiles/Makefile2 all
gmake[1]: Entering directory '/home/swati/Motion_Planning/MP_for_AV/src/MP_for_AV/build/vd_carla_msgs'
/usr/bin/gmake  -f CMakeFiles/vd_carla_msgs__cpp.dir/build.make CMakeFiles/vd_carla_msgs__cpp.dir/depend
/usr/bin/gmake  -f CMakeFiles/vd_carla_msgs__rosidl_generator_c.dir/build.make CMakeFiles/vd_carla_msgs__rosidl_generator_c.dir/depend
/usr/bin/gmake  -f CMakeFiles/ament_cmake_python_copy_vd_carla_msgs.dir/build.make CMakeFiles/ament_cmake_python_copy_vd_carla_msgs.dir/depend
gmake[2]: Entering directory '/home/swati/Motion_Planning/MP_for_AV/src/MP_for_AV/build/vd_carla_msgs'
cd /home/swati/Motion_Planning/MP_for_AV/src/MP_for_AV/build/vd_carla_msgs && /opt/cmake-3.28.3-linux-x86_64/bin/cmake -E cmake_depends "Unix Makefiles" /home/swati/Motion_Planning/MP_for_AV/src/MP_for_AV/vd_carla_msgs /home/swati/Motion_Planning/MP_for_AV/src/MP_for_AV/vd_carla_msgs /home/swati/Motion_Planning/MP_for_AV/src/MP_for_AV/build/vd_carla_msgs /home/swati/Motion_Planning/MP_for_AV/src/MP_for_AV/build/vd_carla_msgs /home/swati/Motion_Planning/MP_for_AV/src/MP_for_AV/build/vd_carla_msgs/CMakeFiles/vd_carla_msgs__cpp.dir/DependInfo.cmake "--color="
gmake[2]: Entering directory '/home/swati/Motion_Planning/MP_for_AV/src/MP_for_AV/build/vd_carla_msgs'
cd /home/swati/Motion_Planning/MP_for_AV/src/MP_for_AV/build/vd_carla_msgs && /opt/cmake-3.28.3-linux-x86_64/bin/cmake -E cmake_depends "Unix Makefiles" /home/swati/Motion_Planning/MP_for_AV/src/MP_for_AV/vd_carla_msgs /home/swati/Motion_Planning/MP_for_AV/src/MP_for_AV/vd_carla_msgs /home/swati/Motion_Planning/MP_for_AV/src/MP_for_AV/build/vd_carla_msgs /home/swati/Motion_Planning/MP_for_AV/src/MP_for_AV/build/vd_carla_msgs /home/swati/Motion_Planning/MP_for_AV/src/MP_for_AV/build/vd_carla_msgs/CMakeFiles/ament_cmake_python_copy_vd_carla_msgs.dir/DependInfo.cmake "--color="
gmake[2]: Entering directory '/home/swati/Motion_Planning/MP_for_AV/src/MP_for_AV/build/vd_carla_msgs'
[  3%] [34m[1mGenerating C code for ROS interfaces[0m
gmake[2]: Leaving directory '/home/swati/Motion_Planning/MP_for_AV/src/MP_for_AV/build/vd_carla_msgs'
/usr/bin/gmake  -f CMakeFiles/ament_cmake_python_copy_vd_carla_msgs.dir/build.make CMakeFiles/ament_cmake_python_copy_vd_carla_msgs.dir/build
gmake[2]: Leaving directory '/home/swati/Motion_Planning/MP_for_AV/src/MP_for_AV/build/vd_carla_msgs'
/usr/bin/python3 /opt/ros/humble/share/rosidl_generator_c/cmake/../../../lib/rosidl_generator_c/rosidl_generator_c --generator-arguments-file /home/swati/Motion_Planning/MP_for_AV/src/MP_for_AV/build/vd_carla_msgs/rosidl_generator_c__arguments.json
/usr/bin/gmake  -f CMakeFiles/vd_carla_msgs__cpp.dir/build.make CMakeFiles/vd_carla_msgs__cpp.dir/build
gmake[2]: Entering directory '/home/swati/Motion_Planning/MP_for_AV/src/MP_for_AV/build/vd_carla_msgs'
gmake[2]: Entering directory '/home/swati/Motion_Planning/MP_for_AV/src/MP_for_AV/build/vd_carla_msgs'
/opt/cmake-3.28.3-linux-x86_64/bin/cmake -E copy_directory /home/swati/Motion_Planning/MP_for_AV/src/MP_for_AV/build/vd_carla_msgs/rosidl_generator_py/vd_carla_msgs /home/swati/Motion_Planning/MP_for_AV/src/MP_for_AV/build/vd_carla_msgs/ament_cmake_python/vd_carla_msgs/vd_carla_msgs
[  6%] [34m[1mGenerating C++ code for ROS interfaces[0m
/usr/bin/python3 /opt/ros/humble/share/rosidl_generator_cpp/cmake/../../../lib/rosidl_generator_cpp/rosidl_generator_cpp --generator-arguments-file /home/swati/Motion_Planning/MP_for_AV/src/MP_for_AV/build/vd_carla_msgs/rosidl_generator_cpp__arguments.json
gmake[2]: Leaving directory '/home/swati/Motion_Planning/MP_for_AV/src/MP_for_AV/build/vd_carla_msgs'
[  6%] Built target ament_cmake_python_copy_vd_carla_msgs
/usr/bin/gmake  -f CMakeFiles/ament_cmake_python_build_vd_carla_msgs_egg.dir/build.make CMakeFiles/ament_cmake_python_build_vd_carla_msgs_egg.dir/depend
gmake[2]: Entering directory '/home/swati/Motion_Planning/MP_for_AV/src/MP_for_AV/build/vd_carla_msgs'
cd /home/swati/Motion_Planning/MP_for_AV/src/MP_for_AV/build/vd_carla_msgs && /opt/cmake-3.28.3-linux-x86_64/bin/cmake -E cmake_depends "Unix Makefiles" /home/swati/Motion_Planning/MP_for_AV/src/MP_for_AV/vd_carla_msgs /home/swati/Motion_Planning/MP_for_AV/src/MP_for_AV/vd_carla_msgs /home/swati/Motion_Planning/MP_for_AV/src/MP_for_AV/build/vd_carla_msgs /home/swati/Motion_Planning/MP_for_AV/src/MP_for_AV/build/vd_carla_msgs /home/swati/Motion_Planning/MP_for_AV/src/MP_for_AV/build/vd_carla_msgs/CMakeFiles/ament_cmake_python_build_vd_carla_msgs_egg.dir/DependInfo.cmake "--color="
gmake[2]: Leaving directory '/home/swati/Motion_Planning/MP_for_AV/src/MP_for_AV/build/vd_carla_msgs'
/usr/bin/gmake  -f CMakeFiles/ament_cmake_python_build_vd_carla_msgs_egg.dir/build.make CMakeFiles/ament_cmake_python_build_vd_carla_msgs_egg.dir/build
gmake[2]: Entering directory '/home/swati/Motion_Planning/MP_for_AV/src/MP_for_AV/build/vd_carla_msgs'
cd /home/swati/Motion_Planning/MP_for_AV/src/MP_for_AV/build/vd_carla_msgs/ament_cmake_python/vd_carla_msgs && /usr/bin/python3 setup.py egg_info
running egg_info
creating vd_carla_msgs.egg-info
writing vd_carla_msgs.egg-info/PKG-INFO
writing dependency_links to vd_carla_msgs.egg-info/dependency_links.txt
writing top-level names to vd_carla_msgs.egg-info/top_level.txt
writing manifest file 'vd_carla_msgs.egg-info/SOURCES.txt'
gmake[2]: Leaving directory '/home/swati/Motion_Planning/MP_for_AV/src/MP_for_AV/build/vd_carla_msgs'
[  6%] Built target vd_carla_msgs__cpp
/usr/bin/gmake  -f CMakeFiles/vd_carla_msgs__rosidl_typesupport_cpp.dir/build.make CMakeFiles/vd_carla_msgs__rosidl_typesupport_cpp.dir/depend
/usr/bin/gmake  -f CMakeFiles/vd_carla_msgs__rosidl_typesupport_fastrtps_cpp.dir/build.make CMakeFiles/vd_carla_msgs__rosidl_typesupport_fastrtps_cpp.dir/depend
/usr/bin/gmake  -f CMakeFiles/vd_carla_msgs__rosidl_typesupport_introspection_cpp.dir/build.make CMakeFiles/vd_carla_msgs__rosidl_typesupport_introspection_cpp.dir/depend
gmake[2]: Entering directory '/home/swati/Motion_Planning/MP_for_AV/src/MP_for_AV/build/vd_carla_msgs'
gmake[2]: Entering directory '/home/swati/Motion_Planning/MP_for_AV/src/MP_for_AV/build/vd_carla_msgs'
gmake[2]: Entering directory '/home/swati/Motion_Planning/MP_for_AV/src/MP_for_AV/build/vd_carla_msgs'
[  9%] [34m[1mGenerating C++ type support dispatch for ROS interfaces[0m
/usr/bin/python3 /opt/ros/humble/lib/rosidl_typesupport_cpp/rosidl_typesupport_cpp --generator-arguments-file /home/swati/Motion_Planning/MP_for_AV/src/MP_for_AV/build/vd_carla_msgs/rosidl_typesupport_cpp__arguments.json --typesupports rosidl_typesupport_fastrtps_cpp rosidl_typesupport_introspection_cpp
[ 12%] [34m[1mGenerating C++ introspection for ROS interfaces[0m
[ 16%] [34m[1mGenerating C++ type support for eProsima Fast-RTPS[0m
/usr/bin/python3 /opt/ros/humble/lib/rosidl_typesupport_introspection_cpp/rosidl_typesupport_introspection_cpp --generator-arguments-file /home/swati/Motion_Planning/MP_for_AV/src/MP_for_AV/build/vd_carla_msgs/rosidl_typesupport_introspection_cpp__arguments.json
/usr/bin/python3 /opt/ros/humble/lib/rosidl_typesupport_fastrtps_cpp/rosidl_typesupport_fastrtps_cpp --generator-arguments-file /home/swati/Motion_Planning/MP_for_AV/src/MP_for_AV/build/vd_carla_msgs/rosidl_typesupport_fastrtps_cpp__arguments.json
reading manifest file 'vd_carla_msgs.egg-info/SOURCES.txt'
writing manifest file 'vd_carla_msgs.egg-info/SOURCES.txt'
gmake[2]: Leaving directory '/home/swati/Motion_Planning/MP_for_AV/src/MP_for_AV/build/vd_carla_msgs'
[ 16%] Built target ament_cmake_python_build_vd_carla_msgs_egg
cd /home/swati/Motion_Planning/MP_for_AV/src/MP_for_AV/build/vd_carla_msgs && /opt/cmake-3.28.3-linux-x86_64/bin/cmake -E cmake_depends "Unix Makefiles" /home/swati/Motion_Planning/MP_for_AV/src/MP_for_AV/vd_carla_msgs /home/swati/Motion_Planning/MP_for_AV/src/MP_for_AV/vd_carla_msgs /home/swati/Motion_Planning/MP_for_AV/src/MP_for_AV/build/vd_carla_msgs /home/swati/Motion_Planning/MP_for_AV/src/MP_for_AV/build/vd_carla_msgs /home/swati/Motion_Planning/MP_for_AV/src/MP_for_AV/build/vd_carla_msgs/CMakeFiles/vd_carla_msgs__rosidl_generator_c.dir/DependInfo.cmake "--color="
gmake[2]: Leaving directory '/home/swati/Motion_Planning/MP_for_AV/src/MP_for_AV/build/vd_carla_msgs'
/usr/bin/gmake  -f CMakeFiles/vd_carla_msgs__rosidl_generator_c.dir/build.make CMakeFiles/vd_carla_msgs__rosidl_generator_c.dir/build
gmake[2]: Entering directory '/home/swati/Motion_Planning/MP_for_AV/src/MP_for_AV/build/vd_carla_msgs'
[ 19%] [32mBuilding C object CMakeFiles/vd_carla_msgs__rosidl_generator_c.dir/rosidl_generator_c/vd_carla_msgs/msg/detail/carla_ego_vehicle_control__functions.c.o[0m
/usr/bin/cc -DRCUTILS_ENABLE_FAULT_INJECTION -DROSIDL_GENERATOR_C_BUILDING_DLL_vd_carla_msgs -DROS_PACKAGE_NAME=\"vd_carla_msgs\" -I/home/swati/Motion_Planning/MP_for_AV/src/MP_for_AV/build/vd_carla_msgs/rosidl_generator_c -isystem /opt/ros/humble/include/std_msgs -isystem /opt/ros/humble/include/builtin_interfaces -isystem /opt/ros/humble/include/rosidl_runtime_c -isystem /opt/ros/humble/include/rcutils -isystem /opt/ros/humble/include/rosidl_typesupport_interface -std=gnu11 -fPIC -Wall -MD -MT CMakeFiles/vd_carla_msgs__rosidl_generator_c.dir/rosidl_generator_c/vd_carla_msgs/msg/detail/carla_ego_vehicle_control__functions.c.o -MF CMakeFiles/vd_carla_msgs__rosidl_generator_c.dir/rosidl_generator_c/vd_carla_msgs/msg/detail/carla_ego_vehicle_control__functions.c.o.d -o CMakeFiles/vd_carla_msgs__rosidl_generator_c.dir/rosidl_generator_c/vd_carla_msgs/msg/detail/carla_ego_vehicle_control__functions.c.o -c /home/swati/Motion_Planning/MP_for_AV/src/MP_for_AV/build/vd_carla_msgs/rosidl_generator_c/vd_carla_msgs/msg/detail/carla_ego_vehicle_control__functions.c
[ 22%] [32m[1mLinking C shared library libvd_carla_msgs__rosidl_generator_c.so[0m
/opt/cmake-3.28.3-linux-x86_64/bin/cmake -E cmake_link_script CMakeFiles/vd_carla_msgs__rosidl_generator_c.dir/link.txt --verbose=1
/usr/bin/cc -fPIC -shared -Wl,-soname,libvd_carla_msgs__rosidl_generator_c.so -o libvd_carla_msgs__rosidl_generator_c.so CMakeFiles/vd_carla_msgs__rosidl_generator_c.dir/rosidl_generator_c/vd_carla_msgs/msg/detail/carla_ego_vehicle_control__functions.c.o  -Wl,-rpath,/opt/ros/humble/lib: /opt/ros/humble/lib/libstd_msgs__rosidl_generator_c.so /opt/ros/humble/lib/libbuiltin_interfaces__rosidl_generator_c.so /opt/ros/humble/lib/librosidl_runtime_c.so /opt/ros/humble/lib/librcutils.so -ldl 
gmake[2]: Leaving directory '/home/swati/Motion_Planning/MP_for_AV/src/MP_for_AV/build/vd_carla_msgs'
[ 22%] Built target vd_carla_msgs__rosidl_generator_c
/usr/bin/gmake  -f CMakeFiles/vd_carla_msgs__rosidl_typesupport_fastrtps_c.dir/build.make CMakeFiles/vd_carla_msgs__rosidl_typesupport_fastrtps_c.dir/depend
cd /home/swati/Motion_Planning/MP_for_AV/src/MP_for_AV/build/vd_carla_msgs && /opt/cmake-3.28.3-linux-x86_64/bin/cmake -E cmake_depends "Unix Makefiles" /home/swati/Motion_Planning/MP_for_AV/src/MP_for_AV/vd_carla_msgs /home/swati/Motion_Planning/MP_for_AV/src/MP_for_AV/vd_carla_msgs /home/swati/Motion_Planning/MP_for_AV/src/MP_for_AV/build/vd_carla_msgs /home/swati/Motion_Planning/MP_for_AV/src/MP_for_AV/build/vd_carla_msgs /home/swati/Motion_Planning/MP_for_AV/src/MP_for_AV/build/vd_carla_msgs/CMakeFiles/vd_carla_msgs__rosidl_typesupport_cpp.dir/DependInfo.cmake "--color="
/usr/bin/gmake  -f CMakeFiles/vd_carla_msgs__rosidl_typesupport_introspection_c.dir/build.make CMakeFiles/vd_carla_msgs__rosidl_typesupport_introspection_c.dir/depend
/usr/bin/gmake  -f CMakeFiles/vd_carla_msgs__rosidl_typesupport_c.dir/build.make CMakeFiles/vd_carla_msgs__rosidl_typesupport_c.dir/depend
gmake[2]: Entering directory '/home/swati/Motion_Planning/MP_for_AV/src/MP_for_AV/build/vd_carla_msgs'
gmake[2]: Entering directory '/home/swati/Motion_Planning/MP_for_AV/src/MP_for_AV/build/vd_carla_msgs'
gmake[2]: Entering directory '/home/swati/Motion_Planning/MP_for_AV/src/MP_for_AV/build/vd_carla_msgs'
[ 25%] [34m[1mGenerating C type support for eProsima Fast-RTPS[0m
/usr/bin/python3 /opt/ros/humble/lib/rosidl_typesupport_fastrtps_c/rosidl_typesupport_fastrtps_c --generator-arguments-file /home/swati/Motion_Planning/MP_for_AV/src/MP_for_AV/build/vd_carla_msgs/rosidl_typesupport_fastrtps_c__arguments.json
[ 29%] [34m[1mGenerating C type support dispatch for ROS interfaces[0m
gmake[2]: Leaving directory '/home/swati/Motion_Planning/MP_for_AV/src/MP_for_AV/build/vd_carla_msgs'
/usr/bin/gmake  -f CMakeFiles/vd_carla_msgs__rosidl_typesupport_cpp.dir/build.make CMakeFiles/vd_carla_msgs__rosidl_typesupport_cpp.dir/build
/usr/bin/python3 /opt/ros/humble/lib/rosidl_typesupport_c/rosidl_typesupport_c --generator-arguments-file /home/swati/Motion_Planning/MP_for_AV/src/MP_for_AV/build/vd_carla_msgs/rosidl_typesupport_c__arguments.json --typesupports rosidl_typesupport_fastrtps_c rosidl_typesupport_introspection_c
[ 32%] [34m[1mGenerating C introspection for ROS interfaces[0m
/usr/bin/python3 /opt/ros/humble/lib/rosidl_typesupport_introspection_c/rosidl_typesupport_introspection_c --generator-arguments-file /home/swati/Motion_Planning/MP_for_AV/src/MP_for_AV/build/vd_carla_msgs/rosidl_typesupport_introspection_c__arguments.json
gmake[2]: Entering directory '/home/swati/Motion_Planning/MP_for_AV/src/MP_for_AV/build/vd_carla_msgs'
cd /home/swati/Motion_Planning/MP_for_AV/src/MP_for_AV/build/vd_carla_msgs && /opt/cmake-3.28.3-linux-x86_64/bin/cmake -E cmake_depends "Unix Makefiles" /home/swati/Motion_Planning/MP_for_AV/src/MP_for_AV/vd_carla_msgs /home/swati/Motion_Planning/MP_for_AV/src/MP_for_AV/vd_carla_msgs /home/swati/Motion_Planning/MP_for_AV/src/MP_for_AV/build/vd_carla_msgs /home/swati/Motion_Planning/MP_for_AV/src/MP_for_AV/build/vd_carla_msgs /home/swati/Motion_Planning/MP_for_AV/src/MP_for_AV/build/vd_carla_msgs/CMakeFiles/vd_carla_msgs__rosidl_typesupport_introspection_cpp.dir/DependInfo.cmake "--color="
[ 35%] [32mBuilding CXX object CMakeFiles/vd_carla_msgs__rosidl_typesupport_cpp.dir/rosidl_typesupport_cpp/vd_carla_msgs/msg/carla_ego_vehicle_control__type_support.cpp.o[0m
/usr/bin/c++ -DRCUTILS_ENABLE_FAULT_INJECTION -DROSIDL_TYPESUPPORT_CPP_BUILDING_DLL -DROS_PACKAGE_NAME=\"vd_carla_msgs\" -I/home/swati/Motion_Planning/MP_for_AV/src/MP_for_AV/build/vd_carla_msgs/rosidl_generator_cpp -isystem /opt/ros/humble/include/std_msgs -isystem /opt/ros/humble/include/builtin_interfaces -isystem /opt/ros/humble/include/rosidl_runtime_cpp -isystem /opt/ros/humble/include/rosidl_runtime_c -isystem /opt/ros/humble/include/rcutils -isystem /opt/ros/humble/include/rosidl_typesupport_interface -isystem /opt/ros/humble/include/rosidl_typesupport_cpp -isystem /opt/ros/humble/include/rosidl_typesupport_c -std=gnu++14 -fPIC -Wall -Wextra -Wpedantic -MD -MT CMakeFiles/vd_carla_msgs__rosidl_typesupport_cpp.dir/rosidl_typesupport_cpp/vd_carla_msgs/msg/carla_ego_vehicle_control__type_support.cpp.o -MF CMakeFiles/vd_carla_msgs__rosidl_typesupport_cpp.dir/rosidl_typesupport_cpp/vd_carla_msgs/msg/carla_ego_vehicle_control__type_support.cpp.o.d -o CMakeFiles/vd_carla_msgs__rosidl_typesupport_cpp.dir/rosidl_typesupport_cpp/vd_carla_msgs/msg/carla_ego_vehicle_control__type_support.cpp.o -c /home/swati/Motion_Planning/MP_for_AV/src/MP_for_AV/build/vd_carla_msgs/rosidl_typesupport_cpp/vd_carla_msgs/msg/carla_ego_vehicle_control__type_support.cpp
gmake[2]: Leaving directory '/home/swati/Motion_Planning/MP_for_AV/src/MP_for_AV/build/vd_carla_msgs'
/usr/bin/gmake  -f CMakeFiles/vd_carla_msgs__rosidl_typesupport_introspection_cpp.dir/build.make CMakeFiles/vd_carla_msgs__rosidl_typesupport_introspection_cpp.dir/build
gmake[2]: Entering directory '/home/swati/Motion_Planning/MP_for_AV/src/MP_for_AV/build/vd_carla_msgs'
cd /home/swati/Motion_Planning/MP_for_AV/src/MP_for_AV/build/vd_carla_msgs && /opt/cmake-3.28.3-linux-x86_64/bin/cmake -E cmake_depends "Unix Makefiles" /home/swati/Motion_Planning/MP_for_AV/src/MP_for_AV/vd_carla_msgs /home/swati/Motion_Planning/MP_for_AV/src/MP_for_AV/vd_carla_msgs /home/swati/Motion_Planning/MP_for_AV/src/MP_for_AV/build/vd_carla_msgs /home/swati/Motion_Planning/MP_for_AV/src/MP_for_AV/build/vd_carla_msgs /home/swati/Motion_Planning/MP_for_AV/src/MP_for_AV/build/vd_carla_msgs/CMakeFiles/vd_carla_msgs__rosidl_typesupport_fastrtps_cpp.dir/DependInfo.cmake "--color="
[ 38%] [32mBuilding CXX object CMakeFiles/vd_carla_msgs__rosidl_typesupport_introspection_cpp.dir/rosidl_typesupport_introspection_cpp/vd_carla_msgs/msg/detail/carla_ego_vehicle_control__type_support.cpp.o[0m
/usr/bin/c++ -DRCUTILS_ENABLE_FAULT_INJECTION -DROSIDL_TYPESUPPORT_INTROSPECTION_CPP_BUILDING_DLL -DROS_PACKAGE_NAME=\"vd_carla_msgs\" -I/home/swati/Motion_Planning/MP_for_AV/src/MP_for_AV/build/vd_carla_msgs/rosidl_typesupport_introspection_cpp -I/home/swati/Motion_Planning/MP_for_AV/src/MP_for_AV/build/vd_carla_msgs/rosidl_generator_cpp -isystem /opt/ros/humble/include/std_msgs -isystem /opt/ros/humble/include/builtin_interfaces -isystem /opt/ros/humble/include/rosidl_runtime_cpp -isystem /opt/ros/humble/include/rosidl_runtime_c -isystem /opt/ros/humble/include/rcutils -isystem /opt/ros/humble/include/rosidl_typesupport_interface -isystem /opt/ros/humble/include/rosidl_typesupport_introspection_cpp -isystem /opt/ros/humble/include/rosidl_typesupport_introspection_c -std=gnu++17 -fPIC -Wall -Wextra -Wpedantic -MD -MT CMakeFiles/vd_carla_msgs__rosidl_typesupport_introspection_cpp.dir/rosidl_typesupport_introspection_cpp/vd_carla_msgs/msg/detail/carla_ego_vehicle_control__type_support.cpp.o -MF CMakeFiles/vd_carla_msgs__rosidl_typesupport_introspection_cpp.dir/rosidl_typesupport_introspection_cpp/vd_carla_msgs/msg/detail/carla_ego_vehicle_control__type_support.cpp.o.d -o CMakeFiles/vd_carla_msgs__rosidl_typesupport_introspection_cpp.dir/rosidl_typesupport_introspection_cpp/vd_carla_msgs/msg/detail/carla_ego_vehicle_control__type_support.cpp.o -c /home/swati/Motion_Planning/MP_for_AV/src/MP_for_AV/build/vd_carla_msgs/rosidl_typesupport_introspection_cpp/vd_carla_msgs/msg/detail/carla_ego_vehicle_control__type_support.cpp
gmake[2]: Leaving directory '/home/swati/Motion_Planning/MP_for_AV/src/MP_for_AV/build/vd_carla_msgs'
/usr/bin/gmake  -f CMakeFiles/vd_carla_msgs__rosidl_typesupport_fastrtps_cpp.dir/build.make CMakeFiles/vd_carla_msgs__rosidl_typesupport_fastrtps_cpp.dir/build
gmake[2]: Entering directory '/home/swati/Motion_Planning/MP_for_AV/src/MP_for_AV/build/vd_carla_msgs'
[ 41%] [32mBuilding CXX object CMakeFiles/vd_carla_msgs__rosidl_typesupport_fastrtps_cpp.dir/rosidl_typesupport_fastrtps_cpp/vd_carla_msgs/msg/detail/dds_fastrtps/carla_ego_vehicle_control__type_support.cpp.o[0m
/usr/bin/c++ -DRCUTILS_ENABLE_FAULT_INJECTION -DROSIDL_TYPESUPPORT_FASTRTPS_CPP_BUILDING_DLL_vd_carla_msgs -DROS_PACKAGE_NAME=\"vd_carla_msgs\" -I/home/swati/Motion_Planning/MP_for_AV/src/MP_for_AV/build/vd_carla_msgs/rosidl_typesupport_fastrtps_cpp -I/home/swati/Motion_Planning/MP_for_AV/src/MP_for_AV/build/vd_carla_msgs/rosidl_generator_cpp -isystem /opt/ros/humble/include/fastcdr -isystem /opt/ros/humble/include/rmw -isystem /opt/ros/humble/include/rcutils -isystem /opt/ros/humble/include/rosidl_runtime_c -isystem /opt/ros/humble/include/rosidl_typesupport_interface -isystem /opt/ros/humble/include/rosidl_runtime_cpp -isystem /opt/ros/humble/include/rosidl_typesupport_fastrtps_cpp -isystem /opt/ros/humble/include/std_msgs -isystem /opt/ros/humble/include/builtin_interfaces -std=gnu++14 -fPIC -Wall -Wextra -Wpedantic -Wredundant-decls -MD -MT CMakeFiles/vd_carla_msgs__rosidl_typesupport_fastrtps_cpp.dir/rosidl_typesupport_fastrtps_cpp/vd_carla_msgs/msg/detail/dds_fastrtps/carla_ego_vehicle_control__type_support.cpp.o -MF CMakeFiles/vd_carla_msgs__rosidl_typesupport_fastrtps_cpp.dir/rosidl_typesupport_fastrtps_cpp/vd_carla_msgs/msg/detail/dds_fastrtps/carla_ego_vehicle_control__type_support.cpp.o.d -o CMakeFiles/vd_carla_msgs__rosidl_typesupport_fastrtps_cpp.dir/rosidl_typesupport_fastrtps_cpp/vd_carla_msgs/msg/detail/dds_fastrtps/carla_ego_vehicle_control__type_support.cpp.o -c /home/swati/Motion_Planning/MP_for_AV/src/MP_for_AV/build/vd_carla_msgs/rosidl_typesupport_fastrtps_cpp/vd_carla_msgs/msg/detail/dds_fastrtps/carla_ego_vehicle_control__type_support.cpp
[ 45%] [32m[1mLinking CXX shared library libvd_carla_msgs__rosidl_typesupport_cpp.so[0m
/opt/cmake-3.28.3-linux-x86_64/bin/cmake -E cmake_link_script CMakeFiles/vd_carla_msgs__rosidl_typesupport_cpp.dir/link.txt --verbose=1
/usr/bin/c++ -fPIC -shared -Wl,-soname,libvd_carla_msgs__rosidl_typesupport_cpp.so -o libvd_carla_msgs__rosidl_typesupport_cpp.so CMakeFiles/vd_carla_msgs__rosidl_typesupport_cpp.dir/rosidl_typesupport_cpp/vd_carla_msgs/msg/carla_ego_vehicle_control__type_support.cpp.o  -Wl,-rpath,/opt/ros/humble/lib: /opt/ros/humble/lib/libstd_msgs__rosidl_typesupport_cpp.so /opt/ros/humble/lib/libbuiltin_interfaces__rosidl_typesupport_cpp.so /opt/ros/humble/lib/librosidl_typesupport_cpp.so /opt/ros/humble/lib/librosidl_typesupport_c.so /opt/ros/humble/lib/librosidl_runtime_c.so /opt/ros/humble/lib/librcutils.so -ldl -Wl,-rpath-link,/opt/ros/humble/lib 
cd /home/swati/Motion_Planning/MP_for_AV/src/MP_for_AV/build/vd_carla_msgs && /opt/cmake-3.28.3-linux-x86_64/bin/cmake -E cmake_depends "Unix Makefiles" /home/swati/Motion_Planning/MP_for_AV/src/MP_for_AV/vd_carla_msgs /home/swati/Motion_Planning/MP_for_AV/src/MP_for_AV/vd_carla_msgs /home/swati/Motion_Planning/MP_for_AV/src/MP_for_AV/build/vd_carla_msgs /home/swati/Motion_Planning/MP_for_AV/src/MP_for_AV/build/vd_carla_msgs /home/swati/Motion_Planning/MP_for_AV/src/MP_for_AV/build/vd_carla_msgs/CMakeFiles/vd_carla_msgs__rosidl_typesupport_fastrtps_c.dir/DependInfo.cmake "--color="
cd /home/swati/Motion_Planning/MP_for_AV/src/MP_for_AV/build/vd_carla_msgs && /opt/cmake-3.28.3-linux-x86_64/bin/cmake -E cmake_depends "Unix Makefiles" /home/swati/Motion_Planning/MP_for_AV/src/MP_for_AV/vd_carla_msgs /home/swati/Motion_Planning/MP_for_AV/src/MP_for_AV/vd_carla_msgs /home/swati/Motion_Planning/MP_for_AV/src/MP_for_AV/build/vd_carla_msgs /home/swati/Motion_Planning/MP_for_AV/src/MP_for_AV/build/vd_carla_msgs /home/swati/Motion_Planning/MP_for_AV/src/MP_for_AV/build/vd_carla_msgs/CMakeFiles/vd_carla_msgs__rosidl_typesupport_introspection_c.dir/DependInfo.cmake "--color="
gmake[2]: Leaving directory '/home/swati/Motion_Planning/MP_for_AV/src/MP_for_AV/build/vd_carla_msgs'
/usr/bin/gmake  -f CMakeFiles/vd_carla_msgs__rosidl_typesupport_fastrtps_c.dir/build.make CMakeFiles/vd_carla_msgs__rosidl_typesupport_fastrtps_c.dir/build
gmake[2]: Leaving directory '/home/swati/Motion_Planning/MP_for_AV/src/MP_for_AV/build/vd_carla_msgs'
/usr/bin/gmake  -f CMakeFiles/vd_carla_msgs__rosidl_typesupport_introspection_c.dir/build.make CMakeFiles/vd_carla_msgs__rosidl_typesupport_introspection_c.dir/build
gmake[2]: Entering directory '/home/swati/Motion_Planning/MP_for_AV/src/MP_for_AV/build/vd_carla_msgs'
gmake[2]: Entering directory '/home/swati/Motion_Planning/MP_for_AV/src/MP_for_AV/build/vd_carla_msgs'
[ 48%] [32mBuilding CXX object CMakeFiles/vd_carla_msgs__rosidl_typesupport_fastrtps_c.dir/rosidl_typesupport_fastrtps_c/vd_carla_msgs/msg/detail/carla_ego_vehicle_control__type_support_c.cpp.o[0m
/usr/bin/c++ -DRCUTILS_ENABLE_FAULT_INJECTION -DROSIDL_TYPESUPPORT_FASTRTPS_C_BUILDING_DLL_vd_carla_msgs -DROS_PACKAGE_NAME=\"vd_carla_msgs\" -I/home/swati/Motion_Planning/MP_for_AV/src/MP_for_AV/build/vd_carla_msgs/rosidl_typesupport_fastrtps_c -I/home/swati/Motion_Planning/MP_for_AV/src/MP_for_AV/build/vd_carla_msgs/rosidl_generator_c -isystem /opt/ros/humble/include/fastcdr -isystem /opt/ros/humble/include/rosidl_runtime_c -isystem /opt/ros/humble/include/rcutils -isystem /opt/ros/humble/include/rosidl_typesupport_interface -isystem /opt/ros/humble/include/rosidl_runtime_cpp -isystem /opt/ros/humble/include/rosidl_typesupport_fastrtps_cpp -isystem /opt/ros/humble/include/rmw -isystem /opt/ros/humble/include/rosidl_typesupport_fastrtps_c -isystem /opt/ros/humble/include/std_msgs -isystem /opt/ros/humble/include/builtin_interfaces -std=gnu++14 -fPIC -Wall -Wextra -Wpedantic -MD -MT CMakeFiles/vd_carla_msgs__rosidl_typesupport_fastrtps_c.dir/rosidl_typesupport_fastrtps_c/vd_carla_msgs/msg/detail/carla_ego_vehicle_control__type_support_c.cpp.o -MF CMakeFiles/vd_carla_msgs__rosidl_typesupport_fastrtps_c.dir/rosidl_typesupport_fastrtps_c/vd_carla_msgs/msg/detail/carla_ego_vehicle_control__type_support_c.cpp.o.d -o CMakeFiles/vd_carla_msgs__rosidl_typesupport_fastrtps_c.dir/rosidl_typesupport_fastrtps_c/vd_carla_msgs/msg/detail/carla_ego_vehicle_control__type_support_c.cpp.o -c /home/swati/Motion_Planning/MP_for_AV/src/MP_for_AV/build/vd_carla_msgs/rosidl_typesupport_fastrtps_c/vd_carla_msgs/msg/detail/carla_ego_vehicle_control__type_support_c.cpp
[ 51%] [32mBuilding C object CMakeFiles/vd_carla_msgs__rosidl_typesupport_introspection_c.dir/rosidl_typesupport_introspection_c/vd_carla_msgs/msg/detail/carla_ego_vehicle_control__type_support.c.o[0m
/usr/bin/cc -DRCUTILS_ENABLE_FAULT_INJECTION -DROSIDL_TYPESUPPORT_INTROSPECTION_C_BUILDING_DLL_vd_carla_msgs -DROS_PACKAGE_NAME=\"vd_carla_msgs\" -I/home/swati/Motion_Planning/MP_for_AV/src/MP_for_AV/build/vd_carla_msgs/rosidl_typesupport_introspection_c -I/home/swati/Motion_Planning/MP_for_AV/src/MP_for_AV/build/vd_carla_msgs/rosidl_generator_c -isystem /opt/ros/humble/include/std_msgs -isystem /opt/ros/humble/include/builtin_interfaces -isystem /opt/ros/humble/include/rosidl_runtime_c -isystem /opt/ros/humble/include/rcutils -isystem /opt/ros/humble/include/rosidl_typesupport_interface -isystem /opt/ros/humble/include/rosidl_typesupport_introspection_c -std=gnu11 -fPIC -Wall -MD -MT CMakeFiles/vd_carla_msgs__rosidl_typesupport_introspection_c.dir/rosidl_typesupport_introspection_c/vd_carla_msgs/msg/detail/carla_ego_vehicle_control__type_support.c.o -MF CMakeFiles/vd_carla_msgs__rosidl_typesupport_introspection_c.dir/rosidl_typesupport_introspection_c/vd_carla_msgs/msg/detail/carla_ego_vehicle_control__type_support.c.o.d -o CMakeFiles/vd_carla_msgs__rosidl_typesupport_introspection_c.dir/rosidl_typesupport_introspection_c/vd_carla_msgs/msg/detail/carla_ego_vehicle_control__type_support.c.o -c /home/swati/Motion_Planning/MP_for_AV/src/MP_for_AV/build/vd_carla_msgs/rosidl_typesupport_introspection_c/vd_carla_msgs/msg/detail/carla_ego_vehicle_control__type_support.c
gmake[2]: Leaving directory '/home/swati/Motion_Planning/MP_for_AV/src/MP_for_AV/build/vd_carla_msgs'
[ 51%] Built target vd_carla_msgs__rosidl_typesupport_cpp
[ 54%] [32m[1mLinking C shared library libvd_carla_msgs__rosidl_typesupport_introspection_c.so[0m
/opt/cmake-3.28.3-linux-x86_64/bin/cmake -E cmake_link_script CMakeFiles/vd_carla_msgs__rosidl_typesupport_introspection_c.dir/link.txt --verbose=1
/usr/bin/cc -fPIC -shared -Wl,-soname,libvd_carla_msgs__rosidl_typesupport_introspection_c.so -o libvd_carla_msgs__rosidl_typesupport_introspection_c.so CMakeFiles/vd_carla_msgs__rosidl_typesupport_introspection_c.dir/rosidl_typesupport_introspection_c/vd_carla_msgs/msg/detail/carla_ego_vehicle_control__type_support.c.o  -Wl,-rpath,/home/swati/Motion_Planning/MP_for_AV/src/MP_for_AV/build/vd_carla_msgs:/opt/ros/humble/lib: libvd_carla_msgs__rosidl_generator_c.so /opt/ros/humble/lib/libstd_msgs__rosidl_typesupport_introspection_c.so /opt/ros/humble/lib/libbuiltin_interfaces__rosidl_typesupport_introspection_c.so /opt/ros/humble/lib/librosidl_typesupport_introspection_c.so /opt/ros/humble/lib/libstd_msgs__rosidl_generator_c.so /opt/ros/humble/lib/libbuiltin_interfaces__rosidl_generator_c.so /opt/ros/humble/lib/librosidl_runtime_c.so /opt/ros/humble/lib/librcutils.so -ldl 
gmake[2]: Leaving directory '/home/swati/Motion_Planning/MP_for_AV/src/MP_for_AV/build/vd_carla_msgs'
[ 54%] Built target vd_carla_msgs__rosidl_typesupport_introspection_c
cd /home/swati/Motion_Planning/MP_for_AV/src/MP_for_AV/build/vd_carla_msgs && /opt/cmake-3.28.3-linux-x86_64/bin/cmake -E cmake_depends "Unix Makefiles" /home/swati/Motion_Planning/MP_for_AV/src/MP_for_AV/vd_carla_msgs /home/swati/Motion_Planning/MP_for_AV/src/MP_for_AV/vd_carla_msgs /home/swati/Motion_Planning/MP_for_AV/src/MP_for_AV/build/vd_carla_msgs /home/swati/Motion_Planning/MP_for_AV/src/MP_for_AV/build/vd_carla_msgs /home/swati/Motion_Planning/MP_for_AV/src/MP_for_AV/build/vd_carla_msgs/CMakeFiles/vd_carla_msgs__rosidl_typesupport_c.dir/DependInfo.cmake "--color="
gmake[2]: Leaving directory '/home/swati/Motion_Planning/MP_for_AV/src/MP_for_AV/build/vd_carla_msgs'
/usr/bin/gmake  -f CMakeFiles/vd_carla_msgs__rosidl_typesupport_c.dir/build.make CMakeFiles/vd_carla_msgs__rosidl_typesupport_c.dir/build
gmake[2]: Entering directory '/home/swati/Motion_Planning/MP_for_AV/src/MP_for_AV/build/vd_carla_msgs'
[ 58%] [32mBuilding CXX object CMakeFiles/vd_carla_msgs__rosidl_typesupport_c.dir/rosidl_typesupport_c/vd_carla_msgs/msg/carla_ego_vehicle_control__type_support.cpp.o[0m
/usr/bin/c++ -DRCUTILS_ENABLE_FAULT_INJECTION -DROSIDL_GENERATOR_C_BUILDING_DLL_vd_carla_msgs -DROS_PACKAGE_NAME=\"vd_carla_msgs\" -I/home/swati/Motion_Planning/MP_for_AV/src/MP_for_AV/build/vd_carla_msgs/rosidl_generator_c -isystem /opt/ros/humble/include/std_msgs -isystem /opt/ros/humble/include/builtin_interfaces -isystem /opt/ros/humble/include/rosidl_runtime_c -isystem /opt/ros/humble/include/rcutils -isystem /opt/ros/humble/include/rosidl_typesupport_interface -isystem /opt/ros/humble/include/rosidl_typesupport_c -std=gnu++14 -fPIC -Wall -MD -MT CMakeFiles/vd_carla_msgs__rosidl_typesupport_c.dir/rosidl_typesupport_c/vd_carla_msgs/msg/carla_ego_vehicle_control__type_support.cpp.o -MF CMakeFiles/vd_carla_msgs__rosidl_typesupport_c.dir/rosidl_typesupport_c/vd_carla_msgs/msg/carla_ego_vehicle_control__type_support.cpp.o.d -o CMakeFiles/vd_carla_msgs__rosidl_typesupport_c.dir/rosidl_typesupport_c/vd_carla_msgs/msg/carla_ego_vehicle_control__type_support.cpp.o -c /home/swati/Motion_Planning/MP_for_AV/src/MP_for_AV/build/vd_carla_msgs/rosidl_typesupport_c/vd_carla_msgs/msg/carla_ego_vehicle_control__type_support.cpp
[ 61%] [32m[1mLinking CXX shared library libvd_carla_msgs__rosidl_typesupport_c.so[0m
[ 64%] [32m[1mLinking CXX shared library libvd_carla_msgs__rosidl_typesupport_fastrtps_cpp.so[0m
/opt/cmake-3.28.3-linux-x86_64/bin/cmake -E cmake_link_script CMakeFiles/vd_carla_msgs__rosidl_typesupport_c.dir/link.txt --verbose=1
/opt/cmake-3.28.3-linux-x86_64/bin/cmake -E cmake_link_script CMakeFiles/vd_carla_msgs__rosidl_typesupport_fastrtps_cpp.dir/link.txt --verbose=1
/usr/bin/c++ -fPIC -shared -Wl,-soname,libvd_carla_msgs__rosidl_typesupport_c.so -o libvd_carla_msgs__rosidl_typesupport_c.so CMakeFiles/vd_carla_msgs__rosidl_typesupport_c.dir/rosidl_typesupport_c/vd_carla_msgs/msg/carla_ego_vehicle_control__type_support.cpp.o  -Wl,-rpath,/home/swati/Motion_Planning/MP_for_AV/src/MP_for_AV/build/vd_carla_msgs:/opt/ros/humble/lib: libvd_carla_msgs__rosidl_generator_c.so /opt/ros/humble/lib/libstd_msgs__rosidl_typesupport_c.so /opt/ros/humble/lib/libbuiltin_interfaces__rosidl_typesupport_c.so /opt/ros/humble/lib/librosidl_typesupport_c.so /opt/ros/humble/lib/libstd_msgs__rosidl_generator_c.so /opt/ros/humble/lib/libbuiltin_interfaces__rosidl_generator_c.so /opt/ros/humble/lib/librosidl_runtime_c.so /opt/ros/humble/lib/librcutils.so -ldl -Wl,-rpath-link,/opt/ros/humble/lib 
/usr/bin/c++ -fPIC -shared -Wl,-soname,libvd_carla_msgs__rosidl_typesupport_fastrtps_cpp.so -o libvd_carla_msgs__rosidl_typesupport_fastrtps_cpp.so CMakeFiles/vd_carla_msgs__rosidl_typesupport_fastrtps_cpp.dir/rosidl_typesupport_fastrtps_cpp/vd_carla_msgs/msg/detail/dds_fastrtps/carla_ego_vehicle_control__type_support.cpp.o  -Wl,-rpath,/opt/ros/humble/lib: /opt/ros/humble/lib/libstd_msgs__rosidl_typesupport_fastrtps_cpp.so /opt/ros/humble/lib/libbuiltin_interfaces__rosidl_typesupport_fastrtps_cpp.so /opt/ros/humble/lib/librosidl_typesupport_fastrtps_cpp.so /opt/ros/humble/lib/libfastcdr.so.1.0.24 /opt/ros/humble/lib/librmw.so /opt/ros/humble/lib/librosidl_runtime_c.so /opt/ros/humble/lib/librcutils.so -ldl 
[ 67%] [32m[1mLinking CXX shared library libvd_carla_msgs__rosidl_typesupport_introspection_cpp.so[0m
/opt/cmake-3.28.3-linux-x86_64/bin/cmake -E cmake_link_script CMakeFiles/vd_carla_msgs__rosidl_typesupport_introspection_cpp.dir/link.txt --verbose=1
/usr/bin/c++ -fPIC -shared -Wl,-soname,libvd_carla_msgs__rosidl_typesupport_introspection_cpp.so -o libvd_carla_msgs__rosidl_typesupport_introspection_cpp.so CMakeFiles/vd_carla_msgs__rosidl_typesupport_introspection_cpp.dir/rosidl_typesupport_introspection_cpp/vd_carla_msgs/msg/detail/carla_ego_vehicle_control__type_support.cpp.o  -Wl,-rpath,/opt/ros/humble/lib: /opt/ros/humble/lib/libstd_msgs__rosidl_typesupport_introspection_cpp.so /opt/ros/humble/lib/libbuiltin_interfaces__rosidl_typesupport_introspection_cpp.so /opt/ros/humble/lib/librosidl_typesupport_introspection_cpp.so /opt/ros/humble/lib/librosidl_typesupport_introspection_c.so /opt/ros/humble/lib/librosidl_runtime_c.so /opt/ros/humble/lib/librcutils.so -ldl 
gmake[2]: Leaving directory '/home/swati/Motion_Planning/MP_for_AV/src/MP_for_AV/build/vd_carla_msgs'
[ 67%] Built target vd_carla_msgs__rosidl_typesupport_c
gmake[2]: Leaving directory '/home/swati/Motion_Planning/MP_for_AV/src/MP_for_AV/build/vd_carla_msgs'
[ 67%] Built target vd_carla_msgs__rosidl_typesupport_fastrtps_cpp
gmake[2]: Leaving directory '/home/swati/Motion_Planning/MP_for_AV/src/MP_for_AV/build/vd_carla_msgs'
[ 67%] Built target vd_carla_msgs__rosidl_typesupport_introspection_cpp
[ 70%] [32m[1mLinking CXX shared library libvd_carla_msgs__rosidl_typesupport_fastrtps_c.so[0m
/opt/cmake-3.28.3-linux-x86_64/bin/cmake -E cmake_link_script CMakeFiles/vd_carla_msgs__rosidl_typesupport_fastrtps_c.dir/link.txt --verbose=1
/usr/bin/c++ -fPIC -shared -Wl,-soname,libvd_carla_msgs__rosidl_typesupport_fastrtps_c.so -o libvd_carla_msgs__rosidl_typesupport_fastrtps_c.so CMakeFiles/vd_carla_msgs__rosidl_typesupport_fastrtps_c.dir/rosidl_typesupport_fastrtps_c/vd_carla_msgs/msg/detail/carla_ego_vehicle_control__type_support_c.cpp.o  -Wl,-rpath,/home/swati/Motion_Planning/MP_for_AV/src/MP_for_AV/build/vd_carla_msgs:/opt/ros/humble/lib: libvd_carla_msgs__rosidl_generator_c.so /opt/ros/humble/lib/libstd_msgs__rosidl_typesupport_fastrtps_c.so /opt/ros/humble/lib/libbuiltin_interfaces__rosidl_typesupport_fastrtps_c.so /opt/ros/humble/lib/librosidl_typesupport_fastrtps_cpp.so /opt/ros/humble/lib/libfastcdr.so.1.0.24 /opt/ros/humble/lib/librmw.so /opt/ros/humble/lib/librosidl_typesupport_fastrtps_c.so /opt/ros/humble/lib/libstd_msgs__rosidl_generator_c.so /opt/ros/humble/lib/libbuiltin_interfaces__rosidl_generator_c.so /opt/ros/humble/lib/librosidl_runtime_c.so /opt/ros/humble/lib/librcutils.so -ldl 
gmake[2]: Leaving directory '/home/swati/Motion_Planning/MP_for_AV/src/MP_for_AV/build/vd_carla_msgs'
[ 70%] Built target vd_carla_msgs__rosidl_typesupport_fastrtps_c
/usr/bin/gmake  -f CMakeFiles/vd_carla_msgs.dir/build.make CMakeFiles/vd_carla_msgs.dir/depend
gmake[2]: Entering directory '/home/swati/Motion_Planning/MP_for_AV/src/MP_for_AV/build/vd_carla_msgs'
cd /home/swati/Motion_Planning/MP_for_AV/src/MP_for_AV/build/vd_carla_msgs && /opt/cmake-3.28.3-linux-x86_64/bin/cmake -E cmake_depends "Unix Makefiles" /home/swati/Motion_Planning/MP_for_AV/src/MP_for_AV/vd_carla_msgs /home/swati/Motion_Planning/MP_for_AV/src/MP_for_AV/vd_carla_msgs /home/swati/Motion_Planning/MP_for_AV/src/MP_for_AV/build/vd_carla_msgs /home/swati/Motion_Planning/MP_for_AV/src/MP_for_AV/build/vd_carla_msgs /home/swati/Motion_Planning/MP_for_AV/src/MP_for_AV/build/vd_carla_msgs/CMakeFiles/vd_carla_msgs.dir/DependInfo.cmake "--color="
gmake[2]: Leaving directory '/home/swati/Motion_Planning/MP_for_AV/src/MP_for_AV/build/vd_carla_msgs'
/usr/bin/gmake  -f CMakeFiles/vd_carla_msgs.dir/build.make CMakeFiles/vd_carla_msgs.dir/build
gmake[2]: Entering directory '/home/swati/Motion_Planning/MP_for_AV/src/MP_for_AV/build/vd_carla_msgs'
gmake[2]: Nothing to be done for 'CMakeFiles/vd_carla_msgs.dir/build'.
gmake[2]: Leaving directory '/home/swati/Motion_Planning/MP_for_AV/src/MP_for_AV/build/vd_carla_msgs'
[ 70%] Built target vd_carla_msgs
/usr/bin/gmake  -f /home/swati/Motion_Planning/MP_for_AV/src/MP_for_AV/build/vd_carla_msgs/vd_carla_msgs__py/CMakeFiles/vd_carla_msgs__py.dir/build.make /home/swati/Motion_Planning/MP_for_AV/src/MP_for_AV/build/vd_carla_msgs/vd_carla_msgs__py/CMakeFiles/vd_carla_msgs__py.dir/depend
gmake[2]: Entering directory '/home/swati/Motion_Planning/MP_for_AV/src/MP_for_AV/build/vd_carla_msgs'
cd /home/swati/Motion_Planning/MP_for_AV/src/MP_for_AV/build/vd_carla_msgs && /opt/cmake-3.28.3-linux-x86_64/bin/cmake -E cmake_depends "Unix Makefiles" /home/swati/Motion_Planning/MP_for_AV/src/MP_for_AV/vd_carla_msgs /home/swati/Motion_Planning/MP_for_AV/src/MP_for_AV/build/vd_carla_msgs/vd_carla_msgs__py /home/swati/Motion_Planning/MP_for_AV/src/MP_for_AV/build/vd_carla_msgs /home/swati/Motion_Planning/MP_for_AV/src/MP_for_AV/build/vd_carla_msgs/vd_carla_msgs__py /home/swati/Motion_Planning/MP_for_AV/src/MP_for_AV/build/vd_carla_msgs/vd_carla_msgs__py/CMakeFiles/vd_carla_msgs__py.dir/DependInfo.cmake "--color="
gmake[2]: Leaving directory '/home/swati/Motion_Planning/MP_for_AV/src/MP_for_AV/build/vd_carla_msgs'
/usr/bin/gmake  -f /home/swati/Motion_Planning/MP_for_AV/src/MP_for_AV/build/vd_carla_msgs/vd_carla_msgs__py/CMakeFiles/vd_carla_msgs__py.dir/build.make /home/swati/Motion_Planning/MP_for_AV/src/MP_for_AV/build/vd_carla_msgs/vd_carla_msgs__py/CMakeFiles/vd_carla_msgs__py.dir/build
gmake[2]: Entering directory '/home/swati/Motion_Planning/MP_for_AV/src/MP_for_AV/build/vd_carla_msgs'
[ 74%] [34m[1mGenerating Python code for ROS interfaces[0m
cd /home/swati/Motion_Planning/MP_for_AV/src/MP_for_AV/build/vd_carla_msgs/vd_carla_msgs__py && /usr/bin/python3 /opt/ros/humble/share/rosidl_generator_py/cmake/../../../lib/rosidl_generator_py/rosidl_generator_py --generator-arguments-file /home/swati/Motion_Planning/MP_for_AV/src/MP_for_AV/build/vd_carla_msgs/rosidl_generator_py__arguments.json --typesupport-impls "rosidl_typesupport_fastrtps_c;rosidl_typesupport_introspection_c;rosidl_typesupport_c"
gmake[2]: Leaving directory '/home/swati/Motion_Planning/MP_for_AV/src/MP_for_AV/build/vd_carla_msgs'
[ 74%] Built target vd_carla_msgs__py
/usr/bin/gmake  -f CMakeFiles/vd_carla_msgs__rosidl_generator_py.dir/build.make CMakeFiles/vd_carla_msgs__rosidl_generator_py.dir/depend
gmake[2]: Entering directory '/home/swati/Motion_Planning/MP_for_AV/src/MP_for_AV/build/vd_carla_msgs'
cd /home/swati/Motion_Planning/MP_for_AV/src/MP_for_AV/build/vd_carla_msgs && /opt/cmake-3.28.3-linux-x86_64/bin/cmake -E cmake_depends "Unix Makefiles" /home/swati/Motion_Planning/MP_for_AV/src/MP_for_AV/vd_carla_msgs /home/swati/Motion_Planning/MP_for_AV/src/MP_for_AV/vd_carla_msgs /home/swati/Motion_Planning/MP_for_AV/src/MP_for_AV/build/vd_carla_msgs /home/swati/Motion_Planning/MP_for_AV/src/MP_for_AV/build/vd_carla_msgs /home/swati/Motion_Planning/MP_for_AV/src/MP_for_AV/build/vd_carla_msgs/CMakeFiles/vd_carla_msgs__rosidl_generator_py.dir/DependInfo.cmake "--color="
gmake[2]: Leaving directory '/home/swati/Motion_Planning/MP_for_AV/src/MP_for_AV/build/vd_carla_msgs'
/usr/bin/gmake  -f CMakeFiles/vd_carla_msgs__rosidl_generator_py.dir/build.make CMakeFiles/vd_carla_msgs__rosidl_generator_py.dir/build
gmake[2]: Entering directory '/home/swati/Motion_Planning/MP_for_AV/src/MP_for_AV/build/vd_carla_msgs'
[ 77%] [32mBuilding C object CMakeFiles/vd_carla_msgs__rosidl_generator_py.dir/rosidl_generator_py/vd_carla_msgs/msg/_carla_ego_vehicle_control_s.c.o[0m
/usr/bin/cc -DRCUTILS_ENABLE_FAULT_INJECTION -DROS_PACKAGE_NAME=\"vd_carla_msgs\" -Dvd_carla_msgs__rosidl_generator_py_EXPORTS -I/home/swati/Motion_Planning/MP_for_AV/src/MP_for_AV/build/vd_carla_msgs/rosidl_generator_c -I/home/swati/Motion_Planning/MP_for_AV/src/MP_for_AV/build/vd_carla_msgs/rosidl_generator_py -I/usr/include/python3.10 -isystem /opt/ros/humble/include/std_msgs -isystem /opt/ros/humble/include/builtin_interfaces -isystem /opt/ros/humble/include/rosidl_runtime_c -isystem /opt/ros/humble/include/rcutils -isystem /opt/ros/humble/include/rosidl_typesupport_interface -fPIC -Wall -Wextra -MD -MT CMakeFiles/vd_carla_msgs__rosidl_generator_py.dir/rosidl_generator_py/vd_carla_msgs/msg/_carla_ego_vehicle_control_s.c.o -MF CMakeFiles/vd_carla_msgs__rosidl_generator_py.dir/rosidl_generator_py/vd_carla_msgs/msg/_carla_ego_vehicle_control_s.c.o.d -o CMakeFiles/vd_carla_msgs__rosidl_generator_py.dir/rosidl_generator_py/vd_carla_msgs/msg/_carla_ego_vehicle_control_s.c.o -c /home/swati/Motion_Planning/MP_for_AV/src/MP_for_AV/build/vd_carla_msgs/rosidl_generator_py/vd_carla_msgs/msg/_carla_ego_vehicle_control_s.c
[ 80%] [32m[1mLinking C shared library rosidl_generator_py/vd_carla_msgs/libvd_carla_msgs__rosidl_generator_py.so[0m
/opt/cmake-3.28.3-linux-x86_64/bin/cmake -E cmake_link_script CMakeFiles/vd_carla_msgs__rosidl_generator_py.dir/link.txt --verbose=1
/usr/bin/cc -fPIC -shared -Wl,-soname,libvd_carla_msgs__rosidl_generator_py.so -o rosidl_generator_py/vd_carla_msgs/libvd_carla_msgs__rosidl_generator_py.so CMakeFiles/vd_carla_msgs__rosidl_generator_py.dir/rosidl_generator_py/vd_carla_msgs/msg/_carla_ego_vehicle_control_s.c.o  -Wl,-rpath,/home/swati/Motion_Planning/MP_for_AV/src/MP_for_AV/build/vd_carla_msgs:/opt/ros/humble/lib: /usr/lib/x86_64-linux-gnu/libpython3.10.so libvd_carla_msgs__rosidl_typesupport_c.so /opt/ros/humble/lib/libstd_msgs__rosidl_generator_py.so /opt/ros/humble/lib/libbuiltin_interfaces__rosidl_generator_py.so libvd_carla_msgs__rosidl_generator_c.so /usr/lib/x86_64-linux-gnu/libpython3.10.so /opt/ros/humble/lib/libstd_msgs__rosidl_typesupport_c.so /opt/ros/humble/lib/libstd_msgs__rosidl_generator_c.so /opt/ros/humble/lib/libbuiltin_interfaces__rosidl_typesupport_c.so /opt/ros/humble/lib/libbuiltin_interfaces__rosidl_generator_c.so /opt/ros/humble/lib/librosidl_runtime_c.so /opt/ros/humble/lib/librcutils.so -ldl -Wl,-rpath-link,/opt/ros/humble/lib 
gmake[2]: Leaving directory '/home/swati/Motion_Planning/MP_for_AV/src/MP_for_AV/build/vd_carla_msgs'
[ 80%] Built target vd_carla_msgs__rosidl_generator_py
/usr/bin/gmake  -f CMakeFiles/vd_carla_msgs__rosidl_typesupport_fastrtps_c__pyext.dir/build.make CMakeFiles/vd_carla_msgs__rosidl_typesupport_fastrtps_c__pyext.dir/depend
/usr/bin/gmake  -f CMakeFiles/vd_carla_msgs__rosidl_typesupport_introspection_c__pyext.dir/build.make CMakeFiles/vd_carla_msgs__rosidl_typesupport_introspection_c__pyext.dir/depend
/usr/bin/gmake  -f CMakeFiles/vd_carla_msgs__rosidl_typesupport_c__pyext.dir/build.make CMakeFiles/vd_carla_msgs__rosidl_typesupport_c__pyext.dir/depend
gmake[2]: Entering directory '/home/swati/Motion_Planning/MP_for_AV/src/MP_for_AV/build/vd_carla_msgs'
cd /home/swati/Motion_Planning/MP_for_AV/src/MP_for_AV/build/vd_carla_msgs && /opt/cmake-3.28.3-linux-x86_64/bin/cmake -E cmake_depends "Unix Makefiles" /home/swati/Motion_Planning/MP_for_AV/src/MP_for_AV/vd_carla_msgs /home/swati/Motion_Planning/MP_for_AV/src/MP_for_AV/vd_carla_msgs /home/swati/Motion_Planning/MP_for_AV/src/MP_for_AV/build/vd_carla_msgs /home/swati/Motion_Planning/MP_for_AV/src/MP_for_AV/build/vd_carla_msgs /home/swati/Motion_Planning/MP_for_AV/src/MP_for_AV/build/vd_carla_msgs/CMakeFiles/vd_carla_msgs__rosidl_typesupport_c__pyext.dir/DependInfo.cmake "--color="
gmake[2]: Entering directory '/home/swati/Motion_Planning/MP_for_AV/src/MP_for_AV/build/vd_carla_msgs'
cd /home/swati/Motion_Planning/MP_for_AV/src/MP_for_AV/build/vd_carla_msgs && /opt/cmake-3.28.3-linux-x86_64/bin/cmake -E cmake_depends "Unix Makefiles" /home/swati/Motion_Planning/MP_for_AV/src/MP_for_AV/vd_carla_msgs /home/swati/Motion_Planning/MP_for_AV/src/MP_for_AV/vd_carla_msgs /home/swati/Motion_Planning/MP_for_AV/src/MP_for_AV/build/vd_carla_msgs /home/swati/Motion_Planning/MP_for_AV/src/MP_for_AV/build/vd_carla_msgs /home/swati/Motion_Planning/MP_for_AV/src/MP_for_AV/build/vd_carla_msgs/CMakeFiles/vd_carla_msgs__rosidl_typesupport_fastrtps_c__pyext.dir/DependInfo.cmake "--color="
gmake[2]: Entering directory '/home/swati/Motion_Planning/MP_for_AV/src/MP_for_AV/build/vd_carla_msgs'
cd /home/swati/Motion_Planning/MP_for_AV/src/MP_for_AV/build/vd_carla_msgs && /opt/cmake-3.28.3-linux-x86_64/bin/cmake -E cmake_depends "Unix Makefiles" /home/swati/Motion_Planning/MP_for_AV/src/MP_for_AV/vd_carla_msgs /home/swati/Motion_Planning/MP_for_AV/src/MP_for_AV/vd_carla_msgs /home/swati/Motion_Planning/MP_for_AV/src/MP_for_AV/build/vd_carla_msgs /home/swati/Motion_Planning/MP_for_AV/src/MP_for_AV/build/vd_carla_msgs /home/swati/Motion_Planning/MP_for_AV/src/MP_for_AV/build/vd_carla_msgs/CMakeFiles/vd_carla_msgs__rosidl_typesupport_introspection_c__pyext.dir/DependInfo.cmake "--color="
gmake[2]: Leaving directory '/home/swati/Motion_Planning/MP_for_AV/src/MP_for_AV/build/vd_carla_msgs'
gmake[2]: Leaving directory '/home/swati/Motion_Planning/MP_for_AV/src/MP_for_AV/build/vd_carla_msgs'
/usr/bin/gmake  -f CMakeFiles/vd_carla_msgs__rosidl_typesupport_c__pyext.dir/build.make CMakeFiles/vd_carla_msgs__rosidl_typesupport_c__pyext.dir/build
/usr/bin/gmake  -f CMakeFiles/vd_carla_msgs__rosidl_typesupport_fastrtps_c__pyext.dir/build.make CMakeFiles/vd_carla_msgs__rosidl_typesupport_fastrtps_c__pyext.dir/build
gmake[2]: Leaving directory '/home/swati/Motion_Planning/MP_for_AV/src/MP_for_AV/build/vd_carla_msgs'
/usr/bin/gmake  -f CMakeFiles/vd_carla_msgs__rosidl_typesupport_introspection_c__pyext.dir/build.make CMakeFiles/vd_carla_msgs__rosidl_typesupport_introspection_c__pyext.dir/build
gmake[2]: Entering directory '/home/swati/Motion_Planning/MP_for_AV/src/MP_for_AV/build/vd_carla_msgs'
gmake[2]: Entering directory '/home/swati/Motion_Planning/MP_for_AV/src/MP_for_AV/build/vd_carla_msgs'
gmake[2]: Entering directory '/home/swati/Motion_Planning/MP_for_AV/src/MP_for_AV/build/vd_carla_msgs'
[ 83%] [32mBuilding C object CMakeFiles/vd_carla_msgs__rosidl_typesupport_c__pyext.dir/rosidl_generator_py/vd_carla_msgs/_vd_carla_msgs_s.ep.rosidl_typesupport_c.c.o[0m
/usr/bin/cc -DRCUTILS_ENABLE_FAULT_INJECTION -DROS_PACKAGE_NAME=\"vd_carla_msgs\" -Dvd_carla_msgs__rosidl_typesupport_c__pyext_EXPORTS -I/home/swati/Motion_Planning/MP_for_AV/src/MP_for_AV/build/vd_carla_msgs/rosidl_generator_c -I/home/swati/Motion_Planning/MP_for_AV/src/MP_for_AV/build/vd_carla_msgs/rosidl_generator_py -I/usr/include/python3.10 -isystem /opt/ros/humble/include/rosidl_runtime_c -isystem /opt/ros/humble/include/rosidl_typesupport_c -isystem /opt/ros/humble/include/rosidl_typesupport_interface -isystem /opt/ros/humble/include/std_msgs -isystem /opt/ros/humble/include/builtin_interfaces -isystem /opt/ros/humble/include/rmw -isystem /opt/ros/humble/include/rcutils -isystem /opt/ros/humble/include/fastcdr -isystem /opt/ros/humble/include/rosidl_runtime_cpp -isystem /opt/ros/humble/include/rosidl_typesupport_fastrtps_cpp -isystem /opt/ros/humble/include/rosidl_typesupport_fastrtps_c -isystem /opt/ros/humble/include/rosidl_typesupport_introspection_c -isystem /opt/ros/humble/include/rosidl_typesupport_introspection_cpp -fPIC -Wall -Wextra -MD -MT CMakeFiles/vd_carla_msgs__rosidl_typesupport_c__pyext.dir/rosidl_generator_py/vd_carla_msgs/_vd_carla_msgs_s.ep.rosidl_typesupport_c.c.o -MF CMakeFiles/vd_carla_msgs__rosidl_typesupport_c__pyext.dir/rosidl_generator_py/vd_carla_msgs/_vd_carla_msgs_s.ep.rosidl_typesupport_c.c.o.d -o CMakeFiles/vd_carla_msgs__rosidl_typesupport_c__pyext.dir/rosidl_generator_py/vd_carla_msgs/_vd_carla_msgs_s.ep.rosidl_typesupport_c.c.o -c /home/swati/Motion_Planning/MP_for_AV/src/MP_for_AV/build/vd_carla_msgs/rosidl_generator_py/vd_carla_msgs/_vd_carla_msgs_s.ep.rosidl_typesupport_c.c
[ 87%] [32mBuilding C object CMakeFiles/vd_carla_msgs__rosidl_typesupport_fastrtps_c__pyext.dir/rosidl_generator_py/vd_carla_msgs/_vd_carla_msgs_s.ep.rosidl_typesupport_fastrtps_c.c.o[0m
/usr/bin/cc -DRCUTILS_ENABLE_FAULT_INJECTION -DROS_PACKAGE_NAME=\"vd_carla_msgs\" -Dvd_carla_msgs__rosidl_typesupport_fastrtps_c__pyext_EXPORTS -I/home/swati/Motion_Planning/MP_for_AV/src/MP_for_AV/build/vd_carla_msgs/rosidl_generator_c -I/home/swati/Motion_Planning/MP_for_AV/src/MP_for_AV/build/vd_carla_msgs/rosidl_generator_py -I/usr/include/python3.10 -I/home/swati/Motion_Planning/MP_for_AV/src/MP_for_AV/build/vd_carla_msgs/rosidl_typesupport_fastrtps_c -isystem /opt/ros/humble/include/rosidl_runtime_c -isystem /opt/ros/humble/include/rosidl_typesupport_c -isystem /opt/ros/humble/include/rosidl_typesupport_interface -isystem /opt/ros/humble/include/std_msgs -isystem /opt/ros/humble/include/builtin_interfaces -isystem /opt/ros/humble/include/rmw -isystem /opt/ros/humble/include/rcutils -isystem /opt/ros/humble/include/fastcdr -isystem /opt/ros/humble/include/rosidl_runtime_cpp -isystem /opt/ros/humble/include/rosidl_typesupport_fastrtps_cpp -isystem /opt/ros/humble/include/rosidl_typesupport_fastrtps_c -isystem /opt/ros/humble/include/rosidl_typesupport_introspection_c -isystem /opt/ros/humble/include/rosidl_typesupport_introspection_cpp -fPIC -Wall -Wextra -MD -MT CMakeFiles/vd_carla_msgs__rosidl_typesupport_fastrtps_c__pyext.dir/rosidl_generator_py/vd_carla_msgs/_vd_carla_msgs_s.ep.rosidl_typesupport_fastrtps_c.c.o -MF CMakeFiles/vd_carla_msgs__rosidl_typesupport_fastrtps_c__pyext.dir/rosidl_generator_py/vd_carla_msgs/_vd_carla_msgs_s.ep.rosidl_typesupport_fastrtps_c.c.o.d -o CMakeFiles/vd_carla_msgs__rosidl_typesupport_fastrtps_c__pyext.dir/rosidl_generator_py/vd_carla_msgs/_vd_carla_msgs_s.ep.rosidl_typesupport_fastrtps_c.c.o -c /home/swati/Motion_Planning/MP_for_AV/src/MP_for_AV/build/vd_carla_msgs/rosidl_generator_py/vd_carla_msgs/_vd_carla_msgs_s.ep.rosidl_typesupport_fastrtps_c.c
[ 90%] [32mBuilding C object CMakeFiles/vd_carla_msgs__rosidl_typesupport_introspection_c__pyext.dir/rosidl_generator_py/vd_carla_msgs/_vd_carla_msgs_s.ep.rosidl_typesupport_introspection_c.c.o[0m
/usr/bin/cc -DRCUTILS_ENABLE_FAULT_INJECTION -DROS_PACKAGE_NAME=\"vd_carla_msgs\" -Dvd_carla_msgs__rosidl_typesupport_introspection_c__pyext_EXPORTS -I/home/swati/Motion_Planning/MP_for_AV/src/MP_for_AV/build/vd_carla_msgs/rosidl_generator_c -I/home/swati/Motion_Planning/MP_for_AV/src/MP_for_AV/build/vd_carla_msgs/rosidl_generator_py -I/usr/include/python3.10 -I/home/swati/Motion_Planning/MP_for_AV/src/MP_for_AV/build/vd_carla_msgs/rosidl_typesupport_introspection_c -isystem /opt/ros/humble/include/rosidl_runtime_c -isystem /opt/ros/humble/include/rosidl_typesupport_c -isystem /opt/ros/humble/include/rosidl_typesupport_interface -isystem /opt/ros/humble/include/std_msgs -isystem /opt/ros/humble/include/builtin_interfaces -isystem /opt/ros/humble/include/rmw -isystem /opt/ros/humble/include/rcutils -isystem /opt/ros/humble/include/rosidl_typesupport_introspection_c -isystem /opt/ros/humble/include/fastcdr -isystem /opt/ros/humble/include/rosidl_runtime_cpp -isystem /opt/ros/humble/include/rosidl_typesupport_fastrtps_cpp -isystem /opt/ros/humble/include/rosidl_typesupport_fastrtps_c -isystem /opt/ros/humble/include/rosidl_typesupport_introspection_cpp -fPIC -Wall -Wextra -MD -MT CMakeFiles/vd_carla_msgs__rosidl_typesupport_introspection_c__pyext.dir/rosidl_generator_py/vd_carla_msgs/_vd_carla_msgs_s.ep.rosidl_typesupport_introspection_c.c.o -MF CMakeFiles/vd_carla_msgs__rosidl_typesupport_introspection_c__pyext.dir/rosidl_generator_py/vd_carla_msgs/_vd_carla_msgs_s.ep.rosidl_typesupport_introspection_c.c.o.d -o CMakeFiles/vd_carla_msgs__rosidl_typesupport_introspection_c__pyext.dir/rosidl_generator_py/vd_carla_msgs/_vd_carla_msgs_s.ep.rosidl_typesupport_introspection_c.c.o -c /home/swati/Motion_Planning/MP_for_AV/src/MP_for_AV/build/vd_carla_msgs/rosidl_generator_py/vd_carla_msgs/_vd_carla_msgs_s.ep.rosidl_typesupport_introspection_c.c
[ 93%] [32m[1mLinking C shared library rosidl_generator_py/vd_carla_msgs/vd_carla_msgs_s__rosidl_typesupport_c.cpython-310-x86_64-linux-gnu.so[0m
[ 96%] [32m[1mLinking C shared library rosidl_generator_py/vd_carla_msgs/vd_carla_msgs_s__rosidl_typesupport_fastrtps_c.cpython-310-x86_64-linux-gnu.so[0m
/opt/cmake-3.28.3-linux-x86_64/bin/cmake -E cmake_link_script CMakeFiles/vd_carla_msgs__rosidl_typesupport_c__pyext.dir/link.txt --verbose=1
/opt/cmake-3.28.3-linux-x86_64/bin/cmake -E cmake_link_script CMakeFiles/vd_carla_msgs__rosidl_typesupport_fastrtps_c__pyext.dir/link.txt --verbose=1
/usr/bin/cc -fPIC -shared -Wl,-soname,vd_carla_msgs_s__rosidl_typesupport_c.cpython-310-x86_64-linux-gnu.so -o rosidl_generator_py/vd_carla_msgs/vd_carla_msgs_s__rosidl_typesupport_c.cpython-310-x86_64-linux-gnu.so CMakeFiles/vd_carla_msgs__rosidl_typesupport_c__pyext.dir/rosidl_generator_py/vd_carla_msgs/_vd_carla_msgs_s.ep.rosidl_typesupport_c.c.o  -Wl,-rpath,/home/swati/Motion_Planning/MP_for_AV/src/MP_for_AV/build/vd_carla_msgs/rosidl_generator_py/vd_carla_msgs:/home/swati/Motion_Planning/MP_for_AV/src/MP_for_AV/build/vd_carla_msgs:/opt/ros/humble/lib: rosidl_generator_py/vd_carla_msgs/libvd_carla_msgs__rosidl_generator_py.so /usr/lib/x86_64-linux-gnu/libpython3.10.so libvd_carla_msgs__rosidl_typesupport_c.so /opt/ros/humble/lib/libstd_msgs__rosidl_typesupport_fastrtps_c.so /opt/ros/humble/lib/libstd_msgs__rosidl_typesupport_fastrtps_cpp.so /opt/ros/humble/lib/libstd_msgs__rosidl_typesupport_introspection_c.so /opt/ros/humble/lib/libstd_msgs__rosidl_typesupport_introspection_cpp.so /opt/ros/humble/lib/libstd_msgs__rosidl_typesupport_cpp.so /opt/ros/humble/lib/libstd_msgs__rosidl_generator_py.so /opt/ros/humble/lib/libbuiltin_interfaces__rosidl_typesupport_fastrtps_c.so /opt/ros/humble/lib/libbuiltin_interfaces__rosidl_typesupport_introspection_c.so /opt/ros/humble/lib/libbuiltin_interfaces__rosidl_typesupport_fastrtps_cpp.so /opt/ros/humble/lib/libbuiltin_interfaces__rosidl_typesupport_introspection_cpp.so /opt/ros/humble/lib/libbuiltin_interfaces__rosidl_typesupport_cpp.so /opt/ros/humble/lib/libbuiltin_interfaces__rosidl_generator_py.so /opt/ros/humble/lib/librmw.so /opt/ros/humble/lib/libstd_msgs__rosidl_typesupport_c.so /usr/lib/x86_64-linux-gnu/libpython3.10.so /opt/ros/humble/lib/libbuiltin_interfaces__rosidl_typesupport_c.so libvd_carla_msgs__rosidl_generator_c.so /opt/ros/humble/lib/librosidl_typesupport_fastrtps_c.so /opt/ros/humble/lib/librosidl_typesupport_fastrtps_cpp.so /opt/ros/humble/lib/libfastcdr.so.1.0.24 /opt/ros/humble/lib/librmw.so /opt/ros/humble/lib/libstd_msgs__rosidl_generator_c.so /opt/ros/humble/lib/libbuiltin_interfaces__rosidl_generator_c.so /opt/ros/humble/lib/librosidl_typesupport_introspection_cpp.so /opt/ros/humble/lib/librosidl_typesupport_introspection_c.so /opt/ros/humble/lib/librosidl_typesupport_c.so /opt/ros/humble/lib/librosidl_runtime_c.so /opt/ros/humble/lib/librcutils.so -ldl -Wl,-rpath-link,/opt/ros/humble/lib 
/usr/bin/cc -fPIC -shared -Wl,-soname,vd_carla_msgs_s__rosidl_typesupport_fastrtps_c.cpython-310-x86_64-linux-gnu.so -o rosidl_generator_py/vd_carla_msgs/vd_carla_msgs_s__rosidl_typesupport_fastrtps_c.cpython-310-x86_64-linux-gnu.so CMakeFiles/vd_carla_msgs__rosidl_typesupport_fastrtps_c__pyext.dir/rosidl_generator_py/vd_carla_msgs/_vd_carla_msgs_s.ep.rosidl_typesupport_fastrtps_c.c.o  -Wl,-rpath,/home/swati/Motion_Planning/MP_for_AV/src/MP_for_AV/build/vd_carla_msgs/rosidl_generator_py/vd_carla_msgs:/home/swati/Motion_Planning/MP_for_AV/src/MP_for_AV/build/vd_carla_msgs:/opt/ros/humble/lib: rosidl_generator_py/vd_carla_msgs/libvd_carla_msgs__rosidl_generator_py.so /usr/lib/x86_64-linux-gnu/libpython3.10.so libvd_carla_msgs__rosidl_typesupport_fastrtps_c.so libvd_carla_msgs__rosidl_typesupport_c.so /opt/ros/humble/lib/libstd_msgs__rosidl_typesupport_fastrtps_c.so /opt/ros/humble/lib/libstd_msgs__rosidl_typesupport_fastrtps_cpp.so /opt/ros/humble/lib/libstd_msgs__rosidl_typesupport_introspection_c.so /opt/ros/humble/lib/libstd_msgs__rosidl_typesupport_introspection_cpp.so /opt/ros/humble/lib/libstd_msgs__rosidl_typesupport_cpp.so /opt/ros/humble/lib/libstd_msgs__rosidl_generator_py.so /opt/ros/humble/lib/libbuiltin_interfaces__rosidl_typesupport_fastrtps_c.so /opt/ros/humble/lib/libbuiltin_interfaces__rosidl_typesupport_introspection_c.so /opt/ros/humble/lib/libbuiltin_interfaces__rosidl_typesupport_fastrtps_cpp.so /opt/ros/humble/lib/libbuiltin_interfaces__rosidl_typesupport_introspection_cpp.so /opt/ros/humble/lib/libbuiltin_interfaces__rosidl_typesupport_cpp.so /opt/ros/humble/lib/libbuiltin_interfaces__rosidl_generator_py.so /opt/ros/humble/lib/librmw.so /opt/ros/humble/lib/libstd_msgs__rosidl_typesupport_c.so /usr/lib/x86_64-linux-gnu/libpython3.10.so /opt/ros/humble/lib/libbuiltin_interfaces__rosidl_typesupport_c.so libvd_carla_msgs__rosidl_generator_c.so /opt/ros/humble/lib/librosidl_typesupport_fastrtps_c.so /opt/ros/humble/lib/librosidl_typesupport_fastrtps_cpp.so /opt/ros/humble/lib/libfastcdr.so.1.0.24 /opt/ros/humble/lib/librmw.so /opt/ros/humble/lib/libstd_msgs__rosidl_generator_c.so /opt/ros/humble/lib/libbuiltin_interfaces__rosidl_generator_c.so /opt/ros/humble/lib/librosidl_typesupport_introspection_cpp.so /opt/ros/humble/lib/librosidl_typesupport_introspection_c.so /opt/ros/humble/lib/librosidl_typesupport_c.so /opt/ros/humble/lib/librosidl_runtime_c.so /opt/ros/humble/lib/librcutils.so -ldl -Wl,-rpath-link,/opt/ros/humble/lib 
[100%] [32m[1mLinking C shared library rosidl_generator_py/vd_carla_msgs/vd_carla_msgs_s__rosidl_typesupport_introspection_c.cpython-310-x86_64-linux-gnu.so[0m
/opt/cmake-3.28.3-linux-x86_64/bin/cmake -E cmake_link_script CMakeFiles/vd_carla_msgs__rosidl_typesupport_introspection_c__pyext.dir/link.txt --verbose=1
/usr/bin/cc -fPIC -shared -Wl,-soname,vd_carla_msgs_s__rosidl_typesupport_introspection_c.cpython-310-x86_64-linux-gnu.so -o rosidl_generator_py/vd_carla_msgs/vd_carla_msgs_s__rosidl_typesupport_introspection_c.cpython-310-x86_64-linux-gnu.so CMakeFiles/vd_carla_msgs__rosidl_typesupport_introspection_c__pyext.dir/rosidl_generator_py/vd_carla_msgs/_vd_carla_msgs_s.ep.rosidl_typesupport_introspection_c.c.o  -Wl,-rpath,/home/swati/Motion_Planning/MP_for_AV/src/MP_for_AV/build/vd_carla_msgs/rosidl_generator_py/vd_carla_msgs:/home/swati/Motion_Planning/MP_for_AV/src/MP_for_AV/build/vd_carla_msgs:/opt/ros/humble/lib: rosidl_generator_py/vd_carla_msgs/libvd_carla_msgs__rosidl_generator_py.so /usr/lib/x86_64-linux-gnu/libpython3.10.so libvd_carla_msgs__rosidl_typesupport_introspection_c.so libvd_carla_msgs__rosidl_typesupport_c.so /opt/ros/humble/lib/libstd_msgs__rosidl_typesupport_fastrtps_c.so /opt/ros/humble/lib/libstd_msgs__rosidl_typesupport_fastrtps_cpp.so /opt/ros/humble/lib/libstd_msgs__rosidl_typesupport_introspection_c.so /opt/ros/humble/lib/libstd_msgs__rosidl_typesupport_introspection_cpp.so /opt/ros/humble/lib/libstd_msgs__rosidl_typesupport_cpp.so /opt/ros/humble/lib/libstd_msgs__rosidl_generator_py.so /opt/ros/humble/lib/libbuiltin_interfaces__rosidl_typesupport_fastrtps_c.so /opt/ros/humble/lib/libbuiltin_interfaces__rosidl_typesupport_introspection_c.so /opt/ros/humble/lib/libbuiltin_interfaces__rosidl_typesupport_fastrtps_cpp.so /opt/ros/humble/lib/libbuiltin_interfaces__rosidl_typesupport_introspection_cpp.so /opt/ros/humble/lib/libbuiltin_interfaces__rosidl_typesupport_cpp.so /opt/ros/humble/lib/libbuiltin_interfaces__rosidl_generator_py.so /opt/ros/humble/lib/librmw.so /opt/ros/humble/lib/libstd_msgs__rosidl_typesupport_c.so /usr/lib/x86_64-linux-gnu/libpython3.10.so /opt/ros/humble/lib/libbuiltin_interfaces__rosidl_typesupport_c.so libvd_carla_msgs__rosidl_generator_c.so /opt/ros/humble/lib/libstd_msgs__rosidl_generator_c.so /opt/ros/humble/lib/libbuiltin_interfaces__rosidl_generator_c.so /opt/ros/humble/lib/librosidl_typesupport_fastrtps_c.so /opt/ros/humble/lib/librosidl_typesupport_fastrtps_cpp.so /opt/ros/humble/lib/libfastcdr.so.1.0.24 /opt/ros/humble/lib/librmw.so /opt/ros/humble/lib/librosidl_typesupport_introspection_cpp.so /opt/ros/humble/lib/librosidl_typesupport_introspection_c.so /opt/ros/humble/lib/librosidl_typesupport_c.so /opt/ros/humble/lib/librosidl_runtime_c.so /opt/ros/humble/lib/librcutils.so -ldl -Wl,-rpath-link,/opt/ros/humble/lib 
gmake[2]: Leaving directory '/home/swati/Motion_Planning/MP_for_AV/src/MP_for_AV/build/vd_carla_msgs'
[100%] Built target vd_carla_msgs__rosidl_typesupport_c__pyext
gmake[2]: Leaving directory '/home/swati/Motion_Planning/MP_for_AV/src/MP_for_AV/build/vd_carla_msgs'
gmake[2]: Leaving directory '/home/swati/Motion_Planning/MP_for_AV/src/MP_for_AV/build/vd_carla_msgs'
[100%] Built target vd_carla_msgs__rosidl_typesupport_introspection_c__pyext
[100%] Built target vd_carla_msgs__rosidl_typesupport_fastrtps_c__pyext
gmake[1]: Leaving directory '/home/swati/Motion_Planning/MP_for_AV/src/MP_for_AV/build/vd_carla_msgs'
/opt/cmake-3.28.3-linux-x86_64/bin/cmake -E cmake_progress_start /home/swati/Motion_Planning/MP_for_AV/src/MP_for_AV/build/vd_carla_msgs/CMakeFiles 0

-- Install configuration: ""
-- Installing: /home/swati/Motion_Planning/MP_for_AV/src/MP_for_AV/install/vd_carla_msgs/share/ament_index/resource_index/rosidl_interfaces/vd_carla_msgs
-- Installing: /home/swati/Motion_Planning/MP_for_AV/src/MP_for_AV/install/vd_carla_msgs/include/vd_carla_msgs/vd_carla_msgs
-- Installing: /home/swati/Motion_Planning/MP_for_AV/src/MP_for_AV/install/vd_carla_msgs/include/vd_carla_msgs/vd_carla_msgs/msg
-- Installing: /home/swati/Motion_Planning/MP_for_AV/src/MP_for_AV/install/vd_carla_msgs/include/vd_carla_msgs/vd_carla_msgs/msg/carla_ego_vehicle_control.h
-- Installing: /home/swati/Motion_Planning/MP_for_AV/src/MP_for_AV/install/vd_carla_msgs/include/vd_carla_msgs/vd_carla_msgs/msg/detail
-- Installing: /home/swati/Motion_Planning/MP_for_AV/src/MP_for_AV/install/vd_carla_msgs/include/vd_carla_msgs/vd_carla_msgs/msg/detail/carla_ego_vehicle_control__struct.h
-- Installing: /home/swati/Motion_Planning/MP_for_AV/src/MP_for_AV/install/vd_carla_msgs/include/vd_carla_msgs/vd_carla_msgs/msg/detail/carla_ego_vehicle_control__functions.c
-- Installing: /home/swati/Motion_Planning/MP_for_AV/src/MP_for_AV/install/vd_carla_msgs/include/vd_carla_msgs/vd_carla_msgs/msg/detail/carla_ego_vehicle_control__functions.h
-- Installing: /home/swati/Motion_Planning/MP_for_AV/src/MP_for_AV/install/vd_carla_msgs/include/vd_carla_msgs/vd_carla_msgs/msg/detail/carla_ego_vehicle_control__type_support.h
-- Installing: /home/swati/Motion_Planning/MP_for_AV/src/MP_for_AV/install/vd_carla_msgs/include/vd_carla_msgs/vd_carla_msgs/msg/rosidl_generator_c__visibility_control.h
-- Installing: /home/swati/Motion_Planning/MP_for_AV/src/MP_for_AV/install/vd_carla_msgs/share/vd_carla_msgs/environment/library_path.sh
-- Installing: /home/swati/Motion_Planning/MP_for_AV/src/MP_for_AV/install/vd_carla_msgs/share/vd_carla_msgs/environment/library_path.dsv
-- Installing: /home/swati/Motion_Planning/MP_for_AV/src/MP_for_AV/install/vd_carla_msgs/lib/libvd_carla_msgs__rosidl_generator_c.so
-- Set non-toolchain portion of runtime path of "/home/swati/Motion_Planning/MP_for_AV/src/MP_for_AV/install/vd_carla_msgs/lib/libvd_carla_msgs__rosidl_generator_c.so" to ""
-- Up-to-date: /home/swati/Motion_Planning/MP_for_AV/src/MP_for_AV/install/vd_carla_msgs/include/vd_carla_msgs/vd_carla_msgs
-- Up-to-date: /home/swati/Motion_Planning/MP_for_AV/src/MP_for_AV/install/vd_carla_msgs/include/vd_carla_msgs/vd_carla_msgs/msg
-- Installing: /home/swati/Motion_Planning/MP_for_AV/src/MP_for_AV/install/vd_carla_msgs/include/vd_carla_msgs/vd_carla_msgs/msg/rosidl_typesupport_fastrtps_c__visibility_control.h
-- Up-to-date: /home/swati/Motion_Planning/MP_for_AV/src/MP_for_AV/install/vd_carla_msgs/include/vd_carla_msgs/vd_carla_msgs/msg/detail
-- Installing: /home/swati/Motion_Planning/MP_for_AV/src/MP_for_AV/install/vd_carla_msgs/include/vd_carla_msgs/vd_carla_msgs/msg/detail/carla_ego_vehicle_control__rosidl_typesupport_fastrtps_c.h
-- Installing: /home/swati/Motion_Planning/MP_for_AV/src/MP_for_AV/install/vd_carla_msgs/lib/libvd_carla_msgs__rosidl_typesupport_fastrtps_c.so
-- Set non-toolchain portion of runtime path of "/home/swati/Motion_Planning/MP_for_AV/src/MP_for_AV/install/vd_carla_msgs/lib/libvd_carla_msgs__rosidl_typesupport_fastrtps_c.so" to ""
-- Up-to-date: /home/swati/Motion_Planning/MP_for_AV/src/MP_for_AV/install/vd_carla_msgs/include/vd_carla_msgs/vd_carla_msgs
-- Up-to-date: /home/swati/Motion_Planning/MP_for_AV/src/MP_for_AV/install/vd_carla_msgs/include/vd_carla_msgs/vd_carla_msgs/msg
-- Installing: /home/swati/Motion_Planning/MP_for_AV/src/MP_for_AV/install/vd_carla_msgs/include/vd_carla_msgs/vd_carla_msgs/msg/carla_ego_vehicle_control.hpp
-- Up-to-date: /home/swati/Motion_Planning/MP_for_AV/src/MP_for_AV/install/vd_carla_msgs/include/vd_carla_msgs/vd_carla_msgs/msg/detail
-- Installing: /home/swati/Motion_Planning/MP_for_AV/src/MP_for_AV/install/vd_carla_msgs/include/vd_carla_msgs/vd_carla_msgs/msg/detail/carla_ego_vehicle_control__struct.hpp
-- Installing: /home/swati/Motion_Planning/MP_for_AV/src/MP_for_AV/install/vd_carla_msgs/include/vd_carla_msgs/vd_carla_msgs/msg/detail/carla_ego_vehicle_control__traits.hpp
-- Installing: /home/swati/Motion_Planning/MP_for_AV/src/MP_for_AV/install/vd_carla_msgs/include/vd_carla_msgs/vd_carla_msgs/msg/detail/carla_ego_vehicle_control__builder.hpp
-- Up-to-date: /home/swati/Motion_Planning/MP_for_AV/src/MP_for_AV/install/vd_carla_msgs/include/vd_carla_msgs/vd_carla_msgs
-- Up-to-date: /home/swati/Motion_Planning/MP_for_AV/src/MP_for_AV/install/vd_carla_msgs/include/vd_carla_msgs/vd_carla_msgs/msg
-- Installing: /home/swati/Motion_Planning/MP_for_AV/src/MP_for_AV/install/vd_carla_msgs/include/vd_carla_msgs/vd_carla_msgs/msg/rosidl_typesupport_fastrtps_cpp__visibility_control.h
-- Up-to-date: /home/swati/Motion_Planning/MP_for_AV/src/MP_for_AV/install/vd_carla_msgs/include/vd_carla_msgs/vd_carla_msgs/msg/detail
-- Installing: /home/swati/Motion_Planning/MP_for_AV/src/MP_for_AV/install/vd_carla_msgs/include/vd_carla_msgs/vd_carla_msgs/msg/detail/carla_ego_vehicle_control__rosidl_typesupport_fastrtps_cpp.hpp
-- Installing: /home/swati/Motion_Planning/MP_for_AV/src/MP_for_AV/install/vd_carla_msgs/include/vd_carla_msgs/vd_carla_msgs/msg/detail/dds_fastrtps
-- Installing: /home/swati/Motion_Planning/MP_for_AV/src/MP_for_AV/install/vd_carla_msgs/lib/libvd_carla_msgs__rosidl_typesupport_fastrtps_cpp.so
-- Set non-toolchain portion of runtime path of "/home/swati/Motion_Planning/MP_for_AV/src/MP_for_AV/install/vd_carla_msgs/lib/libvd_carla_msgs__rosidl_typesupport_fastrtps_cpp.so" to ""
-- Up-to-date: /home/swati/Motion_Planning/MP_for_AV/src/MP_for_AV/install/vd_carla_msgs/include/vd_carla_msgs/vd_carla_msgs
-- Up-to-date: /home/swati/Motion_Planning/MP_for_AV/src/MP_for_AV/install/vd_carla_msgs/include/vd_carla_msgs/vd_carla_msgs/msg
-- Installing: /home/swati/Motion_Planning/MP_for_AV/src/MP_for_AV/install/vd_carla_msgs/include/vd_carla_msgs/vd_carla_msgs/msg/rosidl_typesupport_introspection_c__visibility_control.h
-- Up-to-date: /home/swati/Motion_Planning/MP_for_AV/src/MP_for_AV/install/vd_carla_msgs/include/vd_carla_msgs/vd_carla_msgs/msg/detail
-- Installing: /home/swati/Motion_Planning/MP_for_AV/src/MP_for_AV/install/vd_carla_msgs/include/vd_carla_msgs/vd_carla_msgs/msg/detail/carla_ego_vehicle_control__rosidl_typesupport_introspection_c.h
-- Installing: /home/swati/Motion_Planning/MP_for_AV/src/MP_for_AV/install/vd_carla_msgs/include/vd_carla_msgs/vd_carla_msgs/msg/detail/carla_ego_vehicle_control__type_support.c
-- Installing: /home/swati/Motion_Planning/MP_for_AV/src/MP_for_AV/install/vd_carla_msgs/lib/libvd_carla_msgs__rosidl_typesupport_introspection_c.so
-- Set non-toolchain portion of runtime path of "/home/swati/Motion_Planning/MP_for_AV/src/MP_for_AV/install/vd_carla_msgs/lib/libvd_carla_msgs__rosidl_typesupport_introspection_c.so" to ""
-- Installing: /home/swati/Motion_Planning/MP_for_AV/src/MP_for_AV/install/vd_carla_msgs/lib/libvd_carla_msgs__rosidl_typesupport_c.so
-- Set non-toolchain portion of runtime path of "/home/swati/Motion_Planning/MP_for_AV/src/MP_for_AV/install/vd_carla_msgs/lib/libvd_carla_msgs__rosidl_typesupport_c.so" to ""
-- Up-to-date: /home/swati/Motion_Planning/MP_for_AV/src/MP_for_AV/install/vd_carla_msgs/include/vd_carla_msgs/vd_carla_msgs
-- Up-to-date: /home/swati/Motion_Planning/MP_for_AV/src/MP_for_AV/install/vd_carla_msgs/include/vd_carla_msgs/vd_carla_msgs/msg
-- Up-to-date: /home/swati/Motion_Planning/MP_for_AV/src/MP_for_AV/install/vd_carla_msgs/include/vd_carla_msgs/vd_carla_msgs/msg/detail
-- Installing: /home/swati/Motion_Planning/MP_for_AV/src/MP_for_AV/install/vd_carla_msgs/include/vd_carla_msgs/vd_carla_msgs/msg/detail/carla_ego_vehicle_control__rosidl_typesupport_introspection_cpp.hpp
-- Installing: /home/swati/Motion_Planning/MP_for_AV/src/MP_for_AV/install/vd_carla_msgs/include/vd_carla_msgs/vd_carla_msgs/msg/detail/carla_ego_vehicle_control__type_support.cpp
-- Installing: /home/swati/Motion_Planning/MP_for_AV/src/MP_for_AV/install/vd_carla_msgs/lib/libvd_carla_msgs__rosidl_typesupport_introspection_cpp.so
-- Set non-toolchain portion of runtime path of "/home/swati/Motion_Planning/MP_for_AV/src/MP_for_AV/install/vd_carla_msgs/lib/libvd_carla_msgs__rosidl_typesupport_introspection_cpp.so" to ""
-- Installing: /home/swati/Motion_Planning/MP_for_AV/src/MP_for_AV/install/vd_carla_msgs/lib/libvd_carla_msgs__rosidl_typesupport_cpp.so
-- Set non-toolchain portion of runtime path of "/home/swati/Motion_Planning/MP_for_AV/src/MP_for_AV/install/vd_carla_msgs/lib/libvd_carla_msgs__rosidl_typesupport_cpp.so" to ""
-- Installing: /home/swati/Motion_Planning/MP_for_AV/src/MP_for_AV/install/vd_carla_msgs/share/vd_carla_msgs/environment/pythonpath.sh
-- Installing: /home/swati/Motion_Planning/MP_for_AV/src/MP_for_AV/install/vd_carla_msgs/share/vd_carla_msgs/environment/pythonpath.dsv
-- Installing: /home/swati/Motion_Planning/MP_for_AV/src/MP_for_AV/install/vd_carla_msgs/local/lib/python3.10/dist-packages/vd_carla_msgs-0.0.0-py3.10.egg-info
-- Installing: /home/swati/Motion_Planning/MP_for_AV/src/MP_for_AV/install/vd_carla_msgs/local/lib/python3.10/dist-packages/vd_carla_msgs-0.0.0-py3.10.egg-info/top_level.txt
-- Installing: /home/swati/Motion_Planning/MP_for_AV/src/MP_for_AV/install/vd_carla_msgs/local/lib/python3.10/dist-packages/vd_carla_msgs-0.0.0-py3.10.egg-info/PKG-INFO
-- Installing: /home/swati/Motion_Planning/MP_for_AV/src/MP_for_AV/install/vd_carla_msgs/local/lib/python3.10/dist-packages/vd_carla_msgs-0.0.0-py3.10.egg-info/SOURCES.txt
-- Installing: /home/swati/Motion_Planning/MP_for_AV/src/MP_for_AV/install/vd_carla_msgs/local/lib/python3.10/dist-packages/vd_carla_msgs-0.0.0-py3.10.egg-info/dependency_links.txt
-- Installing: /home/swati/Motion_Planning/MP_for_AV/src/MP_for_AV/install/vd_carla_msgs/local/lib/python3.10/dist-packages/vd_carla_msgs
-- Installing: /home/swati/Motion_Planning/MP_for_AV/src/MP_for_AV/install/vd_carla_msgs/local/lib/python3.10/dist-packages/vd_carla_msgs/vd_carla_msgs_s__rosidl_typesupport_introspection_c.cpython-310-x86_64-linux-gnu.so
-- Installing: /home/swati/Motion_Planning/MP_for_AV/src/MP_for_AV/install/vd_carla_msgs/local/lib/python3.10/dist-packages/vd_carla_msgs/vd_carla_msgs_s__rosidl_typesupport_c.cpython-310-x86_64-linux-gnu.so
-- Installing: /home/swati/Motion_Planning/MP_for_AV/src/MP_for_AV/install/vd_carla_msgs/local/lib/python3.10/dist-packages/vd_carla_msgs/vd_carla_msgs_s__rosidl_typesupport_fastrtps_c.cpython-310-x86_64-linux-gnu.so
-- Installing: /home/swati/Motion_Planning/MP_for_AV/src/MP_for_AV/install/vd_carla_msgs/local/lib/python3.10/dist-packages/vd_carla_msgs/libvd_carla_msgs__rosidl_generator_py.so
-- Installing: /home/swati/Motion_Planning/MP_for_AV/src/MP_for_AV/install/vd_carla_msgs/local/lib/python3.10/dist-packages/vd_carla_msgs/__init__.py
-- Installing: /home/swati/Motion_Planning/MP_for_AV/src/MP_for_AV/install/vd_carla_msgs/local/lib/python3.10/dist-packages/vd_carla_msgs/_vd_carla_msgs_s.ep.rosidl_typesupport_fastrtps_c.c
-- Installing: /home/swati/Motion_Planning/MP_for_AV/src/MP_for_AV/install/vd_carla_msgs/local/lib/python3.10/dist-packages/vd_carla_msgs/msg
-- Installing: /home/swati/Motion_Planning/MP_for_AV/src/MP_for_AV/install/vd_carla_msgs/local/lib/python3.10/dist-packages/vd_carla_msgs/msg/_carla_ego_vehicle_control.py
-- Installing: /home/swati/Motion_Planning/MP_for_AV/src/MP_for_AV/install/vd_carla_msgs/local/lib/python3.10/dist-packages/vd_carla_msgs/msg/__init__.py
-- Installing: /home/swati/Motion_Planning/MP_for_AV/src/MP_for_AV/install/vd_carla_msgs/local/lib/python3.10/dist-packages/vd_carla_msgs/msg/_carla_ego_vehicle_control_s.c
-- Installing: /home/swati/Motion_Planning/MP_for_AV/src/MP_for_AV/install/vd_carla_msgs/local/lib/python3.10/dist-packages/vd_carla_msgs/_vd_carla_msgs_s.ep.rosidl_typesupport_c.c
-- Installing: /home/swati/Motion_Planning/MP_for_AV/src/MP_for_AV/install/vd_carla_msgs/local/lib/python3.10/dist-packages/vd_carla_msgs/_vd_carla_msgs_s.ep.rosidl_typesupport_introspection_c.c
Listing '/home/swati/Motion_Planning/MP_for_AV/src/MP_for_AV/install/vd_carla_msgs/local/lib/python3.10/dist-packages/vd_carla_msgs'...
Compiling '/home/swati/Motion_Planning/MP_for_AV/src/MP_for_AV/install/vd_carla_msgs/local/lib/python3.10/dist-packages/vd_carla_msgs/__init__.py'...
Listing '/home/swati/Motion_Planning/MP_for_AV/src/MP_for_AV/install/vd_carla_msgs/local/lib/python3.10/dist-packages/vd_carla_msgs/msg'...
Compiling '/home/swati/Motion_Planning/MP_for_AV/src/MP_for_AV/install/vd_carla_msgs/local/lib/python3.10/dist-packages/vd_carla_msgs/msg/__init__.py'...
Compiling '/home/swati/Motion_Planning/MP_for_AV/src/MP_for_AV/install/vd_carla_msgs/local/lib/python3.10/dist-packages/vd_carla_msgs/msg/_carla_ego_vehicle_control.py'...
-- Installing: /home/swati/Motion_Planning/MP_for_AV/src/MP_for_AV/install/vd_carla_msgs/local/lib/python3.10/dist-packages/vd_carla_msgs/vd_carla_msgs_s__rosidl_typesupport_fastrtps_c.cpython-310-x86_64-linux-gnu.so
-- Set non-toolchain portion of runtime path of "/home/swati/Motion_Planning/MP_for_AV/src/MP_for_AV/install/vd_carla_msgs/local/lib/python3.10/dist-packages/vd_carla_msgs/vd_carla_msgs_s__rosidl_typesupport_fastrtps_c.cpython-310-x86_64-linux-gnu.so" to ""
-- Installing: /home/swati/Motion_Planning/MP_for_AV/src/MP_for_AV/install/vd_carla_msgs/local/lib/python3.10/dist-packages/vd_carla_msgs/vd_carla_msgs_s__rosidl_typesupport_introspection_c.cpython-310-x86_64-linux-gnu.so
-- Set non-toolchain portion of runtime path of "/home/swati/Motion_Planning/MP_for_AV/src/MP_for_AV/install/vd_carla_msgs/local/lib/python3.10/dist-packages/vd_carla_msgs/vd_carla_msgs_s__rosidl_typesupport_introspection_c.cpython-310-x86_64-linux-gnu.so" to ""
-- Installing: /home/swati/Motion_Planning/MP_for_AV/src/MP_for_AV/install/vd_carla_msgs/local/lib/python3.10/dist-packages/vd_carla_msgs/vd_carla_msgs_s__rosidl_typesupport_c.cpython-310-x86_64-linux-gnu.so
-- Set non-toolchain portion of runtime path of "/home/swati/Motion_Planning/MP_for_AV/src/MP_for_AV/install/vd_carla_msgs/local/lib/python3.10/dist-packages/vd_carla_msgs/vd_carla_msgs_s__rosidl_typesupport_c.cpython-310-x86_64-linux-gnu.so" to ""
-- Installing: /home/swati/Motion_Planning/MP_for_AV/src/MP_for_AV/install/vd_carla_msgs/lib/libvd_carla_msgs__rosidl_generator_py.so
-- Set non-toolchain portion of runtime path of "/home/swati/Motion_Planning/MP_for_AV/src/MP_for_AV/install/vd_carla_msgs/lib/libvd_carla_msgs__rosidl_generator_py.so" to ""
-- Installing: /home/swati/Motion_Planning/MP_for_AV/src/MP_for_AV/install/vd_carla_msgs/share/vd_carla_msgs/msg/CarlaEgoVehicleControl.idl
-- Installing: /home/swati/Motion_Planning/MP_for_AV/src/MP_for_AV/install/vd_carla_msgs/share/vd_carla_msgs/msg/CarlaEgoVehicleControl.msg
-- Installing: /home/swati/Motion_Planning/MP_for_AV/src/MP_for_AV/install/vd_carla_msgs/share/ament_index/resource_index/package_run_dependencies/vd_carla_msgs
-- Installing: /home/swati/Motion_Planning/MP_for_AV/src/MP_for_AV/install/vd_carla_msgs/share/ament_index/resource_index/parent_prefix_path/vd_carla_msgs
-- Installing: /home/swati/Motion_Planning/MP_for_AV/src/MP_for_AV/install/vd_carla_msgs/share/vd_carla_msgs/environment/ament_prefix_path.sh
-- Installing: /home/swati/Motion_Planning/MP_for_AV/src/MP_for_AV/install/vd_carla_msgs/share/vd_carla_msgs/environment/ament_prefix_path.dsv
-- Installing: /home/swati/Motion_Planning/MP_for_AV/src/MP_for_AV/install/vd_carla_msgs/share/vd_carla_msgs/environment/path.sh
-- Installing: /home/swati/Motion_Planning/MP_for_AV/src/MP_for_AV/install/vd_carla_msgs/share/vd_carla_msgs/environment/path.dsv
-- Installing: /home/swati/Motion_Planning/MP_for_AV/src/MP_for_AV/install/vd_carla_msgs/share/vd_carla_msgs/local_setup.bash
-- Installing: /home/swati/Motion_Planning/MP_for_AV/src/MP_for_AV/install/vd_carla_msgs/share/vd_carla_msgs/local_setup.sh
-- Installing: /home/swati/Motion_Planning/MP_for_AV/src/MP_for_AV/install/vd_carla_msgs/share/vd_carla_msgs/local_setup.zsh
-- Installing: /home/swati/Motion_Planning/MP_for_AV/src/MP_for_AV/install/vd_carla_msgs/share/vd_carla_msgs/local_setup.dsv
-- Installing: /home/swati/Motion_Planning/MP_for_AV/src/MP_for_AV/install/vd_carla_msgs/share/vd_carla_msgs/package.dsv
-- Installing: /home/swati/Motion_Planning/MP_for_AV/src/MP_for_AV/install/vd_carla_msgs/share/ament_index/resource_index/packages/vd_carla_msgs
-- Installing: /home/swati/Motion_Planning/MP_for_AV/src/MP_for_AV/install/vd_carla_msgs/share/vd_carla_msgs/cmake/export_vd_carla_msgs__rosidl_generator_cExport.cmake
-- Installing: /home/swati/Motion_Planning/MP_for_AV/src/MP_for_AV/install/vd_carla_msgs/share/vd_carla_msgs/cmake/export_vd_carla_msgs__rosidl_generator_cExport-noconfig.cmake
-- Installing: /home/swati/Motion_Planning/MP_for_AV/src/MP_for_AV/install/vd_carla_msgs/share/vd_carla_msgs/cmake/export_vd_carla_msgs__rosidl_typesupport_fastrtps_cExport.cmake
-- Installing: /home/swati/Motion_Planning/MP_for_AV/src/MP_for_AV/install/vd_carla_msgs/share/vd_carla_msgs/cmake/export_vd_carla_msgs__rosidl_typesupport_fastrtps_cExport-noconfig.cmake
-- Installing: /home/swati/Motion_Planning/MP_for_AV/src/MP_for_AV/install/vd_carla_msgs/share/vd_carla_msgs/cmake/export_vd_carla_msgs__rosidl_generator_cppExport.cmake
-- Installing: /home/swati/Motion_Planning/MP_for_AV/src/MP_for_AV/install/vd_carla_msgs/share/vd_carla_msgs/cmake/export_vd_carla_msgs__rosidl_typesupport_fastrtps_cppExport.cmake
-- Installing: /home/swati/Motion_Planning/MP_for_AV/src/MP_for_AV/install/vd_carla_msgs/share/vd_carla_msgs/cmake/export_vd_carla_msgs__rosidl_typesupport_fastrtps_cppExport-noconfig.cmake
-- Installing: /home/swati/Motion_Planning/MP_for_AV/src/MP_for_AV/install/vd_carla_msgs/share/vd_carla_msgs/cmake/vd_carla_msgs__rosidl_typesupport_introspection_cExport.cmake
-- Installing: /home/swati/Motion_Planning/MP_for_AV/src/MP_for_AV/install/vd_carla_msgs/share/vd_carla_msgs/cmake/vd_carla_msgs__rosidl_typesupport_introspection_cExport-noconfig.cmake
-- Installing: /home/swati/Motion_Planning/MP_for_AV/src/MP_for_AV/install/vd_carla_msgs/share/vd_carla_msgs/cmake/vd_carla_msgs__rosidl_typesupport_cExport.cmake
-- Installing: /home/swati/Motion_Planning/MP_for_AV/src/MP_for_AV/install/vd_carla_msgs/share/vd_carla_msgs/cmake/vd_carla_msgs__rosidl_typesupport_cExport-noconfig.cmake
-- Installing: /home/swati/Motion_Planning/MP_for_AV/src/MP_for_AV/install/vd_carla_msgs/share/vd_carla_msgs/cmake/vd_carla_msgs__rosidl_typesupport_introspection_cppExport.cmake
-- Installing: /home/swati/Motion_Planning/MP_for_AV/src/MP_for_AV/install/vd_carla_msgs/share/vd_carla_msgs/cmake/vd_carla_msgs__rosidl_typesupport_introspection_cppExport-noconfig.cmake
-- Installing: /home/swati/Motion_Planning/MP_for_AV/src/MP_for_AV/install/vd_carla_msgs/share/vd_carla_msgs/cmake/vd_carla_msgs__rosidl_typesupport_cppExport.cmake
-- Installing: /home/swati/Motion_Planning/MP_for_AV/src/MP_for_AV/install/vd_carla_msgs/share/vd_carla_msgs/cmake/vd_carla_msgs__rosidl_typesupport_cppExport-noconfig.cmake
-- Installing: /home/swati/Motion_Planning/MP_for_AV/src/MP_for_AV/install/vd_carla_msgs/share/vd_carla_msgs/cmake/export_vd_carla_msgs__rosidl_generator_pyExport.cmake
-- Installing: /home/swati/Motion_Planning/MP_for_AV/src/MP_for_AV/install/vd_carla_msgs/share/vd_carla_msgs/cmake/export_vd_carla_msgs__rosidl_generator_pyExport-noconfig.cmake
-- Installing: /home/swati/Motion_Planning/MP_for_AV/src/MP_for_AV/install/vd_carla_msgs/share/vd_carla_msgs/cmake/rosidl_cmake-extras.cmake
-- Installing: /home/swati/Motion_Planning/MP_for_AV/src/MP_for_AV/install/vd_carla_msgs/share/vd_carla_msgs/cmake/ament_cmake_export_dependencies-extras.cmake
-- Installing: /home/swati/Motion_Planning/MP_for_AV/src/MP_for_AV/install/vd_carla_msgs/share/vd_carla_msgs/cmake/ament_cmake_export_include_directories-extras.cmake
-- Installing: /home/swati/Motion_Planning/MP_for_AV/src/MP_for_AV/install/vd_carla_msgs/share/vd_carla_msgs/cmake/ament_cmake_export_libraries-extras.cmake
-- Installing: /home/swati/Motion_Planning/MP_for_AV/src/MP_for_AV/install/vd_carla_msgs/share/vd_carla_msgs/cmake/ament_cmake_export_targets-extras.cmake
-- Installing: /home/swati/Motion_Planning/MP_for_AV/src/MP_for_AV/install/vd_carla_msgs/share/vd_carla_msgs/cmake/rosidl_cmake_export_typesupport_targets-extras.cmake
-- Installing: /home/swati/Motion_Planning/MP_for_AV/src/MP_for_AV/install/vd_carla_msgs/share/vd_carla_msgs/cmake/rosidl_cmake_export_typesupport_libraries-extras.cmake
-- Installing: /home/swati/Motion_Planning/MP_for_AV/src/MP_for_AV/install/vd_carla_msgs/share/vd_carla_msgs/cmake/vd_carla_msgsConfig.cmake
-- Installing: /home/swati/Motion_Planning/MP_for_AV/src/MP_for_AV/install/vd_carla_msgs/share/vd_carla_msgs/cmake/vd_carla_msgsConfig-version.cmake
-- Installing: /home/swati/Motion_Planning/MP_for_AV/src/MP_for_AV/install/vd_carla_msgs/share/vd_carla_msgs/package.xml
