[0.019s] Invoking command in '/home/swati/Motion_Planning/MP_for_AV/src/MP_for_AV/build/vd_carla_msgs': CMAKE_PREFIX_PATH=/opt/ros/humble /opt/cmake-3.28.3-linux-x86_64/bin/cmake /home/swati/Motion_Planning/MP_for_AV/src/MP_for_AV/vd_carla_msgs -DCMAKE_VERBOSE_MAKEFILE=ON -DCMAKE_INSTALL_PREFIX=/home/swati/Motion_Planning/MP_for_AV/src/MP_for_AV/install/vd_carla_msgs
[0.554s] -- The C compiler identification is GNU 11.4.0
[0.555s] -- The CXX compiler identification is GNU 11.4.0
[0.556s] -- Detecting C compiler ABI info
[0.556s] -- Detecting C compiler ABI info - done
[0.556s] -- Check for working C compiler: /usr/bin/cc - skipped
[0.556s] -- Detecting C compile features
[0.557s] -- Detecting C compile features - done
[0.557s] -- Detecting CXX compiler ABI info
[0.557s] -- Detecting CXX compiler ABI info - done
[0.557s] -- Check for working CXX compiler: /usr/bin/c++ - skipped
[0.557s] -- Detecting CXX compile features
[0.557s] -- Detecting CXX compile features - done
[0.557s] -- Found ament_cmake: 1.3.10 (/opt/ros/humble/share/ament_cmake/cmake)
[0.557s] -- Found Python3: /usr/bin/python3 (found version "3.10.12") found components: Interpreter 
[0.557s] -- Found std_msgs: 4.2.4 (/opt/ros/humble/share/std_msgs/cmake)
[0.557s] -- Found rosidl_generator_c: 3.1.5 (/opt/ros/humble/share/rosidl_generator_c/cmake)
[0.557s] -- Found rosidl_adapter: 3.1.5 (/opt/ros/humble/share/rosidl_adapter/cmake)
[0.557s] -- Found rosidl_generator_cpp: 3.1.5 (/opt/ros/humble/share/rosidl_generator_cpp/cmake)
[0.569s] -- Using all available rosidl_typesupport_c: rosidl_typesupport_fastrtps_c;rosidl_typesupport_introspection_c
[0.584s] -- Using all available rosidl_typesupport_cpp: rosidl_typesupport_fastrtps_cpp;rosidl_typesupport_introspection_cpp
[0.611s] -- Found rosidl_default_generators: 1.2.0 (/opt/ros/humble/share/rosidl_default_generators/cmake)
[0.989s] -- Found ament_cmake_ros: 0.10.0 (/opt/ros/humble/share/ament_cmake_ros/cmake)
[1.758s] -- Using all available rosidl_typesupport_c: rosidl_typesupport_fastrtps_c;rosidl_typesupport_introspection_c
[2.039s] -- Using all available rosidl_typesupport_cpp: rosidl_typesupport_fastrtps_cpp;rosidl_typesupport_introspection_cpp
[2.049s] [33mCMake Warning (dev) at /opt/ros/humble/share/rosidl_generator_py/cmake/rosidl_generator_py_generate_interfaces.cmake:20 (find_package):
[2.049s]   Policy CMP0148 is not set: The FindPythonInterp and FindPythonLibs modules
[2.049s]   are removed.  Run "cmake --help-policy CMP0148" for policy details.  Use
[2.049s]   the cmake_policy command to set the policy and suppress this warning.
[2.049s] 
[2.049s] Call Stack (most recent call first):
[2.049s]   /opt/ros/humble/share/ament_cmake_core/cmake/core/ament_execute_extensions.cmake:48 (include)
[2.049s]   /opt/ros/humble/share/rosidl_cmake/cmake/rosidl_generate_interfaces.cmake:286 (ament_execute_extensions)
[2.049s]   CMakeLists.txt:17 (rosidl_generate_interfaces)
[2.049s] This warning is for project developers.  Use -Wno-dev to suppress it.
[2.049s] [0m
[2.069s] -- Found PythonInterp: /usr/bin/python3 (found suitable version "3.10.12", minimum required is "3.6") 
[2.071s] -- Found python_cmake_module: 0.10.0 (/opt/ros/humble/share/python_cmake_module/cmake)
[2.072s] [33mCMake Warning (dev) at /opt/ros/humble/share/python_cmake_module/cmake/Modules/FindPythonExtra.cmake:52 (find_package):
[2.072s]   Policy CMP0148 is not set: The FindPythonInterp and FindPythonLibs modules
[2.072s]   are removed.  Run "cmake --help-policy CMP0148" for policy details.  Use
[2.072s]   the cmake_policy command to set the policy and suppress this warning.
[2.072s] 
[2.072s] Call Stack (most recent call first):
[2.072s]   /opt/ros/humble/share/rosidl_generator_py/cmake/rosidl_generator_py_generate_interfaces.cmake:23 (find_package)
[2.072s]   /opt/ros/humble/share/ament_cmake_core/cmake/core/ament_execute_extensions.cmake:48 (include)
[2.072s]   /opt/ros/humble/share/rosidl_cmake/cmake/rosidl_generate_interfaces.cmake:286 (ament_execute_extensions)
[2.072s]   CMakeLists.txt:17 (rosidl_generate_interfaces)
[2.072s] This warning is for project developers.  Use -Wno-dev to suppress it.
[2.072s] [0m
[2.096s] [33mCMake Warning (dev) at /opt/ros/humble/share/python_cmake_module/cmake/Modules/FindPythonExtra.cmake:140 (find_package):
[2.096s]   Policy CMP0148 is not set: The FindPythonInterp and FindPythonLibs modules
[2.096s]   are removed.  Run "cmake --help-policy CMP0148" for policy details.  Use
[2.096s]   the cmake_policy command to set the policy and suppress this warning.
[2.096s] 
[2.096s] Call Stack (most recent call first):
[2.096s]   /opt/ros/humble/share/rosidl_generator_py/cmake/rosidl_generator_py_generate_interfaces.cmake:23 (find_package)
[2.096s]   /opt/ros/humble/share/ament_cmake_core/cmake/core/ament_execute_extensions.cmake:48 (include)
[2.096s]   /opt/ros/humble/share/rosidl_cmake/cmake/rosidl_generate_interfaces.cmake:286 (ament_execute_extensions)
[2.096s]   CMakeLists.txt:17 (rosidl_generate_interfaces)
[2.096s] This warning is for project developers.  Use -Wno-dev to suppress it.
[2.096s] [0m
[2.101s] -- Found PythonLibs: /usr/lib/x86_64-linux-gnu/libpython3.10.so (found suitable version "3.10.12", minimum required is "3.5") 
[2.101s] -- Using PYTHON_EXECUTABLE: /usr/bin/python3
[2.101s] -- Using PYTHON_INCLUDE_DIRS: /usr/include/python3.10
[2.101s] -- Using PYTHON_LIBRARIES: /usr/lib/x86_64-linux-gnu/libpython3.10.so
[2.122s] -- Found PythonExtra: .so  
[2.165s] -- Found ament_lint_auto: 0.12.11 (/opt/ros/humble/share/ament_lint_auto/cmake)
[2.183s] -- Added test 'lint_cmake' to check CMake code style
[2.184s] -- Added test 'xmllint' to check XML markup files
[2.186s] -- Configuring done (2.2s)
[2.208s] -- Generating done (0.0s)
[2.210s] -- Build files have been written to: /home/swati/Motion_Planning/MP_for_AV/src/MP_for_AV/build/vd_carla_msgs
[2.215s] Invoked command in '/home/swati/Motion_Planning/MP_for_AV/src/MP_for_AV/build/vd_carla_msgs' returned '0': CMAKE_PREFIX_PATH=/opt/ros/humble /opt/cmake-3.28.3-linux-x86_64/bin/cmake /home/swati/Motion_Planning/MP_for_AV/src/MP_for_AV/vd_carla_msgs -DCMAKE_VERBOSE_MAKEFILE=ON -DCMAKE_INSTALL_PREFIX=/home/swati/Motion_Planning/MP_for_AV/src/MP_for_AV/install/vd_carla_msgs
[2.217s] Invoking command in '/home/swati/Motion_Planning/MP_for_AV/src/MP_for_AV/build/vd_carla_msgs': CMAKE_PREFIX_PATH=/opt/ros/humble /opt/cmake-3.28.3-linux-x86_64/bin/cmake --build /home/swati/Motion_Planning/MP_for_AV/src/MP_for_AV/build/vd_carla_msgs -- -j20 -l20
[2.219s] Change Dir: '/home/swati/Motion_Planning/MP_for_AV/src/MP_for_AV/build/vd_carla_msgs'
[2.219s] 
[2.219s] Run Build Command(s): /opt/cmake-3.28.3-linux-x86_64/bin/cmake -E env VERBOSE=1 /usr/bin/gmake -f Makefile -j20 -l20
[2.222s] /opt/cmake-3.28.3-linux-x86_64/bin/cmake -S/home/swati/Motion_Planning/MP_for_AV/src/MP_for_AV/vd_carla_msgs -B/home/swati/Motion_Planning/MP_for_AV/src/MP_for_AV/build/vd_carla_msgs --check-build-system CMakeFiles/Makefile.cmake 0
[2.226s] /opt/cmake-3.28.3-linux-x86_64/bin/cmake -E cmake_progress_start /home/swati/Motion_Planning/MP_for_AV/src/MP_for_AV/build/vd_carla_msgs/CMakeFiles /home/swati/Motion_Planning/MP_for_AV/src/MP_for_AV/build/vd_carla_msgs//CMakeFiles/progress.marks
[2.228s] /usr/bin/gmake  -f CMakeFiles/Makefile2 all
[2.229s] gmake[1]: Entering directory '/home/swati/Motion_Planning/MP_for_AV/src/MP_for_AV/build/vd_carla_msgs'
[2.229s] /usr/bin/gmake  -f CMakeFiles/vd_carla_msgs__cpp.dir/build.make CMakeFiles/vd_carla_msgs__cpp.dir/depend
[2.230s] /usr/bin/gmake  -f CMakeFiles/vd_carla_msgs__rosidl_generator_c.dir/build.make CMakeFiles/vd_carla_msgs__rosidl_generator_c.dir/depend
[2.230s] /usr/bin/gmake  -f CMakeFiles/ament_cmake_python_copy_vd_carla_msgs.dir/build.make CMakeFiles/ament_cmake_python_copy_vd_carla_msgs.dir/depend
[2.231s] gmake[2]: Entering directory '/home/swati/Motion_Planning/MP_for_AV/src/MP_for_AV/build/vd_carla_msgs'
[2.231s] cd /home/swati/Motion_Planning/MP_for_AV/src/MP_for_AV/build/vd_carla_msgs && /opt/cmake-3.28.3-linux-x86_64/bin/cmake -E cmake_depends "Unix Makefiles" /home/swati/Motion_Planning/MP_for_AV/src/MP_for_AV/vd_carla_msgs /home/swati/Motion_Planning/MP_for_AV/src/MP_for_AV/vd_carla_msgs /home/swati/Motion_Planning/MP_for_AV/src/MP_for_AV/build/vd_carla_msgs /home/swati/Motion_Planning/MP_for_AV/src/MP_for_AV/build/vd_carla_msgs /home/swati/Motion_Planning/MP_for_AV/src/MP_for_AV/build/vd_carla_msgs/CMakeFiles/vd_carla_msgs__cpp.dir/DependInfo.cmake "--color="
[2.231s] gmake[2]: Entering directory '/home/swati/Motion_Planning/MP_for_AV/src/MP_for_AV/build/vd_carla_msgs'
[2.231s] cd /home/swati/Motion_Planning/MP_for_AV/src/MP_for_AV/build/vd_carla_msgs && /opt/cmake-3.28.3-linux-x86_64/bin/cmake -E cmake_depends "Unix Makefiles" /home/swati/Motion_Planning/MP_for_AV/src/MP_for_AV/vd_carla_msgs /home/swati/Motion_Planning/MP_for_AV/src/MP_for_AV/vd_carla_msgs /home/swati/Motion_Planning/MP_for_AV/src/MP_for_AV/build/vd_carla_msgs /home/swati/Motion_Planning/MP_for_AV/src/MP_for_AV/build/vd_carla_msgs /home/swati/Motion_Planning/MP_for_AV/src/MP_for_AV/build/vd_carla_msgs/CMakeFiles/ament_cmake_python_copy_vd_carla_msgs.dir/DependInfo.cmake "--color="
[2.231s] gmake[2]: Entering directory '/home/swati/Motion_Planning/MP_for_AV/src/MP_for_AV/build/vd_carla_msgs'
[2.233s] [  3%] [34m[1mGenerating C code for ROS interfaces[0m
[2.233s] gmake[2]: Leaving directory '/home/swati/Motion_Planning/MP_for_AV/src/MP_for_AV/build/vd_carla_msgs'
[2.234s] /usr/bin/gmake  -f CMakeFiles/ament_cmake_python_copy_vd_carla_msgs.dir/build.make CMakeFiles/ament_cmake_python_copy_vd_carla_msgs.dir/build
[2.234s] gmake[2]: Leaving directory '/home/swati/Motion_Planning/MP_for_AV/src/MP_for_AV/build/vd_carla_msgs'
[2.234s] /usr/bin/python3 /opt/ros/humble/share/rosidl_generator_c/cmake/../../../lib/rosidl_generator_c/rosidl_generator_c --generator-arguments-file /home/swati/Motion_Planning/MP_for_AV/src/MP_for_AV/build/vd_carla_msgs/rosidl_generator_c__arguments.json
[2.234s] /usr/bin/gmake  -f CMakeFiles/vd_carla_msgs__cpp.dir/build.make CMakeFiles/vd_carla_msgs__cpp.dir/build
[2.235s] gmake[2]: Entering directory '/home/swati/Motion_Planning/MP_for_AV/src/MP_for_AV/build/vd_carla_msgs'
[2.235s] gmake[2]: Entering directory '/home/swati/Motion_Planning/MP_for_AV/src/MP_for_AV/build/vd_carla_msgs'
[2.235s] /opt/cmake-3.28.3-linux-x86_64/bin/cmake -E copy_directory /home/swati/Motion_Planning/MP_for_AV/src/MP_for_AV/build/vd_carla_msgs/rosidl_generator_py/vd_carla_msgs /home/swati/Motion_Planning/MP_for_AV/src/MP_for_AV/build/vd_carla_msgs/ament_cmake_python/vd_carla_msgs/vd_carla_msgs
[2.236s] [  6%] [34m[1mGenerating C++ code for ROS interfaces[0m
[2.236s] /usr/bin/python3 /opt/ros/humble/share/rosidl_generator_cpp/cmake/../../../lib/rosidl_generator_cpp/rosidl_generator_cpp --generator-arguments-file /home/swati/Motion_Planning/MP_for_AV/src/MP_for_AV/build/vd_carla_msgs/rosidl_generator_cpp__arguments.json
[2.237s] gmake[2]: Leaving directory '/home/swati/Motion_Planning/MP_for_AV/src/MP_for_AV/build/vd_carla_msgs'
[2.239s] [  6%] Built target ament_cmake_python_copy_vd_carla_msgs
[2.239s] /usr/bin/gmake  -f CMakeFiles/ament_cmake_python_build_vd_carla_msgs_egg.dir/build.make CMakeFiles/ament_cmake_python_build_vd_carla_msgs_egg.dir/depend
[2.240s] gmake[2]: Entering directory '/home/swati/Motion_Planning/MP_for_AV/src/MP_for_AV/build/vd_carla_msgs'
[2.240s] cd /home/swati/Motion_Planning/MP_for_AV/src/MP_for_AV/build/vd_carla_msgs && /opt/cmake-3.28.3-linux-x86_64/bin/cmake -E cmake_depends "Unix Makefiles" /home/swati/Motion_Planning/MP_for_AV/src/MP_for_AV/vd_carla_msgs /home/swati/Motion_Planning/MP_for_AV/src/MP_for_AV/vd_carla_msgs /home/swati/Motion_Planning/MP_for_AV/src/MP_for_AV/build/vd_carla_msgs /home/swati/Motion_Planning/MP_for_AV/src/MP_for_AV/build/vd_carla_msgs /home/swati/Motion_Planning/MP_for_AV/src/MP_for_AV/build/vd_carla_msgs/CMakeFiles/ament_cmake_python_build_vd_carla_msgs_egg.dir/DependInfo.cmake "--color="
[2.244s] gmake[2]: Leaving directory '/home/swati/Motion_Planning/MP_for_AV/src/MP_for_AV/build/vd_carla_msgs'
[2.245s] /usr/bin/gmake  -f CMakeFiles/ament_cmake_python_build_vd_carla_msgs_egg.dir/build.make CMakeFiles/ament_cmake_python_build_vd_carla_msgs_egg.dir/build
[2.246s] gmake[2]: Entering directory '/home/swati/Motion_Planning/MP_for_AV/src/MP_for_AV/build/vd_carla_msgs'
[2.246s] cd /home/swati/Motion_Planning/MP_for_AV/src/MP_for_AV/build/vd_carla_msgs/ament_cmake_python/vd_carla_msgs && /usr/bin/python3 setup.py egg_info
[2.420s] running egg_info
[2.432s] creating vd_carla_msgs.egg-info
[2.432s] writing vd_carla_msgs.egg-info/PKG-INFO
[2.432s] writing dependency_links to vd_carla_msgs.egg-info/dependency_links.txt
[2.433s] writing top-level names to vd_carla_msgs.egg-info/top_level.txt
[2.433s] writing manifest file 'vd_carla_msgs.egg-info/SOURCES.txt'
[2.453s] gmake[2]: Leaving directory '/home/swati/Motion_Planning/MP_for_AV/src/MP_for_AV/build/vd_carla_msgs'
[2.456s] [  6%] Built target vd_carla_msgs__cpp
[2.456s] /usr/bin/gmake  -f CMakeFiles/vd_carla_msgs__rosidl_typesupport_cpp.dir/build.make CMakeFiles/vd_carla_msgs__rosidl_typesupport_cpp.dir/depend
[2.456s] /usr/bin/gmake  -f CMakeFiles/vd_carla_msgs__rosidl_typesupport_fastrtps_cpp.dir/build.make CMakeFiles/vd_carla_msgs__rosidl_typesupport_fastrtps_cpp.dir/depend
[2.457s] /usr/bin/gmake  -f CMakeFiles/vd_carla_msgs__rosidl_typesupport_introspection_cpp.dir/build.make CMakeFiles/vd_carla_msgs__rosidl_typesupport_introspection_cpp.dir/depend
[2.457s] gmake[2]: Entering directory '/home/swati/Motion_Planning/MP_for_AV/src/MP_for_AV/build/vd_carla_msgs'
[2.458s] gmake[2]: Entering directory '/home/swati/Motion_Planning/MP_for_AV/src/MP_for_AV/build/vd_carla_msgs'
[2.458s] gmake[2]: Entering directory '/home/swati/Motion_Planning/MP_for_AV/src/MP_for_AV/build/vd_carla_msgs'
[2.459s] [  9%] [34m[1mGenerating C++ type support dispatch for ROS interfaces[0m
[2.459s] /usr/bin/python3 /opt/ros/humble/lib/rosidl_typesupport_cpp/rosidl_typesupport_cpp --generator-arguments-file /home/swati/Motion_Planning/MP_for_AV/src/MP_for_AV/build/vd_carla_msgs/rosidl_typesupport_cpp__arguments.json --typesupports rosidl_typesupport_fastrtps_cpp rosidl_typesupport_introspection_cpp
[2.460s] [ 12%] [34m[1mGenerating C++ introspection for ROS interfaces[0m
[2.460s] [ 16%] [34m[1mGenerating C++ type support for eProsima Fast-RTPS[0m
[2.460s] /usr/bin/python3 /opt/ros/humble/lib/rosidl_typesupport_introspection_cpp/rosidl_typesupport_introspection_cpp --generator-arguments-file /home/swati/Motion_Planning/MP_for_AV/src/MP_for_AV/build/vd_carla_msgs/rosidl_typesupport_introspection_cpp__arguments.json
[2.460s] /usr/bin/python3 /opt/ros/humble/lib/rosidl_typesupport_fastrtps_cpp/rosidl_typesupport_fastrtps_cpp --generator-arguments-file /home/swati/Motion_Planning/MP_for_AV/src/MP_for_AV/build/vd_carla_msgs/rosidl_typesupport_fastrtps_cpp__arguments.json
[2.468s] reading manifest file 'vd_carla_msgs.egg-info/SOURCES.txt'
[2.469s] writing manifest file 'vd_carla_msgs.egg-info/SOURCES.txt'
[2.487s] gmake[2]: Leaving directory '/home/swati/Motion_Planning/MP_for_AV/src/MP_for_AV/build/vd_carla_msgs'
[2.490s] [ 16%] Built target ament_cmake_python_build_vd_carla_msgs_egg
[2.554s] cd /home/swati/Motion_Planning/MP_for_AV/src/MP_for_AV/build/vd_carla_msgs && /opt/cmake-3.28.3-linux-x86_64/bin/cmake -E cmake_depends "Unix Makefiles" /home/swati/Motion_Planning/MP_for_AV/src/MP_for_AV/vd_carla_msgs /home/swati/Motion_Planning/MP_for_AV/src/MP_for_AV/vd_carla_msgs /home/swati/Motion_Planning/MP_for_AV/src/MP_for_AV/build/vd_carla_msgs /home/swati/Motion_Planning/MP_for_AV/src/MP_for_AV/build/vd_carla_msgs /home/swati/Motion_Planning/MP_for_AV/src/MP_for_AV/build/vd_carla_msgs/CMakeFiles/vd_carla_msgs__rosidl_generator_c.dir/DependInfo.cmake "--color="
[2.557s] gmake[2]: Leaving directory '/home/swati/Motion_Planning/MP_for_AV/src/MP_for_AV/build/vd_carla_msgs'
[2.558s] /usr/bin/gmake  -f CMakeFiles/vd_carla_msgs__rosidl_generator_c.dir/build.make CMakeFiles/vd_carla_msgs__rosidl_generator_c.dir/build
[2.559s] gmake[2]: Entering directory '/home/swati/Motion_Planning/MP_for_AV/src/MP_for_AV/build/vd_carla_msgs'
[2.561s] [ 19%] [32mBuilding C object CMakeFiles/vd_carla_msgs__rosidl_generator_c.dir/rosidl_generator_c/vd_carla_msgs/msg/detail/carla_ego_vehicle_control__functions.c.o[0m
[2.562s] /usr/bin/cc -DRCUTILS_ENABLE_FAULT_INJECTION -DROSIDL_GENERATOR_C_BUILDING_DLL_vd_carla_msgs -DROS_PACKAGE_NAME=\"vd_carla_msgs\" -I/home/swati/Motion_Planning/MP_for_AV/src/MP_for_AV/build/vd_carla_msgs/rosidl_generator_c -isystem /opt/ros/humble/include/std_msgs -isystem /opt/ros/humble/include/builtin_interfaces -isystem /opt/ros/humble/include/rosidl_runtime_c -isystem /opt/ros/humble/include/rcutils -isystem /opt/ros/humble/include/rosidl_typesupport_interface -std=gnu11 -fPIC -Wall -MD -MT CMakeFiles/vd_carla_msgs__rosidl_generator_c.dir/rosidl_generator_c/vd_carla_msgs/msg/detail/carla_ego_vehicle_control__functions.c.o -MF CMakeFiles/vd_carla_msgs__rosidl_generator_c.dir/rosidl_generator_c/vd_carla_msgs/msg/detail/carla_ego_vehicle_control__functions.c.o.d -o CMakeFiles/vd_carla_msgs__rosidl_generator_c.dir/rosidl_generator_c/vd_carla_msgs/msg/detail/carla_ego_vehicle_control__functions.c.o -c /home/swati/Motion_Planning/MP_for_AV/src/MP_for_AV/build/vd_carla_msgs/rosidl_generator_c/vd_carla_msgs/msg/detail/carla_ego_vehicle_control__functions.c
[2.616s] [ 22%] [32m[1mLinking C shared library libvd_carla_msgs__rosidl_generator_c.so[0m
[2.617s] /opt/cmake-3.28.3-linux-x86_64/bin/cmake -E cmake_link_script CMakeFiles/vd_carla_msgs__rosidl_generator_c.dir/link.txt --verbose=1
[2.618s] /usr/bin/cc -fPIC -shared -Wl,-soname,libvd_carla_msgs__rosidl_generator_c.so -o libvd_carla_msgs__rosidl_generator_c.so CMakeFiles/vd_carla_msgs__rosidl_generator_c.dir/rosidl_generator_c/vd_carla_msgs/msg/detail/carla_ego_vehicle_control__functions.c.o  -Wl,-rpath,/opt/ros/humble/lib: /opt/ros/humble/lib/libstd_msgs__rosidl_generator_c.so /opt/ros/humble/lib/libbuiltin_interfaces__rosidl_generator_c.so /opt/ros/humble/lib/librosidl_runtime_c.so /opt/ros/humble/lib/librcutils.so -ldl 
[2.640s] gmake[2]: Leaving directory '/home/swati/Motion_Planning/MP_for_AV/src/MP_for_AV/build/vd_carla_msgs'
[2.643s] [ 22%] Built target vd_carla_msgs__rosidl_generator_c
[2.644s] /usr/bin/gmake  -f CMakeFiles/vd_carla_msgs__rosidl_typesupport_fastrtps_c.dir/build.make CMakeFiles/vd_carla_msgs__rosidl_typesupport_fastrtps_c.dir/depend
[2.644s] cd /home/swati/Motion_Planning/MP_for_AV/src/MP_for_AV/build/vd_carla_msgs && /opt/cmake-3.28.3-linux-x86_64/bin/cmake -E cmake_depends "Unix Makefiles" /home/swati/Motion_Planning/MP_for_AV/src/MP_for_AV/vd_carla_msgs /home/swati/Motion_Planning/MP_for_AV/src/MP_for_AV/vd_carla_msgs /home/swati/Motion_Planning/MP_for_AV/src/MP_for_AV/build/vd_carla_msgs /home/swati/Motion_Planning/MP_for_AV/src/MP_for_AV/build/vd_carla_msgs /home/swati/Motion_Planning/MP_for_AV/src/MP_for_AV/build/vd_carla_msgs/CMakeFiles/vd_carla_msgs__rosidl_typesupport_cpp.dir/DependInfo.cmake "--color="
[2.644s] /usr/bin/gmake  -f CMakeFiles/vd_carla_msgs__rosidl_typesupport_introspection_c.dir/build.make CMakeFiles/vd_carla_msgs__rosidl_typesupport_introspection_c.dir/depend
[2.644s] /usr/bin/gmake  -f CMakeFiles/vd_carla_msgs__rosidl_typesupport_c.dir/build.make CMakeFiles/vd_carla_msgs__rosidl_typesupport_c.dir/depend
[2.645s] gmake[2]: Entering directory '/home/swati/Motion_Planning/MP_for_AV/src/MP_for_AV/build/vd_carla_msgs'
[2.645s] gmake[2]: Entering directory '/home/swati/Motion_Planning/MP_for_AV/src/MP_for_AV/build/vd_carla_msgs'
[2.646s] gmake[2]: Entering directory '/home/swati/Motion_Planning/MP_for_AV/src/MP_for_AV/build/vd_carla_msgs'
[2.647s] [ 25%] [34m[1mGenerating C type support for eProsima Fast-RTPS[0m
[2.647s] /usr/bin/python3 /opt/ros/humble/lib/rosidl_typesupport_fastrtps_c/rosidl_typesupport_fastrtps_c --generator-arguments-file /home/swati/Motion_Planning/MP_for_AV/src/MP_for_AV/build/vd_carla_msgs/rosidl_typesupport_fastrtps_c__arguments.json
[2.647s] [ 29%] [34m[1mGenerating C type support dispatch for ROS interfaces[0m
[2.647s] gmake[2]: Leaving directory '/home/swati/Motion_Planning/MP_for_AV/src/MP_for_AV/build/vd_carla_msgs'
[2.648s] /usr/bin/gmake  -f CMakeFiles/vd_carla_msgs__rosidl_typesupport_cpp.dir/build.make CMakeFiles/vd_carla_msgs__rosidl_typesupport_cpp.dir/build
[2.648s] /usr/bin/python3 /opt/ros/humble/lib/rosidl_typesupport_c/rosidl_typesupport_c --generator-arguments-file /home/swati/Motion_Planning/MP_for_AV/src/MP_for_AV/build/vd_carla_msgs/rosidl_typesupport_c__arguments.json --typesupports rosidl_typesupport_fastrtps_c rosidl_typesupport_introspection_c
[2.648s] [ 32%] [34m[1mGenerating C introspection for ROS interfaces[0m
[2.648s] /usr/bin/python3 /opt/ros/humble/lib/rosidl_typesupport_introspection_c/rosidl_typesupport_introspection_c --generator-arguments-file /home/swati/Motion_Planning/MP_for_AV/src/MP_for_AV/build/vd_carla_msgs/rosidl_typesupport_introspection_c__arguments.json
[2.649s] gmake[2]: Entering directory '/home/swati/Motion_Planning/MP_for_AV/src/MP_for_AV/build/vd_carla_msgs'
[2.650s] cd /home/swati/Motion_Planning/MP_for_AV/src/MP_for_AV/build/vd_carla_msgs && /opt/cmake-3.28.3-linux-x86_64/bin/cmake -E cmake_depends "Unix Makefiles" /home/swati/Motion_Planning/MP_for_AV/src/MP_for_AV/vd_carla_msgs /home/swati/Motion_Planning/MP_for_AV/src/MP_for_AV/vd_carla_msgs /home/swati/Motion_Planning/MP_for_AV/src/MP_for_AV/build/vd_carla_msgs /home/swati/Motion_Planning/MP_for_AV/src/MP_for_AV/build/vd_carla_msgs /home/swati/Motion_Planning/MP_for_AV/src/MP_for_AV/build/vd_carla_msgs/CMakeFiles/vd_carla_msgs__rosidl_typesupport_introspection_cpp.dir/DependInfo.cmake "--color="
[2.651s] [ 35%] [32mBuilding CXX object CMakeFiles/vd_carla_msgs__rosidl_typesupport_cpp.dir/rosidl_typesupport_cpp/vd_carla_msgs/msg/carla_ego_vehicle_control__type_support.cpp.o[0m
[2.651s] /usr/bin/c++ -DRCUTILS_ENABLE_FAULT_INJECTION -DROSIDL_TYPESUPPORT_CPP_BUILDING_DLL -DROS_PACKAGE_NAME=\"vd_carla_msgs\" -I/home/swati/Motion_Planning/MP_for_AV/src/MP_for_AV/build/vd_carla_msgs/rosidl_generator_cpp -isystem /opt/ros/humble/include/std_msgs -isystem /opt/ros/humble/include/builtin_interfaces -isystem /opt/ros/humble/include/rosidl_runtime_cpp -isystem /opt/ros/humble/include/rosidl_runtime_c -isystem /opt/ros/humble/include/rcutils -isystem /opt/ros/humble/include/rosidl_typesupport_interface -isystem /opt/ros/humble/include/rosidl_typesupport_cpp -isystem /opt/ros/humble/include/rosidl_typesupport_c -std=gnu++14 -fPIC -Wall -Wextra -Wpedantic -MD -MT CMakeFiles/vd_carla_msgs__rosidl_typesupport_cpp.dir/rosidl_typesupport_cpp/vd_carla_msgs/msg/carla_ego_vehicle_control__type_support.cpp.o -MF CMakeFiles/vd_carla_msgs__rosidl_typesupport_cpp.dir/rosidl_typesupport_cpp/vd_carla_msgs/msg/carla_ego_vehicle_control__type_support.cpp.o.d -o CMakeFiles/vd_carla_msgs__rosidl_typesupport_cpp.dir/rosidl_typesupport_cpp/vd_carla_msgs/msg/carla_ego_vehicle_control__type_support.cpp.o -c /home/swati/Motion_Planning/MP_for_AV/src/MP_for_AV/build/vd_carla_msgs/rosidl_typesupport_cpp/vd_carla_msgs/msg/carla_ego_vehicle_control__type_support.cpp
[2.652s] gmake[2]: Leaving directory '/home/swati/Motion_Planning/MP_for_AV/src/MP_for_AV/build/vd_carla_msgs'
[2.653s] /usr/bin/gmake  -f CMakeFiles/vd_carla_msgs__rosidl_typesupport_introspection_cpp.dir/build.make CMakeFiles/vd_carla_msgs__rosidl_typesupport_introspection_cpp.dir/build
[2.654s] gmake[2]: Entering directory '/home/swati/Motion_Planning/MP_for_AV/src/MP_for_AV/build/vd_carla_msgs'
[2.655s] cd /home/swati/Motion_Planning/MP_for_AV/src/MP_for_AV/build/vd_carla_msgs && /opt/cmake-3.28.3-linux-x86_64/bin/cmake -E cmake_depends "Unix Makefiles" /home/swati/Motion_Planning/MP_for_AV/src/MP_for_AV/vd_carla_msgs /home/swati/Motion_Planning/MP_for_AV/src/MP_for_AV/vd_carla_msgs /home/swati/Motion_Planning/MP_for_AV/src/MP_for_AV/build/vd_carla_msgs /home/swati/Motion_Planning/MP_for_AV/src/MP_for_AV/build/vd_carla_msgs /home/swati/Motion_Planning/MP_for_AV/src/MP_for_AV/build/vd_carla_msgs/CMakeFiles/vd_carla_msgs__rosidl_typesupport_fastrtps_cpp.dir/DependInfo.cmake "--color="
[2.656s] [ 38%] [32mBuilding CXX object CMakeFiles/vd_carla_msgs__rosidl_typesupport_introspection_cpp.dir/rosidl_typesupport_introspection_cpp/vd_carla_msgs/msg/detail/carla_ego_vehicle_control__type_support.cpp.o[0m
[2.656s] /usr/bin/c++ -DRCUTILS_ENABLE_FAULT_INJECTION -DROSIDL_TYPESUPPORT_INTROSPECTION_CPP_BUILDING_DLL -DROS_PACKAGE_NAME=\"vd_carla_msgs\" -I/home/swati/Motion_Planning/MP_for_AV/src/MP_for_AV/build/vd_carla_msgs/rosidl_typesupport_introspection_cpp -I/home/swati/Motion_Planning/MP_for_AV/src/MP_for_AV/build/vd_carla_msgs/rosidl_generator_cpp -isystem /opt/ros/humble/include/std_msgs -isystem /opt/ros/humble/include/builtin_interfaces -isystem /opt/ros/humble/include/rosidl_runtime_cpp -isystem /opt/ros/humble/include/rosidl_runtime_c -isystem /opt/ros/humble/include/rcutils -isystem /opt/ros/humble/include/rosidl_typesupport_interface -isystem /opt/ros/humble/include/rosidl_typesupport_introspection_cpp -isystem /opt/ros/humble/include/rosidl_typesupport_introspection_c -std=gnu++17 -fPIC -Wall -Wextra -Wpedantic -MD -MT CMakeFiles/vd_carla_msgs__rosidl_typesupport_introspection_cpp.dir/rosidl_typesupport_introspection_cpp/vd_carla_msgs/msg/detail/carla_ego_vehicle_control__type_support.cpp.o -MF CMakeFiles/vd_carla_msgs__rosidl_typesupport_introspection_cpp.dir/rosidl_typesupport_introspection_cpp/vd_carla_msgs/msg/detail/carla_ego_vehicle_control__type_support.cpp.o.d -o CMakeFiles/vd_carla_msgs__rosidl_typesupport_introspection_cpp.dir/rosidl_typesupport_introspection_cpp/vd_carla_msgs/msg/detail/carla_ego_vehicle_control__type_support.cpp.o -c /home/swati/Motion_Planning/MP_for_AV/src/MP_for_AV/build/vd_carla_msgs/rosidl_typesupport_introspection_cpp/vd_carla_msgs/msg/detail/carla_ego_vehicle_control__type_support.cpp
[2.658s] gmake[2]: Leaving directory '/home/swati/Motion_Planning/MP_for_AV/src/MP_for_AV/build/vd_carla_msgs'
[2.659s] /usr/bin/gmake  -f CMakeFiles/vd_carla_msgs__rosidl_typesupport_fastrtps_cpp.dir/build.make CMakeFiles/vd_carla_msgs__rosidl_typesupport_fastrtps_cpp.dir/build
[2.659s] gmake[2]: Entering directory '/home/swati/Motion_Planning/MP_for_AV/src/MP_for_AV/build/vd_carla_msgs'
[2.661s] [ 41%] [32mBuilding CXX object CMakeFiles/vd_carla_msgs__rosidl_typesupport_fastrtps_cpp.dir/rosidl_typesupport_fastrtps_cpp/vd_carla_msgs/msg/detail/dds_fastrtps/carla_ego_vehicle_control__type_support.cpp.o[0m
[2.662s] /usr/bin/c++ -DRCUTILS_ENABLE_FAULT_INJECTION -DROSIDL_TYPESUPPORT_FASTRTPS_CPP_BUILDING_DLL_vd_carla_msgs -DROS_PACKAGE_NAME=\"vd_carla_msgs\" -I/home/swati/Motion_Planning/MP_for_AV/src/MP_for_AV/build/vd_carla_msgs/rosidl_typesupport_fastrtps_cpp -I/home/swati/Motion_Planning/MP_for_AV/src/MP_for_AV/build/vd_carla_msgs/rosidl_generator_cpp -isystem /opt/ros/humble/include/fastcdr -isystem /opt/ros/humble/include/rmw -isystem /opt/ros/humble/include/rcutils -isystem /opt/ros/humble/include/rosidl_runtime_c -isystem /opt/ros/humble/include/rosidl_typesupport_interface -isystem /opt/ros/humble/include/rosidl_runtime_cpp -isystem /opt/ros/humble/include/rosidl_typesupport_fastrtps_cpp -isystem /opt/ros/humble/include/std_msgs -isystem /opt/ros/humble/include/builtin_interfaces -std=gnu++14 -fPIC -Wall -Wextra -Wpedantic -Wredundant-decls -MD -MT CMakeFiles/vd_carla_msgs__rosidl_typesupport_fastrtps_cpp.dir/rosidl_typesupport_fastrtps_cpp/vd_carla_msgs/msg/detail/dds_fastrtps/carla_ego_vehicle_control__type_support.cpp.o -MF CMakeFiles/vd_carla_msgs__rosidl_typesupport_fastrtps_cpp.dir/rosidl_typesupport_fastrtps_cpp/vd_carla_msgs/msg/detail/dds_fastrtps/carla_ego_vehicle_control__type_support.cpp.o.d -o CMakeFiles/vd_carla_msgs__rosidl_typesupport_fastrtps_cpp.dir/rosidl_typesupport_fastrtps_cpp/vd_carla_msgs/msg/detail/dds_fastrtps/carla_ego_vehicle_control__type_support.cpp.o -c /home/swati/Motion_Planning/MP_for_AV/src/MP_for_AV/build/vd_carla_msgs/rosidl_typesupport_fastrtps_cpp/vd_carla_msgs/msg/detail/dds_fastrtps/carla_ego_vehicle_control__type_support.cpp
[2.851s] [ 45%] [32m[1mLinking CXX shared library libvd_carla_msgs__rosidl_typesupport_cpp.so[0m
[2.851s] /opt/cmake-3.28.3-linux-x86_64/bin/cmake -E cmake_link_script CMakeFiles/vd_carla_msgs__rosidl_typesupport_cpp.dir/link.txt --verbose=1
[2.853s] /usr/bin/c++ -fPIC -shared -Wl,-soname,libvd_carla_msgs__rosidl_typesupport_cpp.so -o libvd_carla_msgs__rosidl_typesupport_cpp.so CMakeFiles/vd_carla_msgs__rosidl_typesupport_cpp.dir/rosidl_typesupport_cpp/vd_carla_msgs/msg/carla_ego_vehicle_control__type_support.cpp.o  -Wl,-rpath,/opt/ros/humble/lib: /opt/ros/humble/lib/libstd_msgs__rosidl_typesupport_cpp.so /opt/ros/humble/lib/libbuiltin_interfaces__rosidl_typesupport_cpp.so /opt/ros/humble/lib/librosidl_typesupport_cpp.so /opt/ros/humble/lib/librosidl_typesupport_c.so /opt/ros/humble/lib/librosidl_runtime_c.so /opt/ros/humble/lib/librcutils.so -ldl -Wl,-rpath-link,/opt/ros/humble/lib 
[2.864s] cd /home/swati/Motion_Planning/MP_for_AV/src/MP_for_AV/build/vd_carla_msgs && /opt/cmake-3.28.3-linux-x86_64/bin/cmake -E cmake_depends "Unix Makefiles" /home/swati/Motion_Planning/MP_for_AV/src/MP_for_AV/vd_carla_msgs /home/swati/Motion_Planning/MP_for_AV/src/MP_for_AV/vd_carla_msgs /home/swati/Motion_Planning/MP_for_AV/src/MP_for_AV/build/vd_carla_msgs /home/swati/Motion_Planning/MP_for_AV/src/MP_for_AV/build/vd_carla_msgs /home/swati/Motion_Planning/MP_for_AV/src/MP_for_AV/build/vd_carla_msgs/CMakeFiles/vd_carla_msgs__rosidl_typesupport_fastrtps_c.dir/DependInfo.cmake "--color="
[2.865s] cd /home/swati/Motion_Planning/MP_for_AV/src/MP_for_AV/build/vd_carla_msgs && /opt/cmake-3.28.3-linux-x86_64/bin/cmake -E cmake_depends "Unix Makefiles" /home/swati/Motion_Planning/MP_for_AV/src/MP_for_AV/vd_carla_msgs /home/swati/Motion_Planning/MP_for_AV/src/MP_for_AV/vd_carla_msgs /home/swati/Motion_Planning/MP_for_AV/src/MP_for_AV/build/vd_carla_msgs /home/swati/Motion_Planning/MP_for_AV/src/MP_for_AV/build/vd_carla_msgs /home/swati/Motion_Planning/MP_for_AV/src/MP_for_AV/build/vd_carla_msgs/CMakeFiles/vd_carla_msgs__rosidl_typesupport_introspection_c.dir/DependInfo.cmake "--color="
[2.866s] gmake[2]: Leaving directory '/home/swati/Motion_Planning/MP_for_AV/src/MP_for_AV/build/vd_carla_msgs'
[2.867s] /usr/bin/gmake  -f CMakeFiles/vd_carla_msgs__rosidl_typesupport_fastrtps_c.dir/build.make CMakeFiles/vd_carla_msgs__rosidl_typesupport_fastrtps_c.dir/build
[2.867s] gmake[2]: Leaving directory '/home/swati/Motion_Planning/MP_for_AV/src/MP_for_AV/build/vd_carla_msgs'
[2.867s] /usr/bin/gmake  -f CMakeFiles/vd_carla_msgs__rosidl_typesupport_introspection_c.dir/build.make CMakeFiles/vd_carla_msgs__rosidl_typesupport_introspection_c.dir/build
[2.867s] gmake[2]: Entering directory '/home/swati/Motion_Planning/MP_for_AV/src/MP_for_AV/build/vd_carla_msgs'
[2.868s] gmake[2]: Entering directory '/home/swati/Motion_Planning/MP_for_AV/src/MP_for_AV/build/vd_carla_msgs'
[2.869s] [ 48%] [32mBuilding CXX object CMakeFiles/vd_carla_msgs__rosidl_typesupport_fastrtps_c.dir/rosidl_typesupport_fastrtps_c/vd_carla_msgs/msg/detail/carla_ego_vehicle_control__type_support_c.cpp.o[0m
[2.869s] /usr/bin/c++ -DRCUTILS_ENABLE_FAULT_INJECTION -DROSIDL_TYPESUPPORT_FASTRTPS_C_BUILDING_DLL_vd_carla_msgs -DROS_PACKAGE_NAME=\"vd_carla_msgs\" -I/home/swati/Motion_Planning/MP_for_AV/src/MP_for_AV/build/vd_carla_msgs/rosidl_typesupport_fastrtps_c -I/home/swati/Motion_Planning/MP_for_AV/src/MP_for_AV/build/vd_carla_msgs/rosidl_generator_c -isystem /opt/ros/humble/include/fastcdr -isystem /opt/ros/humble/include/rosidl_runtime_c -isystem /opt/ros/humble/include/rcutils -isystem /opt/ros/humble/include/rosidl_typesupport_interface -isystem /opt/ros/humble/include/rosidl_runtime_cpp -isystem /opt/ros/humble/include/rosidl_typesupport_fastrtps_cpp -isystem /opt/ros/humble/include/rmw -isystem /opt/ros/humble/include/rosidl_typesupport_fastrtps_c -isystem /opt/ros/humble/include/std_msgs -isystem /opt/ros/humble/include/builtin_interfaces -std=gnu++14 -fPIC -Wall -Wextra -Wpedantic -MD -MT CMakeFiles/vd_carla_msgs__rosidl_typesupport_fastrtps_c.dir/rosidl_typesupport_fastrtps_c/vd_carla_msgs/msg/detail/carla_ego_vehicle_control__type_support_c.cpp.o -MF CMakeFiles/vd_carla_msgs__rosidl_typesupport_fastrtps_c.dir/rosidl_typesupport_fastrtps_c/vd_carla_msgs/msg/detail/carla_ego_vehicle_control__type_support_c.cpp.o.d -o CMakeFiles/vd_carla_msgs__rosidl_typesupport_fastrtps_c.dir/rosidl_typesupport_fastrtps_c/vd_carla_msgs/msg/detail/carla_ego_vehicle_control__type_support_c.cpp.o -c /home/swati/Motion_Planning/MP_for_AV/src/MP_for_AV/build/vd_carla_msgs/rosidl_typesupport_fastrtps_c/vd_carla_msgs/msg/detail/carla_ego_vehicle_control__type_support_c.cpp
[2.869s] [ 51%] [32mBuilding C object CMakeFiles/vd_carla_msgs__rosidl_typesupport_introspection_c.dir/rosidl_typesupport_introspection_c/vd_carla_msgs/msg/detail/carla_ego_vehicle_control__type_support.c.o[0m
[2.870s] /usr/bin/cc -DRCUTILS_ENABLE_FAULT_INJECTION -DROSIDL_TYPESUPPORT_INTROSPECTION_C_BUILDING_DLL_vd_carla_msgs -DROS_PACKAGE_NAME=\"vd_carla_msgs\" -I/home/swati/Motion_Planning/MP_for_AV/src/MP_for_AV/build/vd_carla_msgs/rosidl_typesupport_introspection_c -I/home/swati/Motion_Planning/MP_for_AV/src/MP_for_AV/build/vd_carla_msgs/rosidl_generator_c -isystem /opt/ros/humble/include/std_msgs -isystem /opt/ros/humble/include/builtin_interfaces -isystem /opt/ros/humble/include/rosidl_runtime_c -isystem /opt/ros/humble/include/rcutils -isystem /opt/ros/humble/include/rosidl_typesupport_interface -isystem /opt/ros/humble/include/rosidl_typesupport_introspection_c -std=gnu11 -fPIC -Wall -MD -MT CMakeFiles/vd_carla_msgs__rosidl_typesupport_introspection_c.dir/rosidl_typesupport_introspection_c/vd_carla_msgs/msg/detail/carla_ego_vehicle_control__type_support.c.o -MF CMakeFiles/vd_carla_msgs__rosidl_typesupport_introspection_c.dir/rosidl_typesupport_introspection_c/vd_carla_msgs/msg/detail/carla_ego_vehicle_control__type_support.c.o.d -o CMakeFiles/vd_carla_msgs__rosidl_typesupport_introspection_c.dir/rosidl_typesupport_introspection_c/vd_carla_msgs/msg/detail/carla_ego_vehicle_control__type_support.c.o -c /home/swati/Motion_Planning/MP_for_AV/src/MP_for_AV/build/vd_carla_msgs/rosidl_typesupport_introspection_c/vd_carla_msgs/msg/detail/carla_ego_vehicle_control__type_support.c
[2.875s] gmake[2]: Leaving directory '/home/swati/Motion_Planning/MP_for_AV/src/MP_for_AV/build/vd_carla_msgs'
[2.877s] [ 51%] Built target vd_carla_msgs__rosidl_typesupport_cpp
[2.889s] [ 54%] [32m[1mLinking C shared library libvd_carla_msgs__rosidl_typesupport_introspection_c.so[0m
[2.890s] /opt/cmake-3.28.3-linux-x86_64/bin/cmake -E cmake_link_script CMakeFiles/vd_carla_msgs__rosidl_typesupport_introspection_c.dir/link.txt --verbose=1
[2.891s] /usr/bin/cc -fPIC -shared -Wl,-soname,libvd_carla_msgs__rosidl_typesupport_introspection_c.so -o libvd_carla_msgs__rosidl_typesupport_introspection_c.so CMakeFiles/vd_carla_msgs__rosidl_typesupport_introspection_c.dir/rosidl_typesupport_introspection_c/vd_carla_msgs/msg/detail/carla_ego_vehicle_control__type_support.c.o  -Wl,-rpath,/home/swati/Motion_Planning/MP_for_AV/src/MP_for_AV/build/vd_carla_msgs:/opt/ros/humble/lib: libvd_carla_msgs__rosidl_generator_c.so /opt/ros/humble/lib/libstd_msgs__rosidl_typesupport_introspection_c.so /opt/ros/humble/lib/libbuiltin_interfaces__rosidl_typesupport_introspection_c.so /opt/ros/humble/lib/librosidl_typesupport_introspection_c.so /opt/ros/humble/lib/libstd_msgs__rosidl_generator_c.so /opt/ros/humble/lib/libbuiltin_interfaces__rosidl_generator_c.so /opt/ros/humble/lib/librosidl_runtime_c.so /opt/ros/humble/lib/librcutils.so -ldl 
[2.904s] gmake[2]: Leaving directory '/home/swati/Motion_Planning/MP_for_AV/src/MP_for_AV/build/vd_carla_msgs'
[2.907s] [ 54%] Built target vd_carla_msgs__rosidl_typesupport_introspection_c
[2.982s] cd /home/swati/Motion_Planning/MP_for_AV/src/MP_for_AV/build/vd_carla_msgs && /opt/cmake-3.28.3-linux-x86_64/bin/cmake -E cmake_depends "Unix Makefiles" /home/swati/Motion_Planning/MP_for_AV/src/MP_for_AV/vd_carla_msgs /home/swati/Motion_Planning/MP_for_AV/src/MP_for_AV/vd_carla_msgs /home/swati/Motion_Planning/MP_for_AV/src/MP_for_AV/build/vd_carla_msgs /home/swati/Motion_Planning/MP_for_AV/src/MP_for_AV/build/vd_carla_msgs /home/swati/Motion_Planning/MP_for_AV/src/MP_for_AV/build/vd_carla_msgs/CMakeFiles/vd_carla_msgs__rosidl_typesupport_c.dir/DependInfo.cmake "--color="
[2.987s] gmake[2]: Leaving directory '/home/swati/Motion_Planning/MP_for_AV/src/MP_for_AV/build/vd_carla_msgs'
[2.987s] /usr/bin/gmake  -f CMakeFiles/vd_carla_msgs__rosidl_typesupport_c.dir/build.make CMakeFiles/vd_carla_msgs__rosidl_typesupport_c.dir/build
[2.993s] gmake[2]: Entering directory '/home/swati/Motion_Planning/MP_for_AV/src/MP_for_AV/build/vd_carla_msgs'
[2.998s] [ 58%] [32mBuilding CXX object CMakeFiles/vd_carla_msgs__rosidl_typesupport_c.dir/rosidl_typesupport_c/vd_carla_msgs/msg/carla_ego_vehicle_control__type_support.cpp.o[0m
[2.999s] /usr/bin/c++ -DRCUTILS_ENABLE_FAULT_INJECTION -DROSIDL_GENERATOR_C_BUILDING_DLL_vd_carla_msgs -DROS_PACKAGE_NAME=\"vd_carla_msgs\" -I/home/swati/Motion_Planning/MP_for_AV/src/MP_for_AV/build/vd_carla_msgs/rosidl_generator_c -isystem /opt/ros/humble/include/std_msgs -isystem /opt/ros/humble/include/builtin_interfaces -isystem /opt/ros/humble/include/rosidl_runtime_c -isystem /opt/ros/humble/include/rcutils -isystem /opt/ros/humble/include/rosidl_typesupport_interface -isystem /opt/ros/humble/include/rosidl_typesupport_c -std=gnu++14 -fPIC -Wall -MD -MT CMakeFiles/vd_carla_msgs__rosidl_typesupport_c.dir/rosidl_typesupport_c/vd_carla_msgs/msg/carla_ego_vehicle_control__type_support.cpp.o -MF CMakeFiles/vd_carla_msgs__rosidl_typesupport_c.dir/rosidl_typesupport_c/vd_carla_msgs/msg/carla_ego_vehicle_control__type_support.cpp.o.d -o CMakeFiles/vd_carla_msgs__rosidl_typesupport_c.dir/rosidl_typesupport_c/vd_carla_msgs/msg/carla_ego_vehicle_control__type_support.cpp.o -c /home/swati/Motion_Planning/MP_for_AV/src/MP_for_AV/build/vd_carla_msgs/rosidl_typesupport_c/vd_carla_msgs/msg/carla_ego_vehicle_control__type_support.cpp
[3.038s] [ 61%] [32m[1mLinking CXX shared library libvd_carla_msgs__rosidl_typesupport_c.so[0m
[3.042s] [ 64%] [32m[1mLinking CXX shared library libvd_carla_msgs__rosidl_typesupport_fastrtps_cpp.so[0m
[3.042s] /opt/cmake-3.28.3-linux-x86_64/bin/cmake -E cmake_link_script CMakeFiles/vd_carla_msgs__rosidl_typesupport_c.dir/link.txt --verbose=1
[3.043s] /opt/cmake-3.28.3-linux-x86_64/bin/cmake -E cmake_link_script CMakeFiles/vd_carla_msgs__rosidl_typesupport_fastrtps_cpp.dir/link.txt --verbose=1
[3.043s] /usr/bin/c++ -fPIC -shared -Wl,-soname,libvd_carla_msgs__rosidl_typesupport_c.so -o libvd_carla_msgs__rosidl_typesupport_c.so CMakeFiles/vd_carla_msgs__rosidl_typesupport_c.dir/rosidl_typesupport_c/vd_carla_msgs/msg/carla_ego_vehicle_control__type_support.cpp.o  -Wl,-rpath,/home/swati/Motion_Planning/MP_for_AV/src/MP_for_AV/build/vd_carla_msgs:/opt/ros/humble/lib: libvd_carla_msgs__rosidl_generator_c.so /opt/ros/humble/lib/libstd_msgs__rosidl_typesupport_c.so /opt/ros/humble/lib/libbuiltin_interfaces__rosidl_typesupport_c.so /opt/ros/humble/lib/librosidl_typesupport_c.so /opt/ros/humble/lib/libstd_msgs__rosidl_generator_c.so /opt/ros/humble/lib/libbuiltin_interfaces__rosidl_generator_c.so /opt/ros/humble/lib/librosidl_runtime_c.so /opt/ros/humble/lib/librcutils.so -ldl -Wl,-rpath-link,/opt/ros/humble/lib 
[3.047s] /usr/bin/c++ -fPIC -shared -Wl,-soname,libvd_carla_msgs__rosidl_typesupport_fastrtps_cpp.so -o libvd_carla_msgs__rosidl_typesupport_fastrtps_cpp.so CMakeFiles/vd_carla_msgs__rosidl_typesupport_fastrtps_cpp.dir/rosidl_typesupport_fastrtps_cpp/vd_carla_msgs/msg/detail/dds_fastrtps/carla_ego_vehicle_control__type_support.cpp.o  -Wl,-rpath,/opt/ros/humble/lib: /opt/ros/humble/lib/libstd_msgs__rosidl_typesupport_fastrtps_cpp.so /opt/ros/humble/lib/libbuiltin_interfaces__rosidl_typesupport_fastrtps_cpp.so /opt/ros/humble/lib/librosidl_typesupport_fastrtps_cpp.so /opt/ros/humble/lib/libfastcdr.so.1.0.24 /opt/ros/humble/lib/librmw.so /opt/ros/humble/lib/librosidl_runtime_c.so /opt/ros/humble/lib/librcutils.so -ldl 
[3.058s] [ 67%] [32m[1mLinking CXX shared library libvd_carla_msgs__rosidl_typesupport_introspection_cpp.so[0m
[3.064s] /opt/cmake-3.28.3-linux-x86_64/bin/cmake -E cmake_link_script CMakeFiles/vd_carla_msgs__rosidl_typesupport_introspection_cpp.dir/link.txt --verbose=1
[3.066s] /usr/bin/c++ -fPIC -shared -Wl,-soname,libvd_carla_msgs__rosidl_typesupport_introspection_cpp.so -o libvd_carla_msgs__rosidl_typesupport_introspection_cpp.so CMakeFiles/vd_carla_msgs__rosidl_typesupport_introspection_cpp.dir/rosidl_typesupport_introspection_cpp/vd_carla_msgs/msg/detail/carla_ego_vehicle_control__type_support.cpp.o  -Wl,-rpath,/opt/ros/humble/lib: /opt/ros/humble/lib/libstd_msgs__rosidl_typesupport_introspection_cpp.so /opt/ros/humble/lib/libbuiltin_interfaces__rosidl_typesupport_introspection_cpp.so /opt/ros/humble/lib/librosidl_typesupport_introspection_cpp.so /opt/ros/humble/lib/librosidl_typesupport_introspection_c.so /opt/ros/humble/lib/librosidl_runtime_c.so /opt/ros/humble/lib/librcutils.so -ldl 
[3.089s] gmake[2]: Leaving directory '/home/swati/Motion_Planning/MP_for_AV/src/MP_for_AV/build/vd_carla_msgs'
[3.096s] [ 67%] Built target vd_carla_msgs__rosidl_typesupport_c
[3.149s] gmake[2]: Leaving directory '/home/swati/Motion_Planning/MP_for_AV/src/MP_for_AV/build/vd_carla_msgs'
[3.152s] [ 67%] Built target vd_carla_msgs__rosidl_typesupport_fastrtps_cpp
[3.194s] gmake[2]: Leaving directory '/home/swati/Motion_Planning/MP_for_AV/src/MP_for_AV/build/vd_carla_msgs'
[3.198s] [ 67%] Built target vd_carla_msgs__rosidl_typesupport_introspection_cpp
[3.212s] [ 70%] [32m[1mLinking CXX shared library libvd_carla_msgs__rosidl_typesupport_fastrtps_c.so[0m
[3.212s] /opt/cmake-3.28.3-linux-x86_64/bin/cmake -E cmake_link_script CMakeFiles/vd_carla_msgs__rosidl_typesupport_fastrtps_c.dir/link.txt --verbose=1
[3.216s] /usr/bin/c++ -fPIC -shared -Wl,-soname,libvd_carla_msgs__rosidl_typesupport_fastrtps_c.so -o libvd_carla_msgs__rosidl_typesupport_fastrtps_c.so CMakeFiles/vd_carla_msgs__rosidl_typesupport_fastrtps_c.dir/rosidl_typesupport_fastrtps_c/vd_carla_msgs/msg/detail/carla_ego_vehicle_control__type_support_c.cpp.o  -Wl,-rpath,/home/swati/Motion_Planning/MP_for_AV/src/MP_for_AV/build/vd_carla_msgs:/opt/ros/humble/lib: libvd_carla_msgs__rosidl_generator_c.so /opt/ros/humble/lib/libstd_msgs__rosidl_typesupport_fastrtps_c.so /opt/ros/humble/lib/libbuiltin_interfaces__rosidl_typesupport_fastrtps_c.so /opt/ros/humble/lib/librosidl_typesupport_fastrtps_cpp.so /opt/ros/humble/lib/libfastcdr.so.1.0.24 /opt/ros/humble/lib/librmw.so /opt/ros/humble/lib/librosidl_typesupport_fastrtps_c.so /opt/ros/humble/lib/libstd_msgs__rosidl_generator_c.so /opt/ros/humble/lib/libbuiltin_interfaces__rosidl_generator_c.so /opt/ros/humble/lib/librosidl_runtime_c.so /opt/ros/humble/lib/librcutils.so -ldl 
[3.291s] gmake[2]: Leaving directory '/home/swati/Motion_Planning/MP_for_AV/src/MP_for_AV/build/vd_carla_msgs'
[3.297s] [ 70%] Built target vd_carla_msgs__rosidl_typesupport_fastrtps_c
[3.298s] /usr/bin/gmake  -f CMakeFiles/vd_carla_msgs.dir/build.make CMakeFiles/vd_carla_msgs.dir/depend
[3.298s] gmake[2]: Entering directory '/home/swati/Motion_Planning/MP_for_AV/src/MP_for_AV/build/vd_carla_msgs'
[3.298s] cd /home/swati/Motion_Planning/MP_for_AV/src/MP_for_AV/build/vd_carla_msgs && /opt/cmake-3.28.3-linux-x86_64/bin/cmake -E cmake_depends "Unix Makefiles" /home/swati/Motion_Planning/MP_for_AV/src/MP_for_AV/vd_carla_msgs /home/swati/Motion_Planning/MP_for_AV/src/MP_for_AV/vd_carla_msgs /home/swati/Motion_Planning/MP_for_AV/src/MP_for_AV/build/vd_carla_msgs /home/swati/Motion_Planning/MP_for_AV/src/MP_for_AV/build/vd_carla_msgs /home/swati/Motion_Planning/MP_for_AV/src/MP_for_AV/build/vd_carla_msgs/CMakeFiles/vd_carla_msgs.dir/DependInfo.cmake "--color="
[3.298s] gmake[2]: Leaving directory '/home/swati/Motion_Planning/MP_for_AV/src/MP_for_AV/build/vd_carla_msgs'
[3.298s] /usr/bin/gmake  -f CMakeFiles/vd_carla_msgs.dir/build.make CMakeFiles/vd_carla_msgs.dir/build
[3.300s] gmake[2]: Entering directory '/home/swati/Motion_Planning/MP_for_AV/src/MP_for_AV/build/vd_carla_msgs'
[3.300s] gmake[2]: Nothing to be done for 'CMakeFiles/vd_carla_msgs.dir/build'.
[3.300s] gmake[2]: Leaving directory '/home/swati/Motion_Planning/MP_for_AV/src/MP_for_AV/build/vd_carla_msgs'
[3.302s] [ 70%] Built target vd_carla_msgs
[3.303s] /usr/bin/gmake  -f /home/swati/Motion_Planning/MP_for_AV/src/MP_for_AV/build/vd_carla_msgs/vd_carla_msgs__py/CMakeFiles/vd_carla_msgs__py.dir/build.make /home/swati/Motion_Planning/MP_for_AV/src/MP_for_AV/build/vd_carla_msgs/vd_carla_msgs__py/CMakeFiles/vd_carla_msgs__py.dir/depend
[3.304s] gmake[2]: Entering directory '/home/swati/Motion_Planning/MP_for_AV/src/MP_for_AV/build/vd_carla_msgs'
[3.304s] cd /home/swati/Motion_Planning/MP_for_AV/src/MP_for_AV/build/vd_carla_msgs && /opt/cmake-3.28.3-linux-x86_64/bin/cmake -E cmake_depends "Unix Makefiles" /home/swati/Motion_Planning/MP_for_AV/src/MP_for_AV/vd_carla_msgs /home/swati/Motion_Planning/MP_for_AV/src/MP_for_AV/build/vd_carla_msgs/vd_carla_msgs__py /home/swati/Motion_Planning/MP_for_AV/src/MP_for_AV/build/vd_carla_msgs /home/swati/Motion_Planning/MP_for_AV/src/MP_for_AV/build/vd_carla_msgs/vd_carla_msgs__py /home/swati/Motion_Planning/MP_for_AV/src/MP_for_AV/build/vd_carla_msgs/vd_carla_msgs__py/CMakeFiles/vd_carla_msgs__py.dir/DependInfo.cmake "--color="
[3.308s] gmake[2]: Leaving directory '/home/swati/Motion_Planning/MP_for_AV/src/MP_for_AV/build/vd_carla_msgs'
[3.308s] /usr/bin/gmake  -f /home/swati/Motion_Planning/MP_for_AV/src/MP_for_AV/build/vd_carla_msgs/vd_carla_msgs__py/CMakeFiles/vd_carla_msgs__py.dir/build.make /home/swati/Motion_Planning/MP_for_AV/src/MP_for_AV/build/vd_carla_msgs/vd_carla_msgs__py/CMakeFiles/vd_carla_msgs__py.dir/build
[3.309s] gmake[2]: Entering directory '/home/swati/Motion_Planning/MP_for_AV/src/MP_for_AV/build/vd_carla_msgs'
[3.312s] [ 74%] [34m[1mGenerating Python code for ROS interfaces[0m
[3.312s] cd /home/swati/Motion_Planning/MP_for_AV/src/MP_for_AV/build/vd_carla_msgs/vd_carla_msgs__py && /usr/bin/python3 /opt/ros/humble/share/rosidl_generator_py/cmake/../../../lib/rosidl_generator_py/rosidl_generator_py --generator-arguments-file /home/swati/Motion_Planning/MP_for_AV/src/MP_for_AV/build/vd_carla_msgs/rosidl_generator_py__arguments.json --typesupport-impls "rosidl_typesupport_fastrtps_c;rosidl_typesupport_introspection_c;rosidl_typesupport_c"
[3.665s] gmake[2]: Leaving directory '/home/swati/Motion_Planning/MP_for_AV/src/MP_for_AV/build/vd_carla_msgs'
[3.667s] [ 74%] Built target vd_carla_msgs__py
[3.668s] /usr/bin/gmake  -f CMakeFiles/vd_carla_msgs__rosidl_generator_py.dir/build.make CMakeFiles/vd_carla_msgs__rosidl_generator_py.dir/depend
[3.669s] gmake[2]: Entering directory '/home/swati/Motion_Planning/MP_for_AV/src/MP_for_AV/build/vd_carla_msgs'
[3.669s] cd /home/swati/Motion_Planning/MP_for_AV/src/MP_for_AV/build/vd_carla_msgs && /opt/cmake-3.28.3-linux-x86_64/bin/cmake -E cmake_depends "Unix Makefiles" /home/swati/Motion_Planning/MP_for_AV/src/MP_for_AV/vd_carla_msgs /home/swati/Motion_Planning/MP_for_AV/src/MP_for_AV/vd_carla_msgs /home/swati/Motion_Planning/MP_for_AV/src/MP_for_AV/build/vd_carla_msgs /home/swati/Motion_Planning/MP_for_AV/src/MP_for_AV/build/vd_carla_msgs /home/swati/Motion_Planning/MP_for_AV/src/MP_for_AV/build/vd_carla_msgs/CMakeFiles/vd_carla_msgs__rosidl_generator_py.dir/DependInfo.cmake "--color="
[3.672s] gmake[2]: Leaving directory '/home/swati/Motion_Planning/MP_for_AV/src/MP_for_AV/build/vd_carla_msgs'
[3.672s] /usr/bin/gmake  -f CMakeFiles/vd_carla_msgs__rosidl_generator_py.dir/build.make CMakeFiles/vd_carla_msgs__rosidl_generator_py.dir/build
[3.673s] gmake[2]: Entering directory '/home/swati/Motion_Planning/MP_for_AV/src/MP_for_AV/build/vd_carla_msgs'
[3.675s] [ 77%] [32mBuilding C object CMakeFiles/vd_carla_msgs__rosidl_generator_py.dir/rosidl_generator_py/vd_carla_msgs/msg/_carla_ego_vehicle_control_s.c.o[0m
[3.675s] /usr/bin/cc -DRCUTILS_ENABLE_FAULT_INJECTION -DROS_PACKAGE_NAME=\"vd_carla_msgs\" -Dvd_carla_msgs__rosidl_generator_py_EXPORTS -I/home/swati/Motion_Planning/MP_for_AV/src/MP_for_AV/build/vd_carla_msgs/rosidl_generator_c -I/home/swati/Motion_Planning/MP_for_AV/src/MP_for_AV/build/vd_carla_msgs/rosidl_generator_py -I/usr/include/python3.10 -isystem /opt/ros/humble/include/std_msgs -isystem /opt/ros/humble/include/builtin_interfaces -isystem /opt/ros/humble/include/rosidl_runtime_c -isystem /opt/ros/humble/include/rcutils -isystem /opt/ros/humble/include/rosidl_typesupport_interface -fPIC -Wall -Wextra -MD -MT CMakeFiles/vd_carla_msgs__rosidl_generator_py.dir/rosidl_generator_py/vd_carla_msgs/msg/_carla_ego_vehicle_control_s.c.o -MF CMakeFiles/vd_carla_msgs__rosidl_generator_py.dir/rosidl_generator_py/vd_carla_msgs/msg/_carla_ego_vehicle_control_s.c.o.d -o CMakeFiles/vd_carla_msgs__rosidl_generator_py.dir/rosidl_generator_py/vd_carla_msgs/msg/_carla_ego_vehicle_control_s.c.o -c /home/swati/Motion_Planning/MP_for_AV/src/MP_for_AV/build/vd_carla_msgs/rosidl_generator_py/vd_carla_msgs/msg/_carla_ego_vehicle_control_s.c
[3.758s] [ 80%] [32m[1mLinking C shared library rosidl_generator_py/vd_carla_msgs/libvd_carla_msgs__rosidl_generator_py.so[0m
[3.758s] /opt/cmake-3.28.3-linux-x86_64/bin/cmake -E cmake_link_script CMakeFiles/vd_carla_msgs__rosidl_generator_py.dir/link.txt --verbose=1
[3.760s] /usr/bin/cc -fPIC -shared -Wl,-soname,libvd_carla_msgs__rosidl_generator_py.so -o rosidl_generator_py/vd_carla_msgs/libvd_carla_msgs__rosidl_generator_py.so CMakeFiles/vd_carla_msgs__rosidl_generator_py.dir/rosidl_generator_py/vd_carla_msgs/msg/_carla_ego_vehicle_control_s.c.o  -Wl,-rpath,/home/swati/Motion_Planning/MP_for_AV/src/MP_for_AV/build/vd_carla_msgs:/opt/ros/humble/lib: /usr/lib/x86_64-linux-gnu/libpython3.10.so libvd_carla_msgs__rosidl_typesupport_c.so /opt/ros/humble/lib/libstd_msgs__rosidl_generator_py.so /opt/ros/humble/lib/libbuiltin_interfaces__rosidl_generator_py.so libvd_carla_msgs__rosidl_generator_c.so /usr/lib/x86_64-linux-gnu/libpython3.10.so /opt/ros/humble/lib/libstd_msgs__rosidl_typesupport_c.so /opt/ros/humble/lib/libstd_msgs__rosidl_generator_c.so /opt/ros/humble/lib/libbuiltin_interfaces__rosidl_typesupport_c.so /opt/ros/humble/lib/libbuiltin_interfaces__rosidl_generator_c.so /opt/ros/humble/lib/librosidl_runtime_c.so /opt/ros/humble/lib/librcutils.so -ldl -Wl,-rpath-link,/opt/ros/humble/lib 
[3.779s] gmake[2]: Leaving directory '/home/swati/Motion_Planning/MP_for_AV/src/MP_for_AV/build/vd_carla_msgs'
[3.782s] [ 80%] Built target vd_carla_msgs__rosidl_generator_py
[3.782s] /usr/bin/gmake  -f CMakeFiles/vd_carla_msgs__rosidl_typesupport_fastrtps_c__pyext.dir/build.make CMakeFiles/vd_carla_msgs__rosidl_typesupport_fastrtps_c__pyext.dir/depend
[3.782s] /usr/bin/gmake  -f CMakeFiles/vd_carla_msgs__rosidl_typesupport_introspection_c__pyext.dir/build.make CMakeFiles/vd_carla_msgs__rosidl_typesupport_introspection_c__pyext.dir/depend
[3.783s] /usr/bin/gmake  -f CMakeFiles/vd_carla_msgs__rosidl_typesupport_c__pyext.dir/build.make CMakeFiles/vd_carla_msgs__rosidl_typesupport_c__pyext.dir/depend
[3.784s] gmake[2]: Entering directory '/home/swati/Motion_Planning/MP_for_AV/src/MP_for_AV/build/vd_carla_msgs'
[3.784s] cd /home/swati/Motion_Planning/MP_for_AV/src/MP_for_AV/build/vd_carla_msgs && /opt/cmake-3.28.3-linux-x86_64/bin/cmake -E cmake_depends "Unix Makefiles" /home/swati/Motion_Planning/MP_for_AV/src/MP_for_AV/vd_carla_msgs /home/swati/Motion_Planning/MP_for_AV/src/MP_for_AV/vd_carla_msgs /home/swati/Motion_Planning/MP_for_AV/src/MP_for_AV/build/vd_carla_msgs /home/swati/Motion_Planning/MP_for_AV/src/MP_for_AV/build/vd_carla_msgs /home/swati/Motion_Planning/MP_for_AV/src/MP_for_AV/build/vd_carla_msgs/CMakeFiles/vd_carla_msgs__rosidl_typesupport_c__pyext.dir/DependInfo.cmake "--color="
[3.784s] gmake[2]: Entering directory '/home/swati/Motion_Planning/MP_for_AV/src/MP_for_AV/build/vd_carla_msgs'
[3.784s] cd /home/swati/Motion_Planning/MP_for_AV/src/MP_for_AV/build/vd_carla_msgs && /opt/cmake-3.28.3-linux-x86_64/bin/cmake -E cmake_depends "Unix Makefiles" /home/swati/Motion_Planning/MP_for_AV/src/MP_for_AV/vd_carla_msgs /home/swati/Motion_Planning/MP_for_AV/src/MP_for_AV/vd_carla_msgs /home/swati/Motion_Planning/MP_for_AV/src/MP_for_AV/build/vd_carla_msgs /home/swati/Motion_Planning/MP_for_AV/src/MP_for_AV/build/vd_carla_msgs /home/swati/Motion_Planning/MP_for_AV/src/MP_for_AV/build/vd_carla_msgs/CMakeFiles/vd_carla_msgs__rosidl_typesupport_fastrtps_c__pyext.dir/DependInfo.cmake "--color="
[3.784s] gmake[2]: Entering directory '/home/swati/Motion_Planning/MP_for_AV/src/MP_for_AV/build/vd_carla_msgs'
[3.784s] cd /home/swati/Motion_Planning/MP_for_AV/src/MP_for_AV/build/vd_carla_msgs && /opt/cmake-3.28.3-linux-x86_64/bin/cmake -E cmake_depends "Unix Makefiles" /home/swati/Motion_Planning/MP_for_AV/src/MP_for_AV/vd_carla_msgs /home/swati/Motion_Planning/MP_for_AV/src/MP_for_AV/vd_carla_msgs /home/swati/Motion_Planning/MP_for_AV/src/MP_for_AV/build/vd_carla_msgs /home/swati/Motion_Planning/MP_for_AV/src/MP_for_AV/build/vd_carla_msgs /home/swati/Motion_Planning/MP_for_AV/src/MP_for_AV/build/vd_carla_msgs/CMakeFiles/vd_carla_msgs__rosidl_typesupport_introspection_c__pyext.dir/DependInfo.cmake "--color="
[3.786s] gmake[2]: Leaving directory '/home/swati/Motion_Planning/MP_for_AV/src/MP_for_AV/build/vd_carla_msgs'
[3.786s] gmake[2]: Leaving directory '/home/swati/Motion_Planning/MP_for_AV/src/MP_for_AV/build/vd_carla_msgs'
[3.787s] /usr/bin/gmake  -f CMakeFiles/vd_carla_msgs__rosidl_typesupport_c__pyext.dir/build.make CMakeFiles/vd_carla_msgs__rosidl_typesupport_c__pyext.dir/build
[3.787s] /usr/bin/gmake  -f CMakeFiles/vd_carla_msgs__rosidl_typesupport_fastrtps_c__pyext.dir/build.make CMakeFiles/vd_carla_msgs__rosidl_typesupport_fastrtps_c__pyext.dir/build
[3.787s] gmake[2]: Leaving directory '/home/swati/Motion_Planning/MP_for_AV/src/MP_for_AV/build/vd_carla_msgs'
[3.787s] /usr/bin/gmake  -f CMakeFiles/vd_carla_msgs__rosidl_typesupport_introspection_c__pyext.dir/build.make CMakeFiles/vd_carla_msgs__rosidl_typesupport_introspection_c__pyext.dir/build
[3.788s] gmake[2]: Entering directory '/home/swati/Motion_Planning/MP_for_AV/src/MP_for_AV/build/vd_carla_msgs'
[3.788s] gmake[2]: Entering directory '/home/swati/Motion_Planning/MP_for_AV/src/MP_for_AV/build/vd_carla_msgs'
[3.788s] gmake[2]: Entering directory '/home/swati/Motion_Planning/MP_for_AV/src/MP_for_AV/build/vd_carla_msgs'
[3.790s] [ 83%] [32mBuilding C object CMakeFiles/vd_carla_msgs__rosidl_typesupport_c__pyext.dir/rosidl_generator_py/vd_carla_msgs/_vd_carla_msgs_s.ep.rosidl_typesupport_c.c.o[0m
[3.790s] /usr/bin/cc -DRCUTILS_ENABLE_FAULT_INJECTION -DROS_PACKAGE_NAME=\"vd_carla_msgs\" -Dvd_carla_msgs__rosidl_typesupport_c__pyext_EXPORTS -I/home/swati/Motion_Planning/MP_for_AV/src/MP_for_AV/build/vd_carla_msgs/rosidl_generator_c -I/home/swati/Motion_Planning/MP_for_AV/src/MP_for_AV/build/vd_carla_msgs/rosidl_generator_py -I/usr/include/python3.10 -isystem /opt/ros/humble/include/rosidl_runtime_c -isystem /opt/ros/humble/include/rosidl_typesupport_c -isystem /opt/ros/humble/include/rosidl_typesupport_interface -isystem /opt/ros/humble/include/std_msgs -isystem /opt/ros/humble/include/builtin_interfaces -isystem /opt/ros/humble/include/rmw -isystem /opt/ros/humble/include/rcutils -isystem /opt/ros/humble/include/fastcdr -isystem /opt/ros/humble/include/rosidl_runtime_cpp -isystem /opt/ros/humble/include/rosidl_typesupport_fastrtps_cpp -isystem /opt/ros/humble/include/rosidl_typesupport_fastrtps_c -isystem /opt/ros/humble/include/rosidl_typesupport_introspection_c -isystem /opt/ros/humble/include/rosidl_typesupport_introspection_cpp -fPIC -Wall -Wextra -MD -MT CMakeFiles/vd_carla_msgs__rosidl_typesupport_c__pyext.dir/rosidl_generator_py/vd_carla_msgs/_vd_carla_msgs_s.ep.rosidl_typesupport_c.c.o -MF CMakeFiles/vd_carla_msgs__rosidl_typesupport_c__pyext.dir/rosidl_generator_py/vd_carla_msgs/_vd_carla_msgs_s.ep.rosidl_typesupport_c.c.o.d -o CMakeFiles/vd_carla_msgs__rosidl_typesupport_c__pyext.dir/rosidl_generator_py/vd_carla_msgs/_vd_carla_msgs_s.ep.rosidl_typesupport_c.c.o -c /home/swati/Motion_Planning/MP_for_AV/src/MP_for_AV/build/vd_carla_msgs/rosidl_generator_py/vd_carla_msgs/_vd_carla_msgs_s.ep.rosidl_typesupport_c.c
[3.790s] [ 87%] [32mBuilding C object CMakeFiles/vd_carla_msgs__rosidl_typesupport_fastrtps_c__pyext.dir/rosidl_generator_py/vd_carla_msgs/_vd_carla_msgs_s.ep.rosidl_typesupport_fastrtps_c.c.o[0m
[3.791s] /usr/bin/cc -DRCUTILS_ENABLE_FAULT_INJECTION -DROS_PACKAGE_NAME=\"vd_carla_msgs\" -Dvd_carla_msgs__rosidl_typesupport_fastrtps_c__pyext_EXPORTS -I/home/swati/Motion_Planning/MP_for_AV/src/MP_for_AV/build/vd_carla_msgs/rosidl_generator_c -I/home/swati/Motion_Planning/MP_for_AV/src/MP_for_AV/build/vd_carla_msgs/rosidl_generator_py -I/usr/include/python3.10 -I/home/swati/Motion_Planning/MP_for_AV/src/MP_for_AV/build/vd_carla_msgs/rosidl_typesupport_fastrtps_c -isystem /opt/ros/humble/include/rosidl_runtime_c -isystem /opt/ros/humble/include/rosidl_typesupport_c -isystem /opt/ros/humble/include/rosidl_typesupport_interface -isystem /opt/ros/humble/include/std_msgs -isystem /opt/ros/humble/include/builtin_interfaces -isystem /opt/ros/humble/include/rmw -isystem /opt/ros/humble/include/rcutils -isystem /opt/ros/humble/include/fastcdr -isystem /opt/ros/humble/include/rosidl_runtime_cpp -isystem /opt/ros/humble/include/rosidl_typesupport_fastrtps_cpp -isystem /opt/ros/humble/include/rosidl_typesupport_fastrtps_c -isystem /opt/ros/humble/include/rosidl_typesupport_introspection_c -isystem /opt/ros/humble/include/rosidl_typesupport_introspection_cpp -fPIC -Wall -Wextra -MD -MT CMakeFiles/vd_carla_msgs__rosidl_typesupport_fastrtps_c__pyext.dir/rosidl_generator_py/vd_carla_msgs/_vd_carla_msgs_s.ep.rosidl_typesupport_fastrtps_c.c.o -MF CMakeFiles/vd_carla_msgs__rosidl_typesupport_fastrtps_c__pyext.dir/rosidl_generator_py/vd_carla_msgs/_vd_carla_msgs_s.ep.rosidl_typesupport_fastrtps_c.c.o.d -o CMakeFiles/vd_carla_msgs__rosidl_typesupport_fastrtps_c__pyext.dir/rosidl_generator_py/vd_carla_msgs/_vd_carla_msgs_s.ep.rosidl_typesupport_fastrtps_c.c.o -c /home/swati/Motion_Planning/MP_for_AV/src/MP_for_AV/build/vd_carla_msgs/rosidl_generator_py/vd_carla_msgs/_vd_carla_msgs_s.ep.rosidl_typesupport_fastrtps_c.c
[3.791s] [ 90%] [32mBuilding C object CMakeFiles/vd_carla_msgs__rosidl_typesupport_introspection_c__pyext.dir/rosidl_generator_py/vd_carla_msgs/_vd_carla_msgs_s.ep.rosidl_typesupport_introspection_c.c.o[0m
[3.791s] /usr/bin/cc -DRCUTILS_ENABLE_FAULT_INJECTION -DROS_PACKAGE_NAME=\"vd_carla_msgs\" -Dvd_carla_msgs__rosidl_typesupport_introspection_c__pyext_EXPORTS -I/home/swati/Motion_Planning/MP_for_AV/src/MP_for_AV/build/vd_carla_msgs/rosidl_generator_c -I/home/swati/Motion_Planning/MP_for_AV/src/MP_for_AV/build/vd_carla_msgs/rosidl_generator_py -I/usr/include/python3.10 -I/home/swati/Motion_Planning/MP_for_AV/src/MP_for_AV/build/vd_carla_msgs/rosidl_typesupport_introspection_c -isystem /opt/ros/humble/include/rosidl_runtime_c -isystem /opt/ros/humble/include/rosidl_typesupport_c -isystem /opt/ros/humble/include/rosidl_typesupport_interface -isystem /opt/ros/humble/include/std_msgs -isystem /opt/ros/humble/include/builtin_interfaces -isystem /opt/ros/humble/include/rmw -isystem /opt/ros/humble/include/rcutils -isystem /opt/ros/humble/include/rosidl_typesupport_introspection_c -isystem /opt/ros/humble/include/fastcdr -isystem /opt/ros/humble/include/rosidl_runtime_cpp -isystem /opt/ros/humble/include/rosidl_typesupport_fastrtps_cpp -isystem /opt/ros/humble/include/rosidl_typesupport_fastrtps_c -isystem /opt/ros/humble/include/rosidl_typesupport_introspection_cpp -fPIC -Wall -Wextra -MD -MT CMakeFiles/vd_carla_msgs__rosidl_typesupport_introspection_c__pyext.dir/rosidl_generator_py/vd_carla_msgs/_vd_carla_msgs_s.ep.rosidl_typesupport_introspection_c.c.o -MF CMakeFiles/vd_carla_msgs__rosidl_typesupport_introspection_c__pyext.dir/rosidl_generator_py/vd_carla_msgs/_vd_carla_msgs_s.ep.rosidl_typesupport_introspection_c.c.o.d -o CMakeFiles/vd_carla_msgs__rosidl_typesupport_introspection_c__pyext.dir/rosidl_generator_py/vd_carla_msgs/_vd_carla_msgs_s.ep.rosidl_typesupport_introspection_c.c.o -c /home/swati/Motion_Planning/MP_for_AV/src/MP_for_AV/build/vd_carla_msgs/rosidl_generator_py/vd_carla_msgs/_vd_carla_msgs_s.ep.rosidl_typesupport_introspection_c.c
[3.847s] [ 93%] [32m[1mLinking C shared library rosidl_generator_py/vd_carla_msgs/vd_carla_msgs_s__rosidl_typesupport_c.cpython-310-x86_64-linux-gnu.so[0m
[3.848s] [ 96%] [32m[1mLinking C shared library rosidl_generator_py/vd_carla_msgs/vd_carla_msgs_s__rosidl_typesupport_fastrtps_c.cpython-310-x86_64-linux-gnu.so[0m
[3.848s] /opt/cmake-3.28.3-linux-x86_64/bin/cmake -E cmake_link_script CMakeFiles/vd_carla_msgs__rosidl_typesupport_c__pyext.dir/link.txt --verbose=1
[3.848s] /opt/cmake-3.28.3-linux-x86_64/bin/cmake -E cmake_link_script CMakeFiles/vd_carla_msgs__rosidl_typesupport_fastrtps_c__pyext.dir/link.txt --verbose=1
[3.850s] /usr/bin/cc -fPIC -shared -Wl,-soname,vd_carla_msgs_s__rosidl_typesupport_c.cpython-310-x86_64-linux-gnu.so -o rosidl_generator_py/vd_carla_msgs/vd_carla_msgs_s__rosidl_typesupport_c.cpython-310-x86_64-linux-gnu.so CMakeFiles/vd_carla_msgs__rosidl_typesupport_c__pyext.dir/rosidl_generator_py/vd_carla_msgs/_vd_carla_msgs_s.ep.rosidl_typesupport_c.c.o  -Wl,-rpath,/home/swati/Motion_Planning/MP_for_AV/src/MP_for_AV/build/vd_carla_msgs/rosidl_generator_py/vd_carla_msgs:/home/swati/Motion_Planning/MP_for_AV/src/MP_for_AV/build/vd_carla_msgs:/opt/ros/humble/lib: rosidl_generator_py/vd_carla_msgs/libvd_carla_msgs__rosidl_generator_py.so /usr/lib/x86_64-linux-gnu/libpython3.10.so libvd_carla_msgs__rosidl_typesupport_c.so /opt/ros/humble/lib/libstd_msgs__rosidl_typesupport_fastrtps_c.so /opt/ros/humble/lib/libstd_msgs__rosidl_typesupport_fastrtps_cpp.so /opt/ros/humble/lib/libstd_msgs__rosidl_typesupport_introspection_c.so /opt/ros/humble/lib/libstd_msgs__rosidl_typesupport_introspection_cpp.so /opt/ros/humble/lib/libstd_msgs__rosidl_typesupport_cpp.so /opt/ros/humble/lib/libstd_msgs__rosidl_generator_py.so /opt/ros/humble/lib/libbuiltin_interfaces__rosidl_typesupport_fastrtps_c.so /opt/ros/humble/lib/libbuiltin_interfaces__rosidl_typesupport_introspection_c.so /opt/ros/humble/lib/libbuiltin_interfaces__rosidl_typesupport_fastrtps_cpp.so /opt/ros/humble/lib/libbuiltin_interfaces__rosidl_typesupport_introspection_cpp.so /opt/ros/humble/lib/libbuiltin_interfaces__rosidl_typesupport_cpp.so /opt/ros/humble/lib/libbuiltin_interfaces__rosidl_generator_py.so /opt/ros/humble/lib/librmw.so /opt/ros/humble/lib/libstd_msgs__rosidl_typesupport_c.so /usr/lib/x86_64-linux-gnu/libpython3.10.so /opt/ros/humble/lib/libbuiltin_interfaces__rosidl_typesupport_c.so libvd_carla_msgs__rosidl_generator_c.so /opt/ros/humble/lib/librosidl_typesupport_fastrtps_c.so /opt/ros/humble/lib/librosidl_typesupport_fastrtps_cpp.so /opt/ros/humble/lib/libfastcdr.so.1.0.24 /opt/ros/humble/lib/librmw.so /opt/ros/humble/lib/libstd_msgs__rosidl_generator_c.so /opt/ros/humble/lib/libbuiltin_interfaces__rosidl_generator_c.so /opt/ros/humble/lib/librosidl_typesupport_introspection_cpp.so /opt/ros/humble/lib/librosidl_typesupport_introspection_c.so /opt/ros/humble/lib/librosidl_typesupport_c.so /opt/ros/humble/lib/librosidl_runtime_c.so /opt/ros/humble/lib/librcutils.so -ldl -Wl,-rpath-link,/opt/ros/humble/lib 
[3.850s] /usr/bin/cc -fPIC -shared -Wl,-soname,vd_carla_msgs_s__rosidl_typesupport_fastrtps_c.cpython-310-x86_64-linux-gnu.so -o rosidl_generator_py/vd_carla_msgs/vd_carla_msgs_s__rosidl_typesupport_fastrtps_c.cpython-310-x86_64-linux-gnu.so CMakeFiles/vd_carla_msgs__rosidl_typesupport_fastrtps_c__pyext.dir/rosidl_generator_py/vd_carla_msgs/_vd_carla_msgs_s.ep.rosidl_typesupport_fastrtps_c.c.o  -Wl,-rpath,/home/swati/Motion_Planning/MP_for_AV/src/MP_for_AV/build/vd_carla_msgs/rosidl_generator_py/vd_carla_msgs:/home/swati/Motion_Planning/MP_for_AV/src/MP_for_AV/build/vd_carla_msgs:/opt/ros/humble/lib: rosidl_generator_py/vd_carla_msgs/libvd_carla_msgs__rosidl_generator_py.so /usr/lib/x86_64-linux-gnu/libpython3.10.so libvd_carla_msgs__rosidl_typesupport_fastrtps_c.so libvd_carla_msgs__rosidl_typesupport_c.so /opt/ros/humble/lib/libstd_msgs__rosidl_typesupport_fastrtps_c.so /opt/ros/humble/lib/libstd_msgs__rosidl_typesupport_fastrtps_cpp.so /opt/ros/humble/lib/libstd_msgs__rosidl_typesupport_introspection_c.so /opt/ros/humble/lib/libstd_msgs__rosidl_typesupport_introspection_cpp.so /opt/ros/humble/lib/libstd_msgs__rosidl_typesupport_cpp.so /opt/ros/humble/lib/libstd_msgs__rosidl_generator_py.so /opt/ros/humble/lib/libbuiltin_interfaces__rosidl_typesupport_fastrtps_c.so /opt/ros/humble/lib/libbuiltin_interfaces__rosidl_typesupport_introspection_c.so /opt/ros/humble/lib/libbuiltin_interfaces__rosidl_typesupport_fastrtps_cpp.so /opt/ros/humble/lib/libbuiltin_interfaces__rosidl_typesupport_introspection_cpp.so /opt/ros/humble/lib/libbuiltin_interfaces__rosidl_typesupport_cpp.so /opt/ros/humble/lib/libbuiltin_interfaces__rosidl_generator_py.so /opt/ros/humble/lib/librmw.so /opt/ros/humble/lib/libstd_msgs__rosidl_typesupport_c.so /usr/lib/x86_64-linux-gnu/libpython3.10.so /opt/ros/humble/lib/libbuiltin_interfaces__rosidl_typesupport_c.so libvd_carla_msgs__rosidl_generator_c.so /opt/ros/humble/lib/librosidl_typesupport_fastrtps_c.so /opt/ros/humble/lib/librosidl_typesupport_fastrtps_cpp.so /opt/ros/humble/lib/libfastcdr.so.1.0.24 /opt/ros/humble/lib/librmw.so /opt/ros/humble/lib/libstd_msgs__rosidl_generator_c.so /opt/ros/humble/lib/libbuiltin_interfaces__rosidl_generator_c.so /opt/ros/humble/lib/librosidl_typesupport_introspection_cpp.so /opt/ros/humble/lib/librosidl_typesupport_introspection_c.so /opt/ros/humble/lib/librosidl_typesupport_c.so /opt/ros/humble/lib/librosidl_runtime_c.so /opt/ros/humble/lib/librcutils.so -ldl -Wl,-rpath-link,/opt/ros/humble/lib 
[3.850s] [100%] [32m[1mLinking C shared library rosidl_generator_py/vd_carla_msgs/vd_carla_msgs_s__rosidl_typesupport_introspection_c.cpython-310-x86_64-linux-gnu.so[0m
[3.851s] /opt/cmake-3.28.3-linux-x86_64/bin/cmake -E cmake_link_script CMakeFiles/vd_carla_msgs__rosidl_typesupport_introspection_c__pyext.dir/link.txt --verbose=1
[3.852s] /usr/bin/cc -fPIC -shared -Wl,-soname,vd_carla_msgs_s__rosidl_typesupport_introspection_c.cpython-310-x86_64-linux-gnu.so -o rosidl_generator_py/vd_carla_msgs/vd_carla_msgs_s__rosidl_typesupport_introspection_c.cpython-310-x86_64-linux-gnu.so CMakeFiles/vd_carla_msgs__rosidl_typesupport_introspection_c__pyext.dir/rosidl_generator_py/vd_carla_msgs/_vd_carla_msgs_s.ep.rosidl_typesupport_introspection_c.c.o  -Wl,-rpath,/home/swati/Motion_Planning/MP_for_AV/src/MP_for_AV/build/vd_carla_msgs/rosidl_generator_py/vd_carla_msgs:/home/swati/Motion_Planning/MP_for_AV/src/MP_for_AV/build/vd_carla_msgs:/opt/ros/humble/lib: rosidl_generator_py/vd_carla_msgs/libvd_carla_msgs__rosidl_generator_py.so /usr/lib/x86_64-linux-gnu/libpython3.10.so libvd_carla_msgs__rosidl_typesupport_introspection_c.so libvd_carla_msgs__rosidl_typesupport_c.so /opt/ros/humble/lib/libstd_msgs__rosidl_typesupport_fastrtps_c.so /opt/ros/humble/lib/libstd_msgs__rosidl_typesupport_fastrtps_cpp.so /opt/ros/humble/lib/libstd_msgs__rosidl_typesupport_introspection_c.so /opt/ros/humble/lib/libstd_msgs__rosidl_typesupport_introspection_cpp.so /opt/ros/humble/lib/libstd_msgs__rosidl_typesupport_cpp.so /opt/ros/humble/lib/libstd_msgs__rosidl_generator_py.so /opt/ros/humble/lib/libbuiltin_interfaces__rosidl_typesupport_fastrtps_c.so /opt/ros/humble/lib/libbuiltin_interfaces__rosidl_typesupport_introspection_c.so /opt/ros/humble/lib/libbuiltin_interfaces__rosidl_typesupport_fastrtps_cpp.so /opt/ros/humble/lib/libbuiltin_interfaces__rosidl_typesupport_introspection_cpp.so /opt/ros/humble/lib/libbuiltin_interfaces__rosidl_typesupport_cpp.so /opt/ros/humble/lib/libbuiltin_interfaces__rosidl_generator_py.so /opt/ros/humble/lib/librmw.so /opt/ros/humble/lib/libstd_msgs__rosidl_typesupport_c.so /usr/lib/x86_64-linux-gnu/libpython3.10.so /opt/ros/humble/lib/libbuiltin_interfaces__rosidl_typesupport_c.so libvd_carla_msgs__rosidl_generator_c.so /opt/ros/humble/lib/libstd_msgs__rosidl_generator_c.so /opt/ros/humble/lib/libbuiltin_interfaces__rosidl_generator_c.so /opt/ros/humble/lib/librosidl_typesupport_fastrtps_c.so /opt/ros/humble/lib/librosidl_typesupport_fastrtps_cpp.so /opt/ros/humble/lib/libfastcdr.so.1.0.24 /opt/ros/humble/lib/librmw.so /opt/ros/humble/lib/librosidl_typesupport_introspection_cpp.so /opt/ros/humble/lib/librosidl_typesupport_introspection_c.so /opt/ros/humble/lib/librosidl_typesupport_c.so /opt/ros/humble/lib/librosidl_runtime_c.so /opt/ros/humble/lib/librcutils.so -ldl -Wl,-rpath-link,/opt/ros/humble/lib 
[3.866s] gmake[2]: Leaving directory '/home/swati/Motion_Planning/MP_for_AV/src/MP_for_AV/build/vd_carla_msgs'
[3.868s] [100%] Built target vd_carla_msgs__rosidl_typesupport_c__pyext
[3.869s] gmake[2]: Leaving directory '/home/swati/Motion_Planning/MP_for_AV/src/MP_for_AV/build/vd_carla_msgs'
[3.870s] gmake[2]: Leaving directory '/home/swati/Motion_Planning/MP_for_AV/src/MP_for_AV/build/vd_carla_msgs'
[3.872s] [100%] Built target vd_carla_msgs__rosidl_typesupport_introspection_c__pyext
[3.872s] [100%] Built target vd_carla_msgs__rosidl_typesupport_fastrtps_c__pyext
[3.872s] gmake[1]: Leaving directory '/home/swati/Motion_Planning/MP_for_AV/src/MP_for_AV/build/vd_carla_msgs'
[3.872s] /opt/cmake-3.28.3-linux-x86_64/bin/cmake -E cmake_progress_start /home/swati/Motion_Planning/MP_for_AV/src/MP_for_AV/build/vd_carla_msgs/CMakeFiles 0
[3.876s] 
[3.877s] Invoked command in '/home/swati/Motion_Planning/MP_for_AV/src/MP_for_AV/build/vd_carla_msgs' returned '0': CMAKE_PREFIX_PATH=/opt/ros/humble /opt/cmake-3.28.3-linux-x86_64/bin/cmake --build /home/swati/Motion_Planning/MP_for_AV/src/MP_for_AV/build/vd_carla_msgs -- -j20 -l20
[3.936s] Invoking command in '/home/swati/Motion_Planning/MP_for_AV/src/MP_for_AV/build/vd_carla_msgs': CMAKE_PREFIX_PATH=/opt/ros/humble /opt/cmake-3.28.3-linux-x86_64/bin/cmake --install /home/swati/Motion_Planning/MP_for_AV/src/MP_for_AV/build/vd_carla_msgs
[3.938s] -- Install configuration: ""
[3.938s] -- Installing: /home/swati/Motion_Planning/MP_for_AV/src/MP_for_AV/install/vd_carla_msgs/share/ament_index/resource_index/rosidl_interfaces/vd_carla_msgs
[3.938s] -- Installing: /home/swati/Motion_Planning/MP_for_AV/src/MP_for_AV/install/vd_carla_msgs/include/vd_carla_msgs/vd_carla_msgs
[3.938s] -- Installing: /home/swati/Motion_Planning/MP_for_AV/src/MP_for_AV/install/vd_carla_msgs/include/vd_carla_msgs/vd_carla_msgs/msg
[3.938s] -- Installing: /home/swati/Motion_Planning/MP_for_AV/src/MP_for_AV/install/vd_carla_msgs/include/vd_carla_msgs/vd_carla_msgs/msg/carla_ego_vehicle_control.h
[3.938s] -- Installing: /home/swati/Motion_Planning/MP_for_AV/src/MP_for_AV/install/vd_carla_msgs/include/vd_carla_msgs/vd_carla_msgs/msg/detail
[3.938s] -- Installing: /home/swati/Motion_Planning/MP_for_AV/src/MP_for_AV/install/vd_carla_msgs/include/vd_carla_msgs/vd_carla_msgs/msg/detail/carla_ego_vehicle_control__struct.h
[3.938s] -- Installing: /home/swati/Motion_Planning/MP_for_AV/src/MP_for_AV/install/vd_carla_msgs/include/vd_carla_msgs/vd_carla_msgs/msg/detail/carla_ego_vehicle_control__functions.c
[3.938s] -- Installing: /home/swati/Motion_Planning/MP_for_AV/src/MP_for_AV/install/vd_carla_msgs/include/vd_carla_msgs/vd_carla_msgs/msg/detail/carla_ego_vehicle_control__functions.h
[3.938s] -- Installing: /home/swati/Motion_Planning/MP_for_AV/src/MP_for_AV/install/vd_carla_msgs/include/vd_carla_msgs/vd_carla_msgs/msg/detail/carla_ego_vehicle_control__type_support.h
[3.938s] -- Installing: /home/swati/Motion_Planning/MP_for_AV/src/MP_for_AV/install/vd_carla_msgs/include/vd_carla_msgs/vd_carla_msgs/msg/rosidl_generator_c__visibility_control.h
[3.938s] -- Installing: /home/swati/Motion_Planning/MP_for_AV/src/MP_for_AV/install/vd_carla_msgs/share/vd_carla_msgs/environment/library_path.sh
[3.938s] -- Installing: /home/swati/Motion_Planning/MP_for_AV/src/MP_for_AV/install/vd_carla_msgs/share/vd_carla_msgs/environment/library_path.dsv
[3.939s] -- Installing: /home/swati/Motion_Planning/MP_for_AV/src/MP_for_AV/install/vd_carla_msgs/lib/libvd_carla_msgs__rosidl_generator_c.so
[3.939s] -- Set non-toolchain portion of runtime path of "/home/swati/Motion_Planning/MP_for_AV/src/MP_for_AV/install/vd_carla_msgs/lib/libvd_carla_msgs__rosidl_generator_c.so" to ""
[3.939s] -- Up-to-date: /home/swati/Motion_Planning/MP_for_AV/src/MP_for_AV/install/vd_carla_msgs/include/vd_carla_msgs/vd_carla_msgs
[3.939s] -- Up-to-date: /home/swati/Motion_Planning/MP_for_AV/src/MP_for_AV/install/vd_carla_msgs/include/vd_carla_msgs/vd_carla_msgs/msg
[3.939s] -- Installing: /home/swati/Motion_Planning/MP_for_AV/src/MP_for_AV/install/vd_carla_msgs/include/vd_carla_msgs/vd_carla_msgs/msg/rosidl_typesupport_fastrtps_c__visibility_control.h
[3.939s] -- Up-to-date: /home/swati/Motion_Planning/MP_for_AV/src/MP_for_AV/install/vd_carla_msgs/include/vd_carla_msgs/vd_carla_msgs/msg/detail
[3.939s] -- Installing: /home/swati/Motion_Planning/MP_for_AV/src/MP_for_AV/install/vd_carla_msgs/include/vd_carla_msgs/vd_carla_msgs/msg/detail/carla_ego_vehicle_control__rosidl_typesupport_fastrtps_c.h
[3.939s] -- Installing: /home/swati/Motion_Planning/MP_for_AV/src/MP_for_AV/install/vd_carla_msgs/lib/libvd_carla_msgs__rosidl_typesupport_fastrtps_c.so
[3.939s] -- Set non-toolchain portion of runtime path of "/home/swati/Motion_Planning/MP_for_AV/src/MP_for_AV/install/vd_carla_msgs/lib/libvd_carla_msgs__rosidl_typesupport_fastrtps_c.so" to ""
[3.939s] -- Up-to-date: /home/swati/Motion_Planning/MP_for_AV/src/MP_for_AV/install/vd_carla_msgs/include/vd_carla_msgs/vd_carla_msgs
[3.939s] -- Up-to-date: /home/swati/Motion_Planning/MP_for_AV/src/MP_for_AV/install/vd_carla_msgs/include/vd_carla_msgs/vd_carla_msgs/msg
[3.939s] -- Installing: /home/swati/Motion_Planning/MP_for_AV/src/MP_for_AV/install/vd_carla_msgs/include/vd_carla_msgs/vd_carla_msgs/msg/carla_ego_vehicle_control.hpp
[3.939s] -- Up-to-date: /home/swati/Motion_Planning/MP_for_AV/src/MP_for_AV/install/vd_carla_msgs/include/vd_carla_msgs/vd_carla_msgs/msg/detail
[3.939s] -- Installing: /home/swati/Motion_Planning/MP_for_AV/src/MP_for_AV/install/vd_carla_msgs/include/vd_carla_msgs/vd_carla_msgs/msg/detail/carla_ego_vehicle_control__struct.hpp
[3.940s] -- Installing: /home/swati/Motion_Planning/MP_for_AV/src/MP_for_AV/install/vd_carla_msgs/include/vd_carla_msgs/vd_carla_msgs/msg/detail/carla_ego_vehicle_control__traits.hpp
[3.940s] -- Installing: /home/swati/Motion_Planning/MP_for_AV/src/MP_for_AV/install/vd_carla_msgs/include/vd_carla_msgs/vd_carla_msgs/msg/detail/carla_ego_vehicle_control__builder.hpp
[3.940s] -- Up-to-date: /home/swati/Motion_Planning/MP_for_AV/src/MP_for_AV/install/vd_carla_msgs/include/vd_carla_msgs/vd_carla_msgs
[3.940s] -- Up-to-date: /home/swati/Motion_Planning/MP_for_AV/src/MP_for_AV/install/vd_carla_msgs/include/vd_carla_msgs/vd_carla_msgs/msg
[3.940s] -- Installing: /home/swati/Motion_Planning/MP_for_AV/src/MP_for_AV/install/vd_carla_msgs/include/vd_carla_msgs/vd_carla_msgs/msg/rosidl_typesupport_fastrtps_cpp__visibility_control.h
[3.940s] -- Up-to-date: /home/swati/Motion_Planning/MP_for_AV/src/MP_for_AV/install/vd_carla_msgs/include/vd_carla_msgs/vd_carla_msgs/msg/detail
[3.940s] -- Installing: /home/swati/Motion_Planning/MP_for_AV/src/MP_for_AV/install/vd_carla_msgs/include/vd_carla_msgs/vd_carla_msgs/msg/detail/carla_ego_vehicle_control__rosidl_typesupport_fastrtps_cpp.hpp
[3.940s] -- Installing: /home/swati/Motion_Planning/MP_for_AV/src/MP_for_AV/install/vd_carla_msgs/include/vd_carla_msgs/vd_carla_msgs/msg/detail/dds_fastrtps
[3.940s] -- Installing: /home/swati/Motion_Planning/MP_for_AV/src/MP_for_AV/install/vd_carla_msgs/lib/libvd_carla_msgs__rosidl_typesupport_fastrtps_cpp.so
[3.940s] -- Set non-toolchain portion of runtime path of "/home/swati/Motion_Planning/MP_for_AV/src/MP_for_AV/install/vd_carla_msgs/lib/libvd_carla_msgs__rosidl_typesupport_fastrtps_cpp.so" to ""
[3.940s] -- Up-to-date: /home/swati/Motion_Planning/MP_for_AV/src/MP_for_AV/install/vd_carla_msgs/include/vd_carla_msgs/vd_carla_msgs
[3.940s] -- Up-to-date: /home/swati/Motion_Planning/MP_for_AV/src/MP_for_AV/install/vd_carla_msgs/include/vd_carla_msgs/vd_carla_msgs/msg
[3.940s] -- Installing: /home/swati/Motion_Planning/MP_for_AV/src/MP_for_AV/install/vd_carla_msgs/include/vd_carla_msgs/vd_carla_msgs/msg/rosidl_typesupport_introspection_c__visibility_control.h
[3.940s] -- Up-to-date: /home/swati/Motion_Planning/MP_for_AV/src/MP_for_AV/install/vd_carla_msgs/include/vd_carla_msgs/vd_carla_msgs/msg/detail
[3.940s] -- Installing: /home/swati/Motion_Planning/MP_for_AV/src/MP_for_AV/install/vd_carla_msgs/include/vd_carla_msgs/vd_carla_msgs/msg/detail/carla_ego_vehicle_control__rosidl_typesupport_introspection_c.h
[3.940s] -- Installing: /home/swati/Motion_Planning/MP_for_AV/src/MP_for_AV/install/vd_carla_msgs/include/vd_carla_msgs/vd_carla_msgs/msg/detail/carla_ego_vehicle_control__type_support.c
[3.940s] -- Installing: /home/swati/Motion_Planning/MP_for_AV/src/MP_for_AV/install/vd_carla_msgs/lib/libvd_carla_msgs__rosidl_typesupport_introspection_c.so
[3.940s] -- Set non-toolchain portion of runtime path of "/home/swati/Motion_Planning/MP_for_AV/src/MP_for_AV/install/vd_carla_msgs/lib/libvd_carla_msgs__rosidl_typesupport_introspection_c.so" to ""
[3.940s] -- Installing: /home/swati/Motion_Planning/MP_for_AV/src/MP_for_AV/install/vd_carla_msgs/lib/libvd_carla_msgs__rosidl_typesupport_c.so
[3.940s] -- Set non-toolchain portion of runtime path of "/home/swati/Motion_Planning/MP_for_AV/src/MP_for_AV/install/vd_carla_msgs/lib/libvd_carla_msgs__rosidl_typesupport_c.so" to ""
[3.941s] -- Up-to-date: /home/swati/Motion_Planning/MP_for_AV/src/MP_for_AV/install/vd_carla_msgs/include/vd_carla_msgs/vd_carla_msgs
[3.941s] -- Up-to-date: /home/swati/Motion_Planning/MP_for_AV/src/MP_for_AV/install/vd_carla_msgs/include/vd_carla_msgs/vd_carla_msgs/msg
[3.941s] -- Up-to-date: /home/swati/Motion_Planning/MP_for_AV/src/MP_for_AV/install/vd_carla_msgs/include/vd_carla_msgs/vd_carla_msgs/msg/detail
[3.941s] -- Installing: /home/swati/Motion_Planning/MP_for_AV/src/MP_for_AV/install/vd_carla_msgs/include/vd_carla_msgs/vd_carla_msgs/msg/detail/carla_ego_vehicle_control__rosidl_typesupport_introspection_cpp.hpp
[3.941s] -- Installing: /home/swati/Motion_Planning/MP_for_AV/src/MP_for_AV/install/vd_carla_msgs/include/vd_carla_msgs/vd_carla_msgs/msg/detail/carla_ego_vehicle_control__type_support.cpp
[3.941s] -- Installing: /home/swati/Motion_Planning/MP_for_AV/src/MP_for_AV/install/vd_carla_msgs/lib/libvd_carla_msgs__rosidl_typesupport_introspection_cpp.so
[3.941s] -- Set non-toolchain portion of runtime path of "/home/swati/Motion_Planning/MP_for_AV/src/MP_for_AV/install/vd_carla_msgs/lib/libvd_carla_msgs__rosidl_typesupport_introspection_cpp.so" to ""
[3.941s] -- Installing: /home/swati/Motion_Planning/MP_for_AV/src/MP_for_AV/install/vd_carla_msgs/lib/libvd_carla_msgs__rosidl_typesupport_cpp.so
[3.941s] -- Set non-toolchain portion of runtime path of "/home/swati/Motion_Planning/MP_for_AV/src/MP_for_AV/install/vd_carla_msgs/lib/libvd_carla_msgs__rosidl_typesupport_cpp.so" to ""
[3.941s] -- Installing: /home/swati/Motion_Planning/MP_for_AV/src/MP_for_AV/install/vd_carla_msgs/share/vd_carla_msgs/environment/pythonpath.sh
[3.941s] -- Installing: /home/swati/Motion_Planning/MP_for_AV/src/MP_for_AV/install/vd_carla_msgs/share/vd_carla_msgs/environment/pythonpath.dsv
[3.941s] -- Installing: /home/swati/Motion_Planning/MP_for_AV/src/MP_for_AV/install/vd_carla_msgs/local/lib/python3.10/dist-packages/vd_carla_msgs-0.0.0-py3.10.egg-info
[3.941s] -- Installing: /home/swati/Motion_Planning/MP_for_AV/src/MP_for_AV/install/vd_carla_msgs/local/lib/python3.10/dist-packages/vd_carla_msgs-0.0.0-py3.10.egg-info/top_level.txt
[3.941s] -- Installing: /home/swati/Motion_Planning/MP_for_AV/src/MP_for_AV/install/vd_carla_msgs/local/lib/python3.10/dist-packages/vd_carla_msgs-0.0.0-py3.10.egg-info/PKG-INFO
[3.942s] -- Installing: /home/swati/Motion_Planning/MP_for_AV/src/MP_for_AV/install/vd_carla_msgs/local/lib/python3.10/dist-packages/vd_carla_msgs-0.0.0-py3.10.egg-info/SOURCES.txt
[3.942s] -- Installing: /home/swati/Motion_Planning/MP_for_AV/src/MP_for_AV/install/vd_carla_msgs/local/lib/python3.10/dist-packages/vd_carla_msgs-0.0.0-py3.10.egg-info/dependency_links.txt
[3.942s] -- Installing: /home/swati/Motion_Planning/MP_for_AV/src/MP_for_AV/install/vd_carla_msgs/local/lib/python3.10/dist-packages/vd_carla_msgs
[3.942s] -- Installing: /home/swati/Motion_Planning/MP_for_AV/src/MP_for_AV/install/vd_carla_msgs/local/lib/python3.10/dist-packages/vd_carla_msgs/vd_carla_msgs_s__rosidl_typesupport_introspection_c.cpython-310-x86_64-linux-gnu.so
[3.942s] -- Installing: /home/swati/Motion_Planning/MP_for_AV/src/MP_for_AV/install/vd_carla_msgs/local/lib/python3.10/dist-packages/vd_carla_msgs/vd_carla_msgs_s__rosidl_typesupport_c.cpython-310-x86_64-linux-gnu.so
[3.942s] -- Installing: /home/swati/Motion_Planning/MP_for_AV/src/MP_for_AV/install/vd_carla_msgs/local/lib/python3.10/dist-packages/vd_carla_msgs/vd_carla_msgs_s__rosidl_typesupport_fastrtps_c.cpython-310-x86_64-linux-gnu.so
[3.942s] -- Installing: /home/swati/Motion_Planning/MP_for_AV/src/MP_for_AV/install/vd_carla_msgs/local/lib/python3.10/dist-packages/vd_carla_msgs/libvd_carla_msgs__rosidl_generator_py.so
[3.942s] -- Installing: /home/swati/Motion_Planning/MP_for_AV/src/MP_for_AV/install/vd_carla_msgs/local/lib/python3.10/dist-packages/vd_carla_msgs/__init__.py
[3.942s] -- Installing: /home/swati/Motion_Planning/MP_for_AV/src/MP_for_AV/install/vd_carla_msgs/local/lib/python3.10/dist-packages/vd_carla_msgs/_vd_carla_msgs_s.ep.rosidl_typesupport_fastrtps_c.c
[3.942s] -- Installing: /home/swati/Motion_Planning/MP_for_AV/src/MP_for_AV/install/vd_carla_msgs/local/lib/python3.10/dist-packages/vd_carla_msgs/msg
[3.942s] -- Installing: /home/swati/Motion_Planning/MP_for_AV/src/MP_for_AV/install/vd_carla_msgs/local/lib/python3.10/dist-packages/vd_carla_msgs/msg/_carla_ego_vehicle_control.py
[3.942s] -- Installing: /home/swati/Motion_Planning/MP_for_AV/src/MP_for_AV/install/vd_carla_msgs/local/lib/python3.10/dist-packages/vd_carla_msgs/msg/__init__.py
[3.942s] -- Installing: /home/swati/Motion_Planning/MP_for_AV/src/MP_for_AV/install/vd_carla_msgs/local/lib/python3.10/dist-packages/vd_carla_msgs/msg/_carla_ego_vehicle_control_s.c
[3.942s] -- Installing: /home/swati/Motion_Planning/MP_for_AV/src/MP_for_AV/install/vd_carla_msgs/local/lib/python3.10/dist-packages/vd_carla_msgs/_vd_carla_msgs_s.ep.rosidl_typesupport_c.c
[3.942s] -- Installing: /home/swati/Motion_Planning/MP_for_AV/src/MP_for_AV/install/vd_carla_msgs/local/lib/python3.10/dist-packages/vd_carla_msgs/_vd_carla_msgs_s.ep.rosidl_typesupport_introspection_c.c
[3.968s] Listing '/home/swati/Motion_Planning/MP_for_AV/src/MP_for_AV/install/vd_carla_msgs/local/lib/python3.10/dist-packages/vd_carla_msgs'...
[3.969s] Compiling '/home/swati/Motion_Planning/MP_for_AV/src/MP_for_AV/install/vd_carla_msgs/local/lib/python3.10/dist-packages/vd_carla_msgs/__init__.py'...
[3.969s] Listing '/home/swati/Motion_Planning/MP_for_AV/src/MP_for_AV/install/vd_carla_msgs/local/lib/python3.10/dist-packages/vd_carla_msgs/msg'...
[3.969s] Compiling '/home/swati/Motion_Planning/MP_for_AV/src/MP_for_AV/install/vd_carla_msgs/local/lib/python3.10/dist-packages/vd_carla_msgs/msg/__init__.py'...
[3.969s] Compiling '/home/swati/Motion_Planning/MP_for_AV/src/MP_for_AV/install/vd_carla_msgs/local/lib/python3.10/dist-packages/vd_carla_msgs/msg/_carla_ego_vehicle_control.py'...
[3.972s] -- Installing: /home/swati/Motion_Planning/MP_for_AV/src/MP_for_AV/install/vd_carla_msgs/local/lib/python3.10/dist-packages/vd_carla_msgs/vd_carla_msgs_s__rosidl_typesupport_fastrtps_c.cpython-310-x86_64-linux-gnu.so
[3.972s] -- Set non-toolchain portion of runtime path of "/home/swati/Motion_Planning/MP_for_AV/src/MP_for_AV/install/vd_carla_msgs/local/lib/python3.10/dist-packages/vd_carla_msgs/vd_carla_msgs_s__rosidl_typesupport_fastrtps_c.cpython-310-x86_64-linux-gnu.so" to ""
[3.972s] -- Installing: /home/swati/Motion_Planning/MP_for_AV/src/MP_for_AV/install/vd_carla_msgs/local/lib/python3.10/dist-packages/vd_carla_msgs/vd_carla_msgs_s__rosidl_typesupport_introspection_c.cpython-310-x86_64-linux-gnu.so
[3.972s] -- Set non-toolchain portion of runtime path of "/home/swati/Motion_Planning/MP_for_AV/src/MP_for_AV/install/vd_carla_msgs/local/lib/python3.10/dist-packages/vd_carla_msgs/vd_carla_msgs_s__rosidl_typesupport_introspection_c.cpython-310-x86_64-linux-gnu.so" to ""
[3.972s] -- Installing: /home/swati/Motion_Planning/MP_for_AV/src/MP_for_AV/install/vd_carla_msgs/local/lib/python3.10/dist-packages/vd_carla_msgs/vd_carla_msgs_s__rosidl_typesupport_c.cpython-310-x86_64-linux-gnu.so
[3.972s] -- Set non-toolchain portion of runtime path of "/home/swati/Motion_Planning/MP_for_AV/src/MP_for_AV/install/vd_carla_msgs/local/lib/python3.10/dist-packages/vd_carla_msgs/vd_carla_msgs_s__rosidl_typesupport_c.cpython-310-x86_64-linux-gnu.so" to ""
[3.972s] -- Installing: /home/swati/Motion_Planning/MP_for_AV/src/MP_for_AV/install/vd_carla_msgs/lib/libvd_carla_msgs__rosidl_generator_py.so
[3.973s] -- Set non-toolchain portion of runtime path of "/home/swati/Motion_Planning/MP_for_AV/src/MP_for_AV/install/vd_carla_msgs/lib/libvd_carla_msgs__rosidl_generator_py.so" to ""
[3.973s] -- Installing: /home/swati/Motion_Planning/MP_for_AV/src/MP_for_AV/install/vd_carla_msgs/share/vd_carla_msgs/msg/CarlaEgoVehicleControl.idl
[3.973s] -- Installing: /home/swati/Motion_Planning/MP_for_AV/src/MP_for_AV/install/vd_carla_msgs/share/vd_carla_msgs/msg/CarlaEgoVehicleControl.msg
[3.973s] -- Installing: /home/swati/Motion_Planning/MP_for_AV/src/MP_for_AV/install/vd_carla_msgs/share/ament_index/resource_index/package_run_dependencies/vd_carla_msgs
[3.973s] -- Installing: /home/swati/Motion_Planning/MP_for_AV/src/MP_for_AV/install/vd_carla_msgs/share/ament_index/resource_index/parent_prefix_path/vd_carla_msgs
[3.973s] -- Installing: /home/swati/Motion_Planning/MP_for_AV/src/MP_for_AV/install/vd_carla_msgs/share/vd_carla_msgs/environment/ament_prefix_path.sh
[3.973s] -- Installing: /home/swati/Motion_Planning/MP_for_AV/src/MP_for_AV/install/vd_carla_msgs/share/vd_carla_msgs/environment/ament_prefix_path.dsv
[3.973s] -- Installing: /home/swati/Motion_Planning/MP_for_AV/src/MP_for_AV/install/vd_carla_msgs/share/vd_carla_msgs/environment/path.sh
[3.973s] -- Installing: /home/swati/Motion_Planning/MP_for_AV/src/MP_for_AV/install/vd_carla_msgs/share/vd_carla_msgs/environment/path.dsv
[3.974s] -- Installing: /home/swati/Motion_Planning/MP_for_AV/src/MP_for_AV/install/vd_carla_msgs/share/vd_carla_msgs/local_setup.bash
[3.974s] -- Installing: /home/swati/Motion_Planning/MP_for_AV/src/MP_for_AV/install/vd_carla_msgs/share/vd_carla_msgs/local_setup.sh
[3.974s] -- Installing: /home/swati/Motion_Planning/MP_for_AV/src/MP_for_AV/install/vd_carla_msgs/share/vd_carla_msgs/local_setup.zsh
[3.974s] -- Installing: /home/swati/Motion_Planning/MP_for_AV/src/MP_for_AV/install/vd_carla_msgs/share/vd_carla_msgs/local_setup.dsv
[3.974s] -- Installing: /home/swati/Motion_Planning/MP_for_AV/src/MP_for_AV/install/vd_carla_msgs/share/vd_carla_msgs/package.dsv
[3.974s] -- Installing: /home/swati/Motion_Planning/MP_for_AV/src/MP_for_AV/install/vd_carla_msgs/share/ament_index/resource_index/packages/vd_carla_msgs
[3.974s] -- Installing: /home/swati/Motion_Planning/MP_for_AV/src/MP_for_AV/install/vd_carla_msgs/share/vd_carla_msgs/cmake/export_vd_carla_msgs__rosidl_generator_cExport.cmake
[3.974s] -- Installing: /home/swati/Motion_Planning/MP_for_AV/src/MP_for_AV/install/vd_carla_msgs/share/vd_carla_msgs/cmake/export_vd_carla_msgs__rosidl_generator_cExport-noconfig.cmake
[3.974s] -- Installing: /home/swati/Motion_Planning/MP_for_AV/src/MP_for_AV/install/vd_carla_msgs/share/vd_carla_msgs/cmake/export_vd_carla_msgs__rosidl_typesupport_fastrtps_cExport.cmake
[3.974s] -- Installing: /home/swati/Motion_Planning/MP_for_AV/src/MP_for_AV/install/vd_carla_msgs/share/vd_carla_msgs/cmake/export_vd_carla_msgs__rosidl_typesupport_fastrtps_cExport-noconfig.cmake
[3.975s] -- Installing: /home/swati/Motion_Planning/MP_for_AV/src/MP_for_AV/install/vd_carla_msgs/share/vd_carla_msgs/cmake/export_vd_carla_msgs__rosidl_generator_cppExport.cmake
[3.975s] -- Installing: /home/swati/Motion_Planning/MP_for_AV/src/MP_for_AV/install/vd_carla_msgs/share/vd_carla_msgs/cmake/export_vd_carla_msgs__rosidl_typesupport_fastrtps_cppExport.cmake
[3.975s] -- Installing: /home/swati/Motion_Planning/MP_for_AV/src/MP_for_AV/install/vd_carla_msgs/share/vd_carla_msgs/cmake/export_vd_carla_msgs__rosidl_typesupport_fastrtps_cppExport-noconfig.cmake
[3.975s] -- Installing: /home/swati/Motion_Planning/MP_for_AV/src/MP_for_AV/install/vd_carla_msgs/share/vd_carla_msgs/cmake/vd_carla_msgs__rosidl_typesupport_introspection_cExport.cmake
[3.975s] -- Installing: /home/swati/Motion_Planning/MP_for_AV/src/MP_for_AV/install/vd_carla_msgs/share/vd_carla_msgs/cmake/vd_carla_msgs__rosidl_typesupport_introspection_cExport-noconfig.cmake
[3.975s] -- Installing: /home/swati/Motion_Planning/MP_for_AV/src/MP_for_AV/install/vd_carla_msgs/share/vd_carla_msgs/cmake/vd_carla_msgs__rosidl_typesupport_cExport.cmake
[3.975s] -- Installing: /home/swati/Motion_Planning/MP_for_AV/src/MP_for_AV/install/vd_carla_msgs/share/vd_carla_msgs/cmake/vd_carla_msgs__rosidl_typesupport_cExport-noconfig.cmake
[3.975s] -- Installing: /home/swati/Motion_Planning/MP_for_AV/src/MP_for_AV/install/vd_carla_msgs/share/vd_carla_msgs/cmake/vd_carla_msgs__rosidl_typesupport_introspection_cppExport.cmake
[3.975s] -- Installing: /home/swati/Motion_Planning/MP_for_AV/src/MP_for_AV/install/vd_carla_msgs/share/vd_carla_msgs/cmake/vd_carla_msgs__rosidl_typesupport_introspection_cppExport-noconfig.cmake
[3.975s] -- Installing: /home/swati/Motion_Planning/MP_for_AV/src/MP_for_AV/install/vd_carla_msgs/share/vd_carla_msgs/cmake/vd_carla_msgs__rosidl_typesupport_cppExport.cmake
[3.975s] -- Installing: /home/swati/Motion_Planning/MP_for_AV/src/MP_for_AV/install/vd_carla_msgs/share/vd_carla_msgs/cmake/vd_carla_msgs__rosidl_typesupport_cppExport-noconfig.cmake
[3.975s] -- Installing: /home/swati/Motion_Planning/MP_for_AV/src/MP_for_AV/install/vd_carla_msgs/share/vd_carla_msgs/cmake/export_vd_carla_msgs__rosidl_generator_pyExport.cmake
[3.975s] -- Installing: /home/swati/Motion_Planning/MP_for_AV/src/MP_for_AV/install/vd_carla_msgs/share/vd_carla_msgs/cmake/export_vd_carla_msgs__rosidl_generator_pyExport-noconfig.cmake
[3.975s] -- Installing: /home/swati/Motion_Planning/MP_for_AV/src/MP_for_AV/install/vd_carla_msgs/share/vd_carla_msgs/cmake/rosidl_cmake-extras.cmake
[3.975s] -- Installing: /home/swati/Motion_Planning/MP_for_AV/src/MP_for_AV/install/vd_carla_msgs/share/vd_carla_msgs/cmake/ament_cmake_export_dependencies-extras.cmake
[3.975s] -- Installing: /home/swati/Motion_Planning/MP_for_AV/src/MP_for_AV/install/vd_carla_msgs/share/vd_carla_msgs/cmake/ament_cmake_export_include_directories-extras.cmake
[3.975s] -- Installing: /home/swati/Motion_Planning/MP_for_AV/src/MP_for_AV/install/vd_carla_msgs/share/vd_carla_msgs/cmake/ament_cmake_export_libraries-extras.cmake
[3.976s] -- Installing: /home/swati/Motion_Planning/MP_for_AV/src/MP_for_AV/install/vd_carla_msgs/share/vd_carla_msgs/cmake/ament_cmake_export_targets-extras.cmake
[3.976s] -- Installing: /home/swati/Motion_Planning/MP_for_AV/src/MP_for_AV/install/vd_carla_msgs/share/vd_carla_msgs/cmake/rosidl_cmake_export_typesupport_targets-extras.cmake
[3.976s] -- Installing: /home/swati/Motion_Planning/MP_for_AV/src/MP_for_AV/install/vd_carla_msgs/share/vd_carla_msgs/cmake/rosidl_cmake_export_typesupport_libraries-extras.cmake
[3.976s] -- Installing: /home/swati/Motion_Planning/MP_for_AV/src/MP_for_AV/install/vd_carla_msgs/share/vd_carla_msgs/cmake/vd_carla_msgsConfig.cmake
[3.976s] -- Installing: /home/swati/Motion_Planning/MP_for_AV/src/MP_for_AV/install/vd_carla_msgs/share/vd_carla_msgs/cmake/vd_carla_msgsConfig-version.cmake
[3.976s] -- Installing: /home/swati/Motion_Planning/MP_for_AV/src/MP_for_AV/install/vd_carla_msgs/share/vd_carla_msgs/package.xml
[3.977s] Invoked command in '/home/swati/Motion_Planning/MP_for_AV/src/MP_for_AV/build/vd_carla_msgs' returned '0': CMAKE_PREFIX_PATH=/opt/ros/humble /opt/cmake-3.28.3-linux-x86_64/bin/cmake --install /home/swati/Motion_Planning/MP_for_AV/src/MP_for_AV/build/vd_carla_msgs
