running egg_info
creating ../build/vd_pid_controller/vd_pid_controller.egg-info
writing ../build/vd_pid_controller/vd_pid_controller.egg-info/PKG-INFO
writing dependency_links to ../build/vd_pid_controller/vd_pid_controller.egg-info/dependency_links.txt
writing entry points to ../build/vd_pid_controller/vd_pid_controller.egg-info/entry_points.txt
writing requirements to ../build/vd_pid_controller/vd_pid_controller.egg-info/requires.txt
writing top-level names to ../build/vd_pid_controller/vd_pid_controller.egg-info/top_level.txt
writing manifest file '../build/vd_pid_controller/vd_pid_controller.egg-info/SOURCES.txt'
reading manifest file '../build/vd_pid_controller/vd_pid_controller.egg-info/SOURCES.txt'
adding license file 'LICENSE'
writing manifest file '../build/vd_pid_controller/vd_pid_controller.egg-info/SOURCES.txt'
running build
running build_py
creating /home/swati/Motion_Planning/MP_for_AV/src/MP_for_AV/build/vd_pid_controller/build/lib/vd_pid_controller
copying vd_pid_controller/pid_controller_node.py -> /home/swati/Motion_Planning/MP_for_AV/src/MP_for_AV/build/vd_pid_controller/build/lib/vd_pid_controller
copying vd_pid_controller/test_control_nodel.py -> /home/swati/Motion_Planning/MP_for_AV/src/MP_for_AV/build/vd_pid_controller/build/lib/vd_pid_controller
copying vd_pid_controller/test_node.py -> /home/swati/Motion_Planning/MP_for_AV/src/MP_for_AV/build/vd_pid_controller/build/lib/vd_pid_controller
copying vd_pid_controller/__init__.py -> /home/swati/Motion_Planning/MP_for_AV/src/MP_for_AV/build/vd_pid_controller/build/lib/vd_pid_controller
running install
running install_lib
creating /home/swati/Motion_Planning/MP_for_AV/src/MP_for_AV/install/vd_pid_controller/lib/python3.10/site-packages/vd_pid_controller
copying /home/swati/Motion_Planning/MP_for_AV/src/MP_for_AV/build/vd_pid_controller/build/lib/vd_pid_controller/pid_controller_node.py -> /home/swati/Motion_Planning/MP_for_AV/src/MP_for_AV/install/vd_pid_controller/lib/python3.10/site-packages/vd_pid_controller
copying /home/swati/Motion_Planning/MP_for_AV/src/MP_for_AV/build/vd_pid_controller/build/lib/vd_pid_controller/test_control_nodel.py -> /home/swati/Motion_Planning/MP_for_AV/src/MP_for_AV/install/vd_pid_controller/lib/python3.10/site-packages/vd_pid_controller
copying /home/swati/Motion_Planning/MP_for_AV/src/MP_for_AV/build/vd_pid_controller/build/lib/vd_pid_controller/test_node.py -> /home/swati/Motion_Planning/MP_for_AV/src/MP_for_AV/install/vd_pid_controller/lib/python3.10/site-packages/vd_pid_controller
copying /home/swati/Motion_Planning/MP_for_AV/src/MP_for_AV/build/vd_pid_controller/build/lib/vd_pid_controller/__init__.py -> /home/swati/Motion_Planning/MP_for_AV/src/MP_for_AV/install/vd_pid_controller/lib/python3.10/site-packages/vd_pid_controller
byte-compiling /home/swati/Motion_Planning/MP_for_AV/src/MP_for_AV/install/vd_pid_controller/lib/python3.10/site-packages/vd_pid_controller/pid_controller_node.py to pid_controller_node.cpython-310.pyc
byte-compiling /home/swati/Motion_Planning/MP_for_AV/src/MP_for_AV/install/vd_pid_controller/lib/python3.10/site-packages/vd_pid_controller/test_control_nodel.py to test_control_nodel.cpython-310.pyc
byte-compiling /home/swati/Motion_Planning/MP_for_AV/src/MP_for_AV/install/vd_pid_controller/lib/python3.10/site-packages/vd_pid_controller/test_node.py to test_node.cpython-310.pyc
byte-compiling /home/swati/Motion_Planning/MP_for_AV/src/MP_for_AV/install/vd_pid_controller/lib/python3.10/site-packages/vd_pid_controller/__init__.py to __init__.cpython-310.pyc
running install_data
creating /home/swati/Motion_Planning/MP_for_AV/src/MP_for_AV/install/vd_pid_controller/share/ament_index/resource_index/packages
copying resource/vd_pid_controller -> /home/swati/Motion_Planning/MP_for_AV/src/MP_for_AV/install/vd_pid_controller/share/ament_index/resource_index/packages
copying package.xml -> /home/swati/Motion_Planning/MP_for_AV/src/MP_for_AV/install/vd_pid_controller/share/vd_pid_controller
running install_egg_info
Copying ../build/vd_pid_controller/vd_pid_controller.egg-info to /home/swati/Motion_Planning/MP_for_AV/src/MP_for_AV/install/vd_pid_controller/lib/python3.10/site-packages/vd_pid_controller-0.0.0-py3.10.egg-info
running install_scripts
Installing pid_controller_node script to /home/swati/Motion_Planning/MP_for_AV/src/MP_for_AV/install/vd_pid_controller/lib/vd_pid_controller
writing list of installed files to '/home/swati/Motion_Planning/MP_for_AV/src/MP_for_AV/build/vd_pid_controller/install.log'
