[0.623s] Invoking command in '/home/swati/Motion_Planning/MP_for_AV/src/MP_for_AV/vd_pid_controller': AMENT_PREFIX_PATH=/home/swati/Motion_Planning/MP_for_AV/src/MP_for_AV/install/vd_msgs:/home/swati/Motion_Planning/MP_for_AV/src/MP_for_AV/install/vd_carla_msgs:${AMENT_PREFIX_PATH} CMAKE_PREFIX_PATH=/home/swati/Motion_Planning/MP_for_AV/src/MP_for_AV/install/vd_msgs:/home/swati/Motion_Planning/MP_for_AV/src/MP_for_AV/install/vd_carla_msgs LD_LIBRARY_PATH=/home/swati/Motion_Planning/MP_for_AV/src/MP_for_AV/install/vd_msgs/lib:/home/swati/Motion_Planning/MP_for_AV/src/MP_for_AV/install/vd_carla_msgs/lib:/opt/hsl/ma27:/usr/lib/x86_64-linux-gnu/gazebo-11/plugins:/opt/ros/humble/opt/rviz_ogre_vendor/lib:/opt/ros/humble/lib/x86_64-linux-gnu:/opt/ros/humble/lib:/usr/share/gazebo/../../lib/x86_64-linux-gnu/gazebo-11/plugins:/home/swati/acados/lib:/home/swati/acados/mpcenv/lib:/home/swati/.casadi_cpp/lib:/opt/hsl/lib PYTHONPATH=/home/swati/Motion_Planning/MP_for_AV/src/MP_for_AV/build/vd_pid_controller/prefix_override:/usr/lib/python3/dist-packages/colcon_core/task/python/colcon_distutils_commands:/home/swati/Motion_Planning/MP_for_AV/src/MP_for_AV/install/vd_pid_controller/lib/python3.10/site-packages:/home/swati/Motion_Planning/MP_for_AV/src/MP_for_AV/install/vd_msgs/local/lib/python3.10/dist-packages:/home/swati/Motion_Planning/MP_for_AV/src/MP_for_AV/install/vd_carla_msgs/local/lib/python3.10/dist-packages:${PYTHONPATH} /usr/bin/python3 -W ignore:setup.py install is deprecated setup.py egg_info --egg-base ../build/vd_pid_controller build --build-base /home/swati/Motion_Planning/MP_for_AV/src/MP_for_AV/build/vd_pid_controller/build install --record /home/swati/Motion_Planning/MP_for_AV/src/MP_for_AV/build/vd_pid_controller/install.log --single-version-externally-managed install_data
[0.727s] /home/swati/.local/lib/python3.10/site-packages/setuptools/_distutils/dist.py:261: UserWarning: Unknown distribution option: 'tests_require'
[0.727s]   warnings.warn(msg)
[0.812s] running egg_info
[0.823s] creating ../build/vd_pid_controller/vd_pid_controller.egg-info
[0.823s] writing ../build/vd_pid_controller/vd_pid_controller.egg-info/PKG-INFO
[0.823s] writing dependency_links to ../build/vd_pid_controller/vd_pid_controller.egg-info/dependency_links.txt
[0.823s] writing entry points to ../build/vd_pid_controller/vd_pid_controller.egg-info/entry_points.txt
[0.823s] writing requirements to ../build/vd_pid_controller/vd_pid_controller.egg-info/requires.txt
[0.823s] writing top-level names to ../build/vd_pid_controller/vd_pid_controller.egg-info/top_level.txt
[0.823s] writing manifest file '../build/vd_pid_controller/vd_pid_controller.egg-info/SOURCES.txt'
[0.856s] reading manifest file '../build/vd_pid_controller/vd_pid_controller.egg-info/SOURCES.txt'
[0.856s] adding license file 'LICENSE'
[0.857s] writing manifest file '../build/vd_pid_controller/vd_pid_controller.egg-info/SOURCES.txt'
[0.857s] running build
[0.857s] running build_py
[0.857s] creating /home/swati/Motion_Planning/MP_for_AV/src/MP_for_AV/build/vd_pid_controller/build/lib/vd_pid_controller
[0.857s] copying vd_pid_controller/pid_controller_node.py -> /home/swati/Motion_Planning/MP_for_AV/src/MP_for_AV/build/vd_pid_controller/build/lib/vd_pid_controller
[0.858s] copying vd_pid_controller/test_control_nodel.py -> /home/swati/Motion_Planning/MP_for_AV/src/MP_for_AV/build/vd_pid_controller/build/lib/vd_pid_controller
[0.858s] copying vd_pid_controller/test_node.py -> /home/swati/Motion_Planning/MP_for_AV/src/MP_for_AV/build/vd_pid_controller/build/lib/vd_pid_controller
[0.858s] copying vd_pid_controller/__init__.py -> /home/swati/Motion_Planning/MP_for_AV/src/MP_for_AV/build/vd_pid_controller/build/lib/vd_pid_controller
[0.858s] running install
[0.861s] running install_lib
[0.872s] creating /home/swati/Motion_Planning/MP_for_AV/src/MP_for_AV/install/vd_pid_controller/lib/python3.10/site-packages/vd_pid_controller
[0.872s] copying /home/swati/Motion_Planning/MP_for_AV/src/MP_for_AV/build/vd_pid_controller/build/lib/vd_pid_controller/pid_controller_node.py -> /home/swati/Motion_Planning/MP_for_AV/src/MP_for_AV/install/vd_pid_controller/lib/python3.10/site-packages/vd_pid_controller
[0.872s] copying /home/swati/Motion_Planning/MP_for_AV/src/MP_for_AV/build/vd_pid_controller/build/lib/vd_pid_controller/test_control_nodel.py -> /home/swati/Motion_Planning/MP_for_AV/src/MP_for_AV/install/vd_pid_controller/lib/python3.10/site-packages/vd_pid_controller
[0.872s] copying /home/swati/Motion_Planning/MP_for_AV/src/MP_for_AV/build/vd_pid_controller/build/lib/vd_pid_controller/test_node.py -> /home/swati/Motion_Planning/MP_for_AV/src/MP_for_AV/install/vd_pid_controller/lib/python3.10/site-packages/vd_pid_controller
[0.872s] copying /home/swati/Motion_Planning/MP_for_AV/src/MP_for_AV/build/vd_pid_controller/build/lib/vd_pid_controller/__init__.py -> /home/swati/Motion_Planning/MP_for_AV/src/MP_for_AV/install/vd_pid_controller/lib/python3.10/site-packages/vd_pid_controller
[0.873s] byte-compiling /home/swati/Motion_Planning/MP_for_AV/src/MP_for_AV/install/vd_pid_controller/lib/python3.10/site-packages/vd_pid_controller/pid_controller_node.py to pid_controller_node.cpython-310.pyc
[0.874s] byte-compiling /home/swati/Motion_Planning/MP_for_AV/src/MP_for_AV/install/vd_pid_controller/lib/python3.10/site-packages/vd_pid_controller/test_control_nodel.py to test_control_nodel.cpython-310.pyc
[0.874s] byte-compiling /home/swati/Motion_Planning/MP_for_AV/src/MP_for_AV/install/vd_pid_controller/lib/python3.10/site-packages/vd_pid_controller/test_node.py to test_node.cpython-310.pyc
[0.874s] byte-compiling /home/swati/Motion_Planning/MP_for_AV/src/MP_for_AV/install/vd_pid_controller/lib/python3.10/site-packages/vd_pid_controller/__init__.py to __init__.cpython-310.pyc
[0.874s] running install_data
[0.874s] creating /home/swati/Motion_Planning/MP_for_AV/src/MP_for_AV/install/vd_pid_controller/share/ament_index/resource_index/packages
[0.874s] copying resource/vd_pid_controller -> /home/swati/Motion_Planning/MP_for_AV/src/MP_for_AV/install/vd_pid_controller/share/ament_index/resource_index/packages
[0.875s] copying package.xml -> /home/swati/Motion_Planning/MP_for_AV/src/MP_for_AV/install/vd_pid_controller/share/vd_pid_controller
[0.875s] running install_egg_info
[0.886s] Copying ../build/vd_pid_controller/vd_pid_controller.egg-info to /home/swati/Motion_Planning/MP_for_AV/src/MP_for_AV/install/vd_pid_controller/lib/python3.10/site-packages/vd_pid_controller-0.0.0-py3.10.egg-info
[0.887s] running install_scripts
[0.974s] Installing pid_controller_node script to /home/swati/Motion_Planning/MP_for_AV/src/MP_for_AV/install/vd_pid_controller/lib/vd_pid_controller
[0.974s] writing list of installed files to '/home/swati/Motion_Planning/MP_for_AV/src/MP_for_AV/build/vd_pid_controller/install.log'
[0.994s] Invoked command in '/home/swati/Motion_Planning/MP_for_AV/src/MP_for_AV/vd_pid_controller' returned '0': AMENT_PREFIX_PATH=/home/swati/Motion_Planning/MP_for_AV/src/MP_for_AV/install/vd_msgs:/home/swati/Motion_Planning/MP_for_AV/src/MP_for_AV/install/vd_carla_msgs:${AMENT_PREFIX_PATH} CMAKE_PREFIX_PATH=/home/swati/Motion_Planning/MP_for_AV/src/MP_for_AV/install/vd_msgs:/home/swati/Motion_Planning/MP_for_AV/src/MP_for_AV/install/vd_carla_msgs LD_LIBRARY_PATH=/home/swati/Motion_Planning/MP_for_AV/src/MP_for_AV/install/vd_msgs/lib:/home/swati/Motion_Planning/MP_for_AV/src/MP_for_AV/install/vd_carla_msgs/lib:/opt/hsl/ma27:/usr/lib/x86_64-linux-gnu/gazebo-11/plugins:/opt/ros/humble/opt/rviz_ogre_vendor/lib:/opt/ros/humble/lib/x86_64-linux-gnu:/opt/ros/humble/lib:/usr/share/gazebo/../../lib/x86_64-linux-gnu/gazebo-11/plugins:/home/swati/acados/lib:/home/swati/acados/mpcenv/lib:/home/swati/.casadi_cpp/lib:/opt/hsl/lib PYTHONPATH=/home/swati/Motion_Planning/MP_for_AV/src/MP_for_AV/build/vd_pid_controller/prefix_override:/usr/lib/python3/dist-packages/colcon_core/task/python/colcon_distutils_commands:/home/swati/Motion_Planning/MP_for_AV/src/MP_for_AV/install/vd_pid_controller/lib/python3.10/site-packages:/home/swati/Motion_Planning/MP_for_AV/src/MP_for_AV/install/vd_msgs/local/lib/python3.10/dist-packages:/home/swati/Motion_Planning/MP_for_AV/src/MP_for_AV/install/vd_carla_msgs/local/lib/python3.10/dist-packages:${PYTHONPATH} /usr/bin/python3 -W ignore:setup.py install is deprecated setup.py egg_info --egg-base ../build/vd_pid_controller build --build-base /home/swati/Motion_Planning/MP_for_AV/src/MP_for_AV/build/vd_pid_controller/build install --record /home/swati/Motion_Planning/MP_for_AV/src/MP_for_AV/build/vd_pid_controller/install.log --single-version-externally-managed install_data
